 CoreServer

 Timestamp is 53ecd31c (Thu Aug 14 22:17:48 2014)

 Preferred load address is 10000000

 Start         Length     Name                   Class
 0001:00000000 00072cc2H .text                   CODE
 0001:00072cd0 00001edeH .text$x                 CODE
 0002:00000000 00000300H .idata$5                DATA
 0002:00000300 0000633cH .rdata                  DATA
 0002:00006640 0000017cH .rdata$r                DATA
 0002:000067c0 000024e0H .xdata$x                DATA
 0002:00008ca0 00000064H .idata$2                DATA
 0002:00008d04 00000014H .idata$3                DATA
 0002:00008d18 00000300H .idata$4                DATA
 0002:00009018 00001164H .idata$6                DATA
 0002:0000a180 00001521H .edata                  DATA
 0003:00000000 00000004H .CRT$XCA                DATA
 0003:00000004 00000100H .CRT$XCU                DATA
 0003:00000104 00000004H .CRT$XCZ                DATA
 0003:00000108 00000004H .CRT$XIA                DATA
 0003:0000010c 0000000cH .CRT$XIC                DATA
 0003:00000118 00000004H .CRT$XIY                DATA
 0003:0000011c 00000004H .CRT$XIZ                DATA
 0003:00000120 00000004H .CRT$XPA                DATA
 0003:00000124 00000004H .CRT$XPX                DATA
 0003:00000128 00000004H .CRT$XPZ                DATA
 0003:0000012c 00000004H .CRT$XTA                DATA
 0003:00000130 00000004H .CRT$XTB                DATA
 0003:00000134 00000004H .CRT$XTZ                DATA
 0003:00000140 000064ccH .data                   DATA
 0003:00006610 1557dc8cH .bss                    DATA

  Address         Publics by Value              Rva+Base     Lib:Object

 0001:00000000       ??_H@YGXPAXIHP6EX0@Z@Z     10001000 f i KPartnerSkill.obj
 0001:00000030       ?GetMoney@KInventory@@QAEHXZ 10001030 f i KThiefSkill.obj
 0001:00000040       ?SetMoney@KInventory@@QAEHH@Z 10001040 f i KThiefSkill.obj
 0001:00000060       ??4KInventory@@QAEAAV0@ABV0@@Z 10001060 f i KThiefSkill.obj
 0001:00000090       ?GetEquipment@KItemList@@QAEHH@Z 10001090 f i KThiefSkill.obj
 0001:000000a0       ?GetMoney@KItemList@@QAEHH@Z 100010a0 f i KThiefSkill.obj
 0001:000000c0       ?Hand@KItemList@@QAEHXZ    100010c0 f i KThiefSkill.obj
 0001:000000d0       ??4KItemList@@QAEAAV0@ABV0@@Z 100010d0 f i KThiefSkill.obj
 0001:000000f0       ??0KThiefSkill@@QAE@XZ     100010f0 f   KThiefSkill.obj
 0001:00000120       ?GetSkillCostType@KThiefSkill@@UBE?AW4NPCATTRIB@@XZ 10001120 f i KThiefSkill.obj
 0001:00000130       ?GetAttackRadius@KThiefSkill@@UBEHXZ 10001130 f i KThiefSkill.obj
 0001:00000140       ?IsTargetOnly@KThiefSkill@@UBEHXZ 10001140 f i KThiefSkill.obj
 0001:00000150       ?IsTargetEnemy@KThiefSkill@@UBEHXZ 10001150 f i KThiefSkill.obj
 0001:00000160       ?IsTargetAlly@KThiefSkill@@UBEHXZ 10001160 f i KThiefSkill.obj
 0001:00000170       ?IsTargetObj@KThiefSkill@@UBEHXZ 10001170 f i KThiefSkill.obj
 0001:00000180       ?IsTargetSelf@KThiefSkill@@UBEHXZ 10001180 f i KThiefSkill.obj
 0001:00000190       ??_GKThiefSkill@@UAEPAXI@Z 10001190 f i KThiefSkill.obj
 0001:00000190       ??_EKThiefSkill@@UAEPAXI@Z 10001190 f i KThiefSkill.obj
 0001:000001b0       ??1KThiefSkill@@UAE@XZ     100011b0 f   KThiefSkill.obj
 0001:000001c0       ?GetSkillId@KThiefSkill@@UAEHXZ 100011c0 f   KThiefSkill.obj
 0001:000001d0       ?GetSkillName@KThiefSkill@@UAEPBDXZ 100011d0 f   KThiefSkill.obj
 0001:000001e0       ?GetSkillStyle@KThiefSkill@@UAEHXZ 100011e0 f   KThiefSkill.obj
 0001:000001f0       ?LoadSkillLevelData@KThiefSkill@@UAEXKH@Z 100011f0 f   KThiefSkill.obj
 0001:00000200       ?DoSkill@KThiefSkill@@QAEHPAVKNpc@@HH@Z 10001200 f   KThiefSkill.obj
 0001:00000250       ?Cast_Redress@KThiefSkill@@AAEHPAVKPlayer@@0@Z 10001250 f   KThiefSkill.obj
 0001:00000450       ?Cast_ShowLife@KThiefSkill@@AAEHPAVKPlayer@@0@Z 10001450 f   KThiefSkill.obj
 0001:000004e0       ?Cast_ShowMana@KThiefSkill@@AAEHPAVKPlayer@@0@Z 100014e0 f   KThiefSkill.obj
 0001:00000570       ?Cast_ShowMoney@KThiefSkill@@AAEHPAVKPlayer@@0@Z 10001570 f   KThiefSkill.obj
 0001:000005f0       ?Cast_RunScript@KThiefSkill@@AAEHPAVKPlayer@@0@Z 100015f0 f   KThiefSkill.obj
 0001:00000630       ?Cast@KThiefSkill@@QAEHPAVKPlayer@@0@Z 10001630 f   KThiefSkill.obj
 0001:000006b0       ?OnSkill@KThiefSkill@@QAEHPAVKNpc@@@Z 100016b0 f   KThiefSkill.obj
 0001:000007d0       ?CanCastSkill@KThiefSkill@@UBEHHAAH0@Z 100017d0 f   KThiefSkill.obj
 0001:00000880       ?LoadSetting@KThiefSkill@@QAEHPAD@Z 10001880 f   KThiefSkill.obj
 0001:00000a80       ?GetSkillCost@KThiefSkill@@UBEHPAX@Z 10001a80 f   KThiefSkill.obj
 0001:00000aa0       ?IsAura@ISkill@@UBEHXZ     10001aa0 f i KThiefSkill.obj
 0001:00000ab0       ?IsPhysical@ISkill@@UBEHXZ 10001ab0 f i KThiefSkill.obj
 0001:00000ac0       ?IsSkillPhysics@ISkill@@UBEHXZ 10001ac0 f i KThiefSkill.obj
 0001:00000ad0       ?GetSkillLevelUpScriptId@ISkill@@UBEKXZ 10001ad0 f i KThiefSkill.obj
 0001:00000ae0       ??_GISkill@@UAEPAXI@Z      10001ae0 f i KThiefSkill.obj
 0001:00000ae0       ??_EISkill@@UAEPAXI@Z      10001ae0 f i KThiefSkill.obj
 0001:00000b00       ??0KMissleSet@@QAE@XZ      10001b00 f i KMissle.obj
 0001:00000b10       ??4KMissleSet@@QAEAAV0@ABV0@@Z 10001b10 f i KMissle.obj
 0001:00000b40       ??1KMissleSet@@QAE@XZ      10001b40 f i KMissle.obj
 0001:00000c50       ??0KMissle@@QAE@XZ         10001c50 f   KMissle.obj
 0001:00000cd0       ??_EKMissle@@UAEPAXI@Z     10001cd0 f i KMissle.obj
 0001:00000cd0       ??_GKMissle@@UAEPAXI@Z     10001cd0 f i KMissle.obj
 0001:00000cf0       ?Release@KMissle@@AAEXXZ   10001cf0 f   KMissle.obj
 0001:00000d50       ??1KMissle@@UAE@XZ         10001d50 f   KMissle.obj
 0001:00000d60       ??_EKNode@@UAEPAXI@Z       10001d60 f i KMissle.obj
 0001:00000d60       ??_GKNode@@UAEPAXI@Z       10001d60 f i KMissle.obj
 0001:00000d80       ?GetInfoFromTabFile@KMissle@@QAEHH@Z 10001d80 f   KMissle.obj
 0001:00000da0       ?GetInfoFromTabFile@KMissle@@QAEHPAVKITabFile@@H@Z 10001da0 f   KMissle.obj
 0001:00000fb0       ?Init@KMissle@@AAEHHHHHH@Z 10001fb0 f   KMissle.obj
 0001:00000fc0       ?Activate@KMissle@@QAEHXZ  10001fc0 f   KMissle.obj
 0001:000011b0       ??_GKIndexNode@@UAEPAXI@Z  100021b0 f i KMissle.obj
 0001:000011b0       ??_EKIndexNode@@UAEPAXI@Z  100021b0 f i KMissle.obj
 0001:000011d0       ??1KIndexNode@@UAE@XZ      100021d0 f i KMissle.obj
 0001:000011e0       ?OnWait@KMissle@@AAEXXZ    100021e0 f   KMissle.obj
 0001:000011f0       ?OnCollision@KMissle@@AAEXXZ 100021f0 f   KMissle.obj
 0001:00001200       ?CheckCollision@KMissle@@AAEHXZ 10002200 f   KMissle.obj
 0001:00001770       ?OnFly@KMissle@@AAEXXZ     10002770 f   KMissle.obj
 0001:000022f0       ?Send@KWorldMsg@@QAEHKHHH@Z 100032f0 f i KMissle.obj
 0001:00002360       ??_GKWorldMsgNode@@UAEPAXI@Z 10003360 f i KMissle.obj
 0001:00002360       ??_EKWorldMsgNode@@UAEPAXI@Z 10003360 f i KMissle.obj
 0001:00002380       ??1KWorldMsgNode@@UAE@XZ   10003380 f i KMissle.obj
 0001:00002390       ?OnVanish@KMissle@@AAEXXZ  10003390 f   KMissle.obj
 0001:000023a0       ?CheckBeyondRegion@KMissle@@AAEHHH@Z 100033a0 f   KMissle.obj
 0001:00002670       ??4KMissle@@AAEAAV0@AAV0@@Z 10003670 f   KMissle.obj
 0001:000027e0       ?ProcessDamage@KMissle@@AAEHH@Z 100037e0 f   KMissle.obj
 0001:00002900       ?DoVanish@KMissle@@AAEXXZ  10003900 f   KMissle.obj
 0001:000029b0       ?DoCollision@KMissle@@AAEXXZ 100039b0 f   KMissle.obj
 0001:00002a30       ?DoFly@KMissle@@AAEXXZ     10003a30 f   KMissle.obj
 0001:00002a50       ?GetOffsetAxis@KMissle@@SAHHHHHHHAAH00@Z 10003a50 f   KMissle.obj
 0001:00002b80       ?ProcessCollision@KMissle@@AAEHHHHHHH@Z 10003b80 f   KMissle.obj
 0001:00002dc0       ?ProcessCollision@KMissle@@AAEHXZ 10003dc0 f   KMissle.obj
 0001:00002e00       ?DoWait@KMissle@@AAEXXZ    10003e00 f   KMissle.obj
 0001:00002e10       ?PrePareFly@KMissle@@AAEHXZ 10003e10 f   KMissle.obj
 0001:000030c0       ?CheckNearestCollision@KMissle@@AAEHXZ 100040c0 f   KMissle.obj
 0001:00003350       ?GetMpsPos@KMissle@@QAEXPAH0@Z 10004350 f   KMissle.obj
 0001:000033f0       ?Init@KMissleSet@@QAEXXZ   100043f0 f   KMissleSet.obj
 0001:00003440       ?FindFree@KMissleSet@@QAEHXZ 10004440 f   KMissleSet.obj
 0001:00003450       ?Add@KMissleSet@@QAEHHHHHHH@Z 10004450 f   KMissleSet.obj
 0001:000034f0       ?Add@KMissleSet@@QAEHHHH@Z 100044f0 f   KMissleSet.obj
 0001:00003640       ?CreateMissile@KMissleSet@@QAEHHHHHHHHH@Z 10004640 f   KMissleSet.obj
 0001:00003670       ?Activate@KMissleSet@@QAEHXZ 10004670 f   KMissleSet.obj
 0001:000036a0       ?Remove@KMissleSet@@QAEXH@Z 100046a0 f   KMissleSet.obj
 0001:000036f0       ?Draw@KMissleSet@@QAEXXZ   100046f0 f   KMissleSet.obj
 0001:00003700       ?GetCount@KMissleSet@@QAEHXZ 10004700 f   KMissleSet.obj
 0001:00003720       ?ClearMissles@KMissleSet@@QAEXXZ 10004720 f   KMissleSet.obj
 0001:00003750       ??0KSkillList@@QAE@XZ      10004750 f   KSkillList.obj
 0001:00003770       ??1KSkillList@@QAE@XZ      10004770 f   KSkillList.obj
 0001:00003780       ?FindSame@KSkillList@@QAEHH@Z 10004780 f   KSkillList.obj
 0001:000037b0       ?FindFree@KSkillList@@QAEHXZ 100047b0 f   KSkillList.obj
 0001:000037d0       ?SetNpcSkill@KSkillList@@QAEXHHH@Z 100047d0 f   KSkillList.obj
 0001:00003820       ?RemoveNpcSkill@KSkillList@@QAEXH@Z 10004820 f   KSkillList.obj
 0001:00003850       ?GetCount@KSkillList@@QAEHXZ 10004850 f   KSkillList.obj
 0001:00003870       ?IncreaseLevel@KSkillList@@QAEHHH@Z 10004870 f   KSkillList.obj
 0001:00003af0       ?Add@KSkillList@@QAEHHH@Z  10004af0 f   KSkillList.obj
 0001:00003d60       ?GetLevel@KSkillList@@QAEHH@Z 10004d60 f   KSkillList.obj
 0001:00003d90       ?GetSupportPercent@KSkillList@@QAEHH@Z 10004d90 f   KSkillList.obj
 0001:00003e40       ?SetSkillCurExp@KSkillList@@QAEXHH@Z 10004e40 f   KSkillList.obj
 0001:00003e70       ?SetSkillExp@KSkillList@@QAEXHH@Z 10004e70 f   KSkillList.obj
 0001:00003ea0       ?GetCurrentLevel@KSkillList@@QAEHH@Z 10004ea0 f   KSkillList.obj
 0001:00003ed0       ?CanCast@KSkillList@@QAEHHK@Z 10004ed0 f   KSkillList.obj
 0001:00003f10       ?SetNextCastTime@KSkillList@@QAEXHKH@Z 10004f10 f   KSkillList.obj
 0001:00003f40       ?GetNextTime@KSkillList@@QAEKH@Z 10004f40 f   KSkillList.obj
 0001:00003f60       ?ClearNextCastTime@KSkillList@@QAEXXZ 10004f60 f   KSkillList.obj
 0001:00003f80       ?UpdateDBSkillList@KSkillList@@QAEHPAE@Z 10004f80 f   KSkillList.obj
 0001:00004120       ?Remove@KSkillList@@QAEHH@Z 10005120 f   KSkillList.obj
 0001:000041e0       ?Clear@KSkillList@@QAEXXZ  100051e0 f   KSkillList.obj
 0001:000042a0       ?id@?$ctype@G@std@@$E      100052a0 f i KSkillList.obj
 0001:000042f0       ??0KSkillManager@@QAE@XZ   100052f0 f   KSkillManager.obj
 0001:00004300       ??1KSkillManager@@QAE@XZ   10005300 f   KSkillManager.obj
 0001:00004340       ?Init@KSkillManager@@QAEHXZ 10005340 f   KSkillManager.obj
 0001:00004510       ?InstanceSkill@KSkillManager@@AAEPAVISkill@@KK@Z 10005510 f   KSkillManager.obj
 0001:00004680       ??4KSkill@@QAEAAV0@ABV0@@Z 10005680 f i KSkillManager.obj
 0001:00004a20       ??0KSkill@@QAE@XZ          10005a20 f   KSkills.obj
 0001:00004af0       ??_EKSkill@@UAEPAXI@Z      10005af0 f i KSkills.obj
 0001:00004af0       ??_GKSkill@@UAEPAXI@Z      10005af0 f i KSkills.obj
 0001:00004b10       ??1KSkill@@UAE@XZ          10005b10 f   KSkills.obj
 0001:00004b20       ?CanCastSkill@KSkill@@UBEHHAAH0@Z 10005b20 f   KSkills.obj
 0001:00004e10       ?Cast@KSkill@@QBEHHHHHW4eSkillLauncherType@@@Z 10005e10 f   KSkills.obj
 0001:00004ff0       ?Vanish@KSkill@@ABEXPAVKMissle@@@Z 10005ff0 f   KSkills.obj
 0001:00005000       ?OnMissleEvent@KSkill@@QBEHGPAVKMissle@@@Z 10006000 f   KSkills.obj
 0001:00005220       ?FlyEvent@KSkill@@ABEXPAVKMissle@@@Z 10006220 f   KSkills.obj
 0001:00005230       ?Collidsion@KSkill@@ABEXPAVKMissle@@@Z 10006230 f   KSkills.obj
 0001:00005240       ?CastMissles@KSkill@@ABEHHHHHW4eSkillLauncherType@@@Z 10006240 f   KSkills.obj
 0001:00006920       ?CastZone@KSkill@@ABEHPAUTOrdinSkillParam@@HHH@Z 10007920 f   KSkills.obj
 0001:00006e30       ?CastLine@KSkill@@ABEHPAUTOrdinSkillParam@@HHH@Z 10007e30 f   KSkills.obj
 0001:000071c0       ?CastExtractiveLineMissle@KSkill@@ABEHPAUTOrdinSkillParam@@HHHHHHH@Z 100081c0 f   KSkills.obj
 0001:00007520       ?IsTargetOnly@KSkill@@UBEHXZ 10008520 f i KSkills.obj
 0001:00007530       ?IsTargetEnemy@KSkill@@UBEHXZ 10008530 f i KSkills.obj
 0001:00007540       ?IsTargetAlly@KSkill@@UBEHXZ 10008540 f i KSkills.obj
 0001:00007550       ?IsTargetObj@KSkill@@UBEHXZ 10008550 f i KSkills.obj
 0001:00007560       ?IsTargetSelf@KSkill@@UBEHXZ 10008560 f i KSkills.obj
 0001:00007570       ?CastWall@KSkill@@ABEHPAUTOrdinSkillParam@@HHH@Z 10008570 f   KSkills.obj
 0001:00007970       ?GetSkillLevelUpScriptId@KSkill@@UBEKXZ 10008970 f i KSkills.obj
 0001:00007980       ?GetSkillName@KSkill@@UAEPBDXZ 10008980 f i KSkills.obj
 0001:00007990       ?GetSkillStyle@KSkill@@UAEHXZ 10008990 f i KSkills.obj
 0001:000079a0       ?GetAttackRadius@KSkill@@UBEHXZ 100089a0 f i KSkills.obj
 0001:000079b0       ?GetSkillCost@KSkill@@UBEHPAX@Z 100089b0 f i KSkills.obj
 0001:000079c0       ?GetSkillCostType@KSkill@@UBE?AW4NPCATTRIB@@XZ 100089c0 f i KSkills.obj
 0001:000079d0       ?GetSkillId@KSkill@@UAEHXZ 100089d0 f i KSkills.obj
 0001:000079e0       ?IsAura@KSkill@@UBEHXZ     100089e0 f i KSkills.obj
 0001:000079f0       ?IsPhysical@KSkill@@UBEHXZ 100089f0 f i KSkills.obj
 0001:00007a00       ?CastCircle@KSkill@@ABEHPAUTOrdinSkillParam@@HHH@Z 10008a00 f   KSkills.obj
 0001:00007dd0       ?CastSpread@KSkill@@ABEHPAUTOrdinSkillParam@@HHH@Z 10008dd0 f   KSkills.obj
 0001:00008340       ?GetChildSkillNum@KSkill@@QBEHH@Z 10009340 f   KSkills.obj
 0001:00008350       ?CreateMissle@KSkill@@ABEXHHH@Z 10009350 f   KSkills.obj
 0001:00008580       ?GetInfoFromTabFile@KSkill@@QAEHH@Z 10009580 f   KSkills.obj
 0001:000085a0       ?GetInfoFromTabFile@KSkill@@QAEHPAVKITabFile@@H@Z 100095a0 f   KSkills.obj
 0001:00008b20       ?LoadSkillLevelData@KSkill@@UAEXKH@Z 10009b20 f   KSkills.obj
 0001:00008e40       ?CreateMissleMagicAttribsData@KSkill@@QBEPAVKMissleMagicAttribsData@@H@Z 10009e40 f   KSkills.obj
 0001:00008f70       ?GetMissleGenerateTime@KSkill@@QBEIH@Z 10009f70 f   KSkills.obj
 0001:00009070       ?GetSkillIdFromName@KSkill@@SAHPAD@Z 1000a070 f   KSkills.obj
 0001:00009110       ?CastInitiativeSkill@KSkill@@ABEHHHHH@Z 1000a110 f   KSkills.obj
 0001:00009250       ?CastPassivitySkill@KSkill@@ABEHHHHH@Z 1000a250 f   KSkills.obj
 0001:000092a0       ?ParseString2MagicAttrib@KSkill@@AAEHKPAD0@Z 1000a2a0 f   KSkills.obj
 0001:00009960       ?Init@KFaction@@QAEHXZ     1000a960 f   KFaction.obj
 0001:00009a90       ?GetID@KFaction@@QAEHPAD@Z 1000aa90 f   KFaction.obj
 0001:00009b00       ?GetCamp@KFaction@@QAEHH@Z 1000ab00 f   KFaction.obj
 0001:00009b80       ??1KNpc@@QAE@XZ            1000ab80 f i KNpc.obj
 0001:00009be0       ??1KList@@QAE@XZ           1000abe0 f i KNpc.obj
 0001:00009bf0       ??0KNpc@@QAE@XZ            1000abf0 f   KNpc.obj
 0001:00009d40       ?Init@KNpc@@QAEXXZ         1000ad40 f   KNpc.obj
 0001:0000a090       ?GetActiveSkill@KNpc@@QAEPAVISkill@@XZ 1000b090 f   KNpc.obj
 0001:0000a0f0       ?SetCurrentCamp@KNpc@@QAEXH@Z 1000b0f0 f   KNpc.obj
 0001:0000a100       ?SetCamp@KNpc@@QAEXH@Z     1000b100 f   KNpc.obj
 0001:0000a110       ?RestoreCurrentCamp@KNpc@@QAEXXZ 1000b110 f   KNpc.obj
 0001:0000a120       ?Activate@KNpc@@QAEXXZ     1000b120 f   KNpc.obj
 0001:0000a290       ?ProcStatus@KNpc@@QAEXXZ   1000b290 f   KNpc.obj
 0001:0000a370       ?ProcCommand@KNpc@@QAEXH@Z 1000b370 f   KNpc.obj
 0001:0000a590       ?ProcessState@KNpc@@QAEHXZ 1000b590 f   KNpc.obj
 0001:0000b270       ?DoDeath@KNpc@@AAEXH@Z     1000c270 f   KNpc.obj
 0001:0000b570       ?OnDeath@KNpc@@AAEXXZ      1000c570 f   KNpc.obj
 0001:0000b680       ?DoDefense@KNpc@@AAEXXZ    1000c680 f   KNpc.obj
 0001:0000b690       ?OnDefense@KNpc@@AAEXXZ    1000c690 f   KNpc.obj
 0001:0000b6a0       ?DoIdle@KNpc@@AAEXXZ       1000c6a0 f   KNpc.obj
 0001:0000b6c0       ?OnIdle@KNpc@@AAEXXZ       1000c6c0 f   KNpc.obj
 0001:0000b6d0       ?DoHurt@KNpc@@AAEXHHH@Z    1000c6d0 f   KNpc.obj
 0001:0000b9a0       ?OnHurt@KNpc@@AAEXXZ       1000c9a0 f   KNpc.obj
 0001:0000b9f0       ?DoSpecial1@KNpc@@AAEXXZ   1000c9f0 f   KNpc.obj
 0001:0000ba00       ?OnSpecial1@KNpc@@AAEXXZ   1000ca00 f   KNpc.obj
 0001:0000bac0       ?DoSpecial2@KNpc@@AAEXXZ   1000cac0 f   KNpc.obj
 0001:0000bad0       ?OnSpecial2@KNpc@@AAEXXZ   1000cad0 f   KNpc.obj
 0001:0000bb40       ?DoSpecial3@KNpc@@AAEXXZ   1000cb40 f   KNpc.obj
 0001:0000bb50       ?OnSpecial3@KNpc@@AAEXXZ   1000cb50 f   KNpc.obj
 0001:0000bb60       ?DoSpecial4@KNpc@@AAEXXZ   1000cb60 f   KNpc.obj
 0001:0000bb70       ?OnSpecial4@KNpc@@AAEXXZ   1000cb70 f   KNpc.obj
 0001:0000bb80       ?DoStand@KNpc@@AAEXXZ      1000cb80 f   KNpc.obj
 0001:0000bd20       ?OnStand@KNpc@@AAEXXZ      1000cd20 f   KNpc.obj
 0001:0000bd30       ?DoRevive@KNpc@@AAEXXZ     1000cd30 f   KNpc.obj
 0001:0000be30       ?OnRevive@KNpc@@AAEXXZ     1000ce30 f   KNpc.obj
 0001:0000be70       ?DoRun@KNpc@@AAEXXZ        1000ce70 f   KNpc.obj
 0001:0000c030       ?OnRun@KNpc@@AAEXXZ        1000d030 f   KNpc.obj
 0001:0000c050       ?OnRun2@KNpc@@AAEXH@Z      1000d050 f   KNpc.obj
 0001:0000c070       ?DoSit@KNpc@@AAEXXZ        1000d070 f   KNpc.obj
 0001:0000c1f0       ?OnSit@KNpc@@AAEXXZ        1000d1f0 f   KNpc.obj
 0001:0000c210       ?DoSkill@KNpc@@AAEXHH@Z    1000d210 f   KNpc.obj
 0001:0000c550       ?DoOrdinSkill@KNpc@@AAEHPAVKSkill@@HH@Z 1000d550 f   KNpc.obj
 0001:0000c6a0       ?DoAttack@KNpc@@AAEXXZ     1000d6a0 f   KNpc.obj
 0001:0000c6b0       ?CastMeleeSkill@KNpc@@AAEHPAVKSkill@@@Z 1000d6b0 f   KNpc.obj
 0001:0000c840       ?DoBlurAttack@KNpc@@AAEHXZ 1000d840 f   KNpc.obj
 0001:0000c8d0       ?OnSkill@KNpc@@AAEXXZ      1000d8d0 f   KNpc.obj
 0001:0000c9e0       ?JumpTo@KNpc@@AAEXHH@Z     1000d9e0 f   KNpc.obj
 0001:0000ca20       ?RunTo@KNpc@@AAEXHH@Z      1000da20 f   KNpc.obj
 0001:0000ca50       ?Goto@KNpc@@AAEXHH@Z       1000da50 f   KNpc.obj
 0001:0000ca80       ?DoWalk@KNpc@@AAEXXZ       1000da80 f   KNpc.obj
 0001:0000cc20       ?DoPlayerTalk@KNpc@@QAEXPAD@Z 1000dc20 f   KNpc.obj
 0001:0000cde0       ?OnPlayerTalk@KNpc@@AAEXXZ 1000dde0 f   KNpc.obj
 0001:0000cdf0       ?Walk@KNpc@@AAEXHH@Z       1000ddf0 f   KNpc.obj
 0001:0000ceb0       ?OnWalk@KNpc@@AAEXXZ       1000deb0 f   KNpc.obj
 0001:0000ced0       ?GetSkillLevel@KNpc@@QAEHH@Z 1000ded0 f   KNpc.obj
 0001:0000cf00       ?ModifyAttrib@KNpc@@QAEXHPAX@Z 1000df00 f   KNpc.obj
 0001:0000cf20       ?CastSkillState@KNpc@@QAEXHHH@Z 1000df20 f   KNpc.obj
 0001:0000cf90       ?CastSkill@KNpc@@QAEXHH@Z  1000df90 f   KNpc.obj
 0001:0000d180       ?CalcDamage@KNpc@@QAEXHHHW4DAMAGE_TYPE@@HHHHHFFFE@Z 1000e180 f   KNpc.obj
 0001:0000e120       ?ReceiveDamage@KNpc@@QAEHHHPAXHHHH@Z 1000f120 f   KNpc.obj
 0001:0000ec70       ??_GKStateNode@@UAEPAXI@Z  1000fc70 f i KNpc.obj
 0001:0000ec70       ??_EKStateNode@@UAEPAXI@Z  1000fc70 f i KNpc.obj
 0001:0000ec90       ??1KStateNode@@UAE@XZ      1000fc90 f i KNpc.obj
 0001:0000eca0       ?AppendSkillEffect@KNpc@@QAEXHPAX0H@Z 1000fca0 f   KNpc.obj
 0001:0000f7d0       ?SetImmediatelySkillEffect@KNpc@@QAEXHPAXH@Z 100107d0 f   KNpc.obj
 0001:0000f810       ?ServeMove@KNpc@@AAEXH@Z   10010810 f   KNpc.obj
 0001:0000fcf0       ?ServeJump@KNpc@@AAEXH@Z   10010cf0 f   KNpc.obj
 0001:00010160       ?SendCommand@KNpc@@QAEXW4NPCCMD@@HHH@Z 10011160 f   KNpc.obj
 0001:00010190       ?NewPath@KNpc@@AAEHHH@Z    10011190 f   KNpc.obj
 0001:000101b0       ?NewJump@KNpc@@AAEHHH@Z    100111b0 f   KNpc.obj
 0001:000104f0       ?Cost@KNpc@@QAEHW4NPCATTRIB@@HH@Z 100114f0 f   KNpc.obj
 0001:00010560       ?DoJump@KNpc@@AAEXXZ       10011560 f   KNpc.obj
 0001:00010720       ?OnJump@KNpc@@AAEHXZ       10011720 f   KNpc.obj
 0001:00010760       ?WaitForFrame@KNpc@@AAEHXZ 10011760 f   KNpc.obj
 0001:00010790       ?IsReachFrame@KNpc@@AAEHH@Z 10011790 f   KNpc.obj
 0001:000107c0       ?Load@KNpc@@QAEXHH@Z       100117c0 f   KNpc.obj
 0001:00010860       ?SetDataRes@KNpc@@QAEXF@Z  10011860 f   KNpc.obj
 0001:00010870       ?GetMpsPos@KNpc@@QAEXPAH0@Z 10011870 f   KNpc.obj
 0001:000108d0       ?SetActiveSkill@KNpc@@QAEHH@Z 100118d0 f   KNpc.obj
 0001:00010960       ?SetAuraSkill@KNpc@@QAEXH@Z 10011960 f   KNpc.obj
 0001:00010a40       ?SetPlayerIdx@KNpc@@QAEHH@Z 10011a40 f   KNpc.obj
 0001:00010a70       ?SendSyncData@KNpc@@QAEHH@Z 10011a70 f   KNpc.obj
 0001:00010e60       ?NormalSync@KNpc@@QAEXXZ   10011e60 f   KNpc.obj
 0001:000114b0       ?BroadCastRevive@KNpc@@QAEXH@Z 100124b0 f   KNpc.obj
 0001:00011620       ?BroadCastSetPos@KNpc@@QAEXHKKHH@Z 10012620 f   KNpc.obj
 0001:000117b0       ?GetPlayerIdx@KNpc@@QAEHXZ 100127b0 f   KNpc.obj
 0001:000117c0       ?AddBaseLifeMax@KNpc@@QAEXH@Z 100127c0 f   KNpc.obj
 0001:000117e0       ?AddCurLifeMax@KNpc@@QAEXH@Z 100127e0 f   KNpc.obj
 0001:00011800       ?AddBaseStaminaMax@KNpc@@QAEXH@Z 10012800 f   KNpc.obj
 0001:00011820       ?AddCurStaminaMax@KNpc@@QAEXH@Z 10012820 f   KNpc.obj
 0001:00011840       ?AddBaseManaMax@KNpc@@QAEXH@Z 10012840 f   KNpc.obj
 0001:00011860       ?AddCurManaMax@KNpc@@QAEXH@Z 10012860 f   KNpc.obj
 0001:00011880       ?CalcCurLifeReplenish@KNpc@@QAEXXZ 10012880 f   KNpc.obj
 0001:00011890       ?Remove@KNpc@@QAEXXZ       10012890 f   KNpc.obj
 0001:000118a0       ?SetSeries@KNpc@@QAEXH@Z   100128a0 f   KNpc.obj
 0001:000118c0       ?SetSeriesRand@KNpc@@QAEXXZ 100128c0 f   KNpc.obj
 0001:00011920       ?AppendEffect@KNpc@@QAEXHHH@Z 10012920 f   KNpc.obj
 0001:00011aa0       ?SetStateSkillEffect@KNpc@@QAEXHHHPAXHHH@Z 10012aa0 f   KNpc.obj
 0001:00011f00       ?ModifyMissleCollsion@KNpc@@QAEHH@Z 10012f00 f   KNpc.obj
 0001:00011f10       ?ModifyMissleLifeTime@KNpc@@QAEHH@Z 10012f10 f   KNpc.obj
 0001:00011f20       ?ModifyMissleSpeed@KNpc@@QAEHH@Z 10012f20 f   KNpc.obj
 0001:00011f40       ?DoManyAttack@KNpc@@AAEHXZ 10012f40 f   KNpc.obj
 0001:00012010       ?OnManyAttack@KNpc@@AAEXXZ 10013010 f   KNpc.obj
 0001:000120b0       ?DoRunAttack@KNpc@@AAEHHPAVKSkill@@@Z 100130b0 f   KNpc.obj
 0001:000123b0       ?OnRunAttack@KNpc@@AAEXXZ  100133b0 f   KNpc.obj
 0001:00012520       ?DoLightningMove@KNpc@@AAEHPAVKSkill@@@Z 10013520 f   KNpc.obj
 0001:00012970       ?OnLightningMove@KNpc@@AAEXXZ 10013970 f   KNpc.obj
 0001:00012a20       ?DoJumpAttack@KNpc@@AAEHXZ 10013a20 f   KNpc.obj
 0001:00012ae0       ?OnJumpAttack@KNpc@@AAEHXZ 10013ae0 f   KNpc.obj
 0001:00012c20       ?CheckHitTarget@KNpc@@AAEHHHH@Z 10013c20 f   KNpc.obj
 0001:00012ca0       ?GetNpcCopyFromTemplate@KNpc@@QAEXHH@Z 10013ca0 f   KNpc.obj
 0001:00012db0       ?GetNpcFrameFromTemplate@KNpc@@QAEXH@Z 10013db0 f   KNpc.obj
 0001:00012e80       ?LoadDataFromTemplate@KNpc@@QAEXHH@Z 10013e80 f   KNpc.obj
 0001:000131d0       ?SetPhysicsDamage@KNpc@@QAEXHH@Z 100141d0 f   KNpc.obj
 0001:000131f0       ?SetBaseAttackRating@KNpc@@QAEXH@Z 100141f0 f   KNpc.obj
 0001:00013210       ?SetBaseDefence@KNpc@@QAEXH@Z 10014210 f   KNpc.obj
 0001:00013230       ?DeathPunish@KNpc@@QAEXHH@Z 10014230 f   KNpc.obj
 0001:00013700       ??1tagSHOW_MSG_SYNC@@QAE@XZ 10014700 f i KNpc.obj
 0001:00013720       ?PlayerDeadCreateMoneyObj@KNpc@@AAEXH@Z 10014720 f   KNpc.obj
 0001:00013800       ?LoseMoney@KNpc@@AAEXH@Z   10014800 f   KNpc.obj
 0001:00013810       ?DropMoney@KNpc@@QAEXHH@Z  10014810 f   KNpc.obj
 0001:00013920       ?LoseSingleItem@KNpc@@AAEXH@Z 10014920 f   KNpc.obj
 0001:00013930       ?DropItem@KNpc@@QAEXHH@Z   10014930 f   KNpc.obj
 0001:00013b00       ?Revive@KNpc@@QAEXXZ       10014b00 f   KNpc.obj
 0001:00013c50       ?SendDataToNearRegion@KNpc@@QAEXPAXK@Z 10014c50 f   KNpc.obj
 0001:00013db0       ?DeathCalcPKValue@KNpc@@QAEHH@Z 10014db0 f   KNpc.obj
 0001:00014030       ?CheckPlayerAround@KNpc@@QAEHH@Z 10015030 f   KNpc.obj
 0001:00014100       ?UpdateNpcStateInfo@KNpc@@AAEXXZ 10015100 f   KNpc.obj
 0001:000141c0       ?BroadCastState@KNpc@@QAEXH@Z 100151c0 f   KNpc.obj
 0001:00014220       ?ClearNpcState@KNpc@@QAEXXZ 10015220 f   KNpc.obj
 0001:00014290       ?AddAllSkill@KNpc@@QAEXHH@Z 10015290 f   KNpc.obj
 0001:00014370       ?AddFactionSkill@KNpc@@QAEXHHH@Z 10015370 f   KNpc.obj
 0001:000144f0       ?RestoreNpcBaseInfo@KNpc@@QAEXXZ 100154f0 f   KNpc.obj
 0001:00014830       ?SetPos@KNpc@@QAEHHHH@Z    10015830 f   KNpc.obj
 0001:00014aa0       ?ChangeWorld@KNpc@@QAEHKHH@Z 10015aa0 f   KNpc.obj
 0001:00014ec0       ?TobeExchangeServer@KNpc@@QAEXKHH@Z 10015ec0 f   KNpc.obj
 0001:00014f30       ?IsPlayer@KNpc@@QAEHXZ     10015f30 f   KNpc.obj
 0001:00014f40       ?ClearStateSkillEffect@KNpc@@QAEXXZ 10015f40 f   KNpc.obj
 0001:00015010       ?ClearNormalState@KNpc@@QAEXXZ 10016010 f   KNpc.obj
 0001:000150a0       ?ClearStun_Hurt@KNpc@@QAEXXZ 100160a0 f   KNpc.obj
 0001:000150d0       ?CheckTrap@KNpc@@QAEXXZ    100160d0 f   KNpc.obj
 0001:00015180       ?SetFightMode@KNpc@@QAEXH@Z 10016180 f   KNpc.obj
 0001:000151c0       ?TurnTo@KNpc@@QAEXH@Z      100161c0 f   KNpc.obj
 0001:000152e0       ?ReCalcStateEffect@KNpc@@QAEXXZ 100162e0 f   KNpc.obj
 0001:00015360       ?ClearStateSkillPassive@KNpc@@QAEXH@Z 10016360 f   KNpc.obj
 0001:00015420       ?GetCurActiveWeaponSkill@KNpc@@QAEHXZ 10016420 f   KNpc.obj
 0001:000154c0       ?ExecuteScript@KNpc@@QAEHPAD0H@Z 100164c0 f   KNpc.obj
 0001:00015500       ?ExecuteScript@KNpc@@QAEHKPADH@Z 10016500 f   KNpc.obj
 0001:00015630       ?SetExpandRank@KNpc@@QAEXF@Z 10016630 f   KNpc.obj
 0001:000157c0       ??0KNpcAI@@QAE@XZ          100167c0 f   KNpcAI.obj
 0001:000157d0       ?Activate@KNpcAI@@QAEXH@Z  100167d0 f   KNpcAI.obj
 0001:00015940       ?ProcessPlayer@KNpcAI@@AAEXXZ 10016940 f   KNpcAI.obj
 0001:00015960       ?TriggerMapTrap@KNpcAI@@AAEXXZ 10016960 f   KNpcAI.obj
 0001:00015980       ?TriggerObjectTrap@KNpcAI@@AAEXXZ 10016980 f   KNpcAI.obj
 0001:00015990       ?GetNearestNpc@KNpcAI@@AAEHH@Z 10016990 f   KNpcAI.obj
 0001:00016110       ?GetNpcNumber@KNpcAI@@AAEHH@Z 10017110 f   KNpcAI.obj
 0001:000163b0       ?KeepAttackRange@KNpcAI@@AAEXHH@Z 100173b0 f   KNpcAI.obj
 0001:000164f0       ?FollowAttack@KNpcAI@@AAEXH@Z 100174f0 f   KNpcAI.obj
 0001:000165c0       ?InEyeshot@KNpcAI@@AAEHH@Z 100175c0 f   KNpcAI.obj
 0001:00016600       ?CommonAction@KNpcAI@@AAEXXZ 10017600 f   KNpcAI.obj
 0001:000166d0       ?KeepActiveRange@KNpcAI@@AAEHXZ 100176d0 f   KNpcAI.obj
 0001:000167b0       ?Flee@KNpcAI@@AAEXH@Z      100177b0 f   KNpcAI.obj
 0001:00016850       ?ProcessAIType01@KNpcAI@@AAEXXZ 10017850 f   KNpcAI.obj
 0001:00016a50       ?ProcessAIType02@KNpcAI@@AAEXXZ 10017a50 f   KNpcAI.obj
 0001:00016ce0       ?ProcessAIType03@KNpcAI@@AAEXXZ 10017ce0 f   KNpcAI.obj
 0001:00016f10       ?ProcessAIType04@KNpcAI@@AAEXXZ 10017f10 f   KNpcAI.obj
 0001:000170d0       ?ProcessAIType05@KNpcAI@@AAEXXZ 100180d0 f   KNpcAI.obj
 0001:00017310       ?ProcessAIType06@KNpcAI@@AAEXXZ 10018310 f   KNpcAI.obj
 0001:00017540       ??0KNpcAttribModify@@QAE@XZ 10018540 f   KNpcAttribModify.obj
 0001:000179e0       ??1KNpcAttribModify@@QAE@XZ 100189e0 f   KNpcAttribModify.obj
 0001:000179f0       ?ModifyAttrib@KNpcAttribModify@@QAEXPAVKNpc@@PAX@Z 100189f0 f   KNpcAttribModify.obj
 0001:00017a20       ?AddPhysicsDamageV@KNpcAttribModify@@AAEXPAVKNpc@@PAX@Z 10018a20 f   KNpcAttribModify.obj
 0001:00017a40       ?AddColdDamageV@KNpcAttribModify@@AAEXPAVKNpc@@PAX@Z 10018a40 f   KNpcAttribModify.obj
 0001:00017a60       ?AddFireDamageV@KNpcAttribModify@@AAEXPAVKNpc@@PAX@Z 10018a60 f   KNpcAttribModify.obj
 0001:00017a80       ?AddLightingDamageV@KNpcAttribModify@@AAEXPAVKNpc@@PAX@Z 10018a80 f   KNpcAttribModify.obj
 0001:00017aa0       ?AddPhysicsDamageP@KNpcAttribModify@@AAEXPAVKNpc@@PAX@Z 10018aa0 f   KNpcAttribModify.obj
 0001:00017b90       ?AddPoisonDamageV@KNpcAttribModify@@AAEXPAVKNpc@@PAX@Z 10018b90 f   KNpcAttribModify.obj
 0001:00017be0       ?MetalMagicV@KNpcAttribModify@@AAEXPAVKNpc@@PAX@Z 10018be0 f   KNpcAttribModify.obj
 0001:00017c00       ?FireMagicV@KNpcAttribModify@@AAEXPAVKNpc@@PAX@Z 10018c00 f   KNpcAttribModify.obj
 0001:00017c20       ?WaterMagicV@KNpcAttribModify@@AAEXPAVKNpc@@PAX@Z 10018c20 f   KNpcAttribModify.obj
 0001:00017c40       ?EarthMagicV@KNpcAttribModify@@AAEXPAVKNpc@@PAX@Z 10018c40 f   KNpcAttribModify.obj
 0001:00017c60       ?WoodMagicV@KNpcAttribModify@@AAEXPAVKNpc@@PAX@Z 10018c60 f   KNpcAttribModify.obj
 0001:00017cb0       ?AllresP@KNpcAttribModify@@AAEXPAVKNpc@@PAX@Z 10018cb0 f   KNpcAttribModify.obj
 0001:00017e30       ?AllSkillV@KNpcAttribModify@@AAEXPAVKNpc@@PAX@Z 10018e30 f   KNpcAttribModify.obj
 0001:00017e70       ?AttackRatingP@KNpcAttribModify@@AAEXPAVKNpc@@PAX@Z 10018e70 f   KNpcAttribModify.obj
 0001:00017eb0       ?AttackRatingV@KNpcAttribModify@@AAEXPAVKNpc@@PAX@Z 10018eb0 f   KNpcAttribModify.obj
 0001:00017ed0       ?AttackSpeedV@KNpcAttribModify@@AAEXPAVKNpc@@PAX@Z 10018ed0 f   KNpcAttribModify.obj
 0001:00017f60       ?BadStatusTimeReduceV@KNpcAttribModify@@AAEXPAVKNpc@@PAX@Z 10018f60 f   KNpcAttribModify.obj
 0001:00017f70       ?BurnTimeReduceP@KNpcAttribModify@@AAEXPAVKNpc@@PAX@Z 10018f70 f   KNpcAttribModify.obj
 0001:00017f80       ?CastSpeedV@KNpcAttribModify@@AAEXPAVKNpc@@PAX@Z 10018f80 f   KNpcAttribModify.obj
 0001:00018010       ?ChangeCampV@KNpcAttribModify@@AAEXPAVKNpc@@PAX@Z 10019010 f   KNpcAttribModify.obj
 0001:00018050       ?StopActionB@KNpcAttribModify@@AAEXPAVKNpc@@PAX@Z 10019050 f   KNpcAttribModify.obj
 0001:00018080       ?ColdresP@KNpcAttribModify@@AAEXPAVKNpc@@PAX@Z 10019080 f   KNpcAttribModify.obj
 0001:00018100       ?DeadlyStrikeP@KNpcAttribModify@@AAEXPAVKNpc@@PAX@Z 10019100 f   KNpcAttribModify.obj
 0001:00018120       ?DexterityV@KNpcAttribModify@@AAEXPAVKNpc@@PAX@Z 10019120 f   KNpcAttribModify.obj
 0001:00018160       ?EnergyV@KNpcAttribModify@@AAEXPAVKNpc@@PAX@Z 10019160 f   KNpcAttribModify.obj
 0001:000181a0       ?FastHitRecoverV@KNpcAttribModify@@AAEXPAVKNpc@@PAX@Z 100191a0 f   KNpcAttribModify.obj
 0001:000181c0       ?FastWalkRunP@KNpcAttribModify@@AAEXPAVKNpc@@PAX@Z 100191c0 f   KNpcAttribModify.obj
 0001:00018270       ?FireArmorV@KNpcAttribModify@@AAEXPAVKNpc@@PAX@Z 10019270 f   KNpcAttribModify.obj
 0001:00018280       ?FreezeTimeReduceP@KNpcAttribModify@@AAEXPAVKNpc@@PAX@Z 10019280 f   KNpcAttribModify.obj
 0001:000182a0       ?FatallyStrikeResP@KNpcAttribModify@@AAEXPAVKNpc@@PAX@Z 100192a0 f   KNpcAttribModify.obj
 0001:000182c0       ?LifeMaxP@KNpcAttribModify@@AAEXPAVKNpc@@PAX@Z 100192c0 f   KNpcAttribModify.obj
 0001:00018300       ?LifeMaxV@KNpcAttribModify@@AAEXPAVKNpc@@PAX@Z 10019300 f   KNpcAttribModify.obj
 0001:00018320       ?LifeReplenishV@KNpcAttribModify@@AAEXPAVKNpc@@PAX@Z 10019320 f   KNpcAttribModify.obj
 0001:00018340       ?LifeV@KNpcAttribModify@@AAEXPAVKNpc@@PAX@Z 10019340 f   KNpcAttribModify.obj
 0001:00018360       ?LightingArmorV@KNpcAttribModify@@AAEXPAVKNpc@@PAX@Z 10019360 f   KNpcAttribModify.obj
 0001:00018370       ?LightingresP@KNpcAttribModify@@AAEXPAVKNpc@@PAX@Z 10019370 f   KNpcAttribModify.obj
 0001:000183f0       ?LuckyV@KNpcAttribModify@@AAEXPAVKNpc@@PAX@Z 100193f0 f   KNpcAttribModify.obj
 0001:00018430       ?ManaMaxP@KNpcAttribModify@@AAEXPAVKNpc@@PAX@Z 10019430 f   KNpcAttribModify.obj
 0001:00018470       ?ManaMaxV@KNpcAttribModify@@AAEXPAVKNpc@@PAX@Z 10019470 f   KNpcAttribModify.obj
 0001:00018490       ?ManaReplenishV@KNpcAttribModify@@AAEXPAVKNpc@@PAX@Z 10019490 f   KNpcAttribModify.obj
 0001:000184b0       ?ManaV@KNpcAttribModify@@AAEXPAVKNpc@@PAX@Z 100194b0 f   KNpcAttribModify.obj
 0001:000184d0       ?ManaShieldP@KNpcAttribModify@@AAEXPAVKNpc@@PAX@Z 100194d0 f   KNpcAttribModify.obj
 0001:000184f0       ?MeleeDamageReturnP@KNpcAttribModify@@AAEXPAVKNpc@@PAX@Z 100194f0 f   KNpcAttribModify.obj
 0001:00018510       ?MeleeDamageReturnV@KNpcAttribModify@@AAEXPAVKNpc@@PAX@Z 10019510 f   KNpcAttribModify.obj
 0001:00018530       ?PhysicsresP@KNpcAttribModify@@AAEXPAVKNpc@@PAX@Z 10019530 f   KNpcAttribModify.obj
 0001:000185b0       ?Damage2ManaP@KNpcAttribModify@@AAEXPAVKNpc@@PAX@Z 100195b0 f   KNpcAttribModify.obj
 0001:000185d0       ?PoisonArmorV@KNpcAttribModify@@AAEXPAVKNpc@@PAX@Z 100195d0 f   KNpcAttribModify.obj
 0001:000185e0       ?PoisonDamageReduceV@KNpcAttribModify@@AAEXPAVKNpc@@PAX@Z 100195e0 f   KNpcAttribModify.obj
 0001:00018610       ?PoisonresP@KNpcAttribModify@@AAEXPAVKNpc@@PAX@Z 10019610 f   KNpcAttribModify.obj
 0001:00018690       ?PoisonTimeReduceP@KNpcAttribModify@@AAEXPAVKNpc@@PAX@Z 10019690 f   KNpcAttribModify.obj
 0001:000186b0       ?RangeDamageReturnV@KNpcAttribModify@@AAEXPAVKNpc@@PAX@Z 100196b0 f   KNpcAttribModify.obj
 0001:000186d0       ?RangeDamageReturnP@KNpcAttribModify@@AAEXPAVKNpc@@PAX@Z 100196d0 f   KNpcAttribModify.obj
 0001:000186f0       ?SlowMissleB@KNpcAttribModify@@AAEXPAVKNpc@@PAX@Z 100196f0 f   KNpcAttribModify.obj
 0001:00018720       ?StaminaMaxP@KNpcAttribModify@@AAEXPAVKNpc@@PAX@Z 10019720 f   KNpcAttribModify.obj
 0001:00018760       ?StaminaMaxV@KNpcAttribModify@@AAEXPAVKNpc@@PAX@Z 10019760 f   KNpcAttribModify.obj
 0001:00018780       ?StaminaReplenishV@KNpcAttribModify@@AAEXPAVKNpc@@PAX@Z 10019780 f   KNpcAttribModify.obj
 0001:000187a0       ?StaminaV@KNpcAttribModify@@AAEXPAVKNpc@@PAX@Z 100197a0 f   KNpcAttribModify.obj
 0001:000187c0       ?StealLifeP@KNpcAttribModify@@AAEXPAVKNpc@@PAX@Z 100197c0 f   KNpcAttribModify.obj
 0001:000187e0       ?StealManaP@KNpcAttribModify@@AAEXPAVKNpc@@PAX@Z 100197e0 f   KNpcAttribModify.obj
 0001:00018800       ?StealStaminaP@KNpcAttribModify@@AAEXPAVKNpc@@PAX@Z 10019800 f   KNpcAttribModify.obj
 0001:00018820       ?StrengthV@KNpcAttribModify@@AAEXPAVKNpc@@PAX@Z 10019820 f   KNpcAttribModify.obj
 0001:00018860       ?StunTimeReduceP@KNpcAttribModify@@AAEXPAVKNpc@@PAX@Z 10019860 f   KNpcAttribModify.obj
 0001:00018880       ?VisionRadiusP@KNpcAttribModify@@AAEXPAVKNpc@@PAX@Z 10019880 f   KNpcAttribModify.obj
 0001:000188a0       ?VitalityV@KNpcAttribModify@@AAEXPAVKNpc@@PAX@Z 100198a0 f   KNpcAttribModify.obj
 0001:000188e0       ?FireresP@KNpcAttribModify@@AAEXPAVKNpc@@PAX@Z 100198e0 f   KNpcAttribModify.obj
 0001:00018960       ?ArmorDefenseV@KNpcAttribModify@@AAEXPAVKNpc@@PAX@Z 10019960 f   KNpcAttribModify.obj
 0001:00018980       ?ColdEnhanceP@KNpcAttribModify@@AAEXPAVKNpc@@PAX@Z 10019980 f   KNpcAttribModify.obj
 0001:000189a0       ?FireEnhanceP@KNpcAttribModify@@AAEXPAVKNpc@@PAX@Z 100199a0 f   KNpcAttribModify.obj
 0001:000189c0       ?LightingEnhanceP@KNpcAttribModify@@AAEXPAVKNpc@@PAX@Z 100199c0 f   KNpcAttribModify.obj
 0001:000189e0       ?PoisonEnhanceP@KNpcAttribModify@@AAEXPAVKNpc@@PAX@Z 100199e0 f   KNpcAttribModify.obj
 0001:00018a00       ?LifePotionV@KNpcAttribModify@@AAEXPAVKNpc@@PAX@Z 10019a00 f   KNpcAttribModify.obj
 0001:00018a50       ?ManaPotionV@KNpcAttribModify@@AAEXPAVKNpc@@PAX@Z 10019a50 f   KNpcAttribModify.obj
 0001:00018aa0       ?PhysicsResMaxP@KNpcAttribModify@@AAEXPAVKNpc@@PAX@Z 10019aa0 f   KNpcAttribModify.obj
 0001:00018ac0       ?ColdResMaxP@KNpcAttribModify@@AAEXPAVKNpc@@PAX@Z 10019ac0 f   KNpcAttribModify.obj
 0001:00018ae0       ?FireResMaxP@KNpcAttribModify@@AAEXPAVKNpc@@PAX@Z 10019ae0 f   KNpcAttribModify.obj
 0001:00018b00       ?LightingResMaxP@KNpcAttribModify@@AAEXPAVKNpc@@PAX@Z 10019b00 f   KNpcAttribModify.obj
 0001:00018b20       ?PoisonResMaxP@KNpcAttribModify@@AAEXPAVKNpc@@PAX@Z 10019b20 f   KNpcAttribModify.obj
 0001:00018b40       ?AllResMaxP@KNpcAttribModify@@AAEXPAVKNpc@@PAX@Z 10019b40 f   KNpcAttribModify.obj
 0001:00018bb0       ?FatallyStrikeP@KNpcAttribModify@@AAEXPAVKNpc@@PAX@Z 10019bb0 f   KNpcAttribModify.obj
 0001:00018bc0       ?MixPoisonDamage@KNpcAttribModify@@QAEXPAUKMagicAttrib@@0@Z 10019bc0 f   KNpcAttribModify.obj
 0001:00018c90       ?PoisonDamageReturnP@KNpcAttribModify@@AAEXPAVKNpc@@PAX@Z 10019c90 f   KNpcAttribModify.obj
 0001:00018cb0       ?ReturnSkillP@KNpcAttribModify@@AAEXPAVKNpc@@PAX@Z 10019cb0 f   KNpcAttribModify.obj
 0001:00018cd0       ?AutoReplySkillP@KNpcAttribModify@@AAEXPAVKNpc@@PAX@Z 10019cd0 f   KNpcAttribModify.obj
 0001:00018d90       ?AutoAttackSkillP@KNpcAttribModify@@AAEXPAVKNpc@@PAX@Z 10019d90 f   KNpcAttribModify.obj
 0001:00018dc0       ?AutoAttackSkillPlusP@KNpcAttribModify@@AAEXPAVKNpc@@PAX@Z 10019dc0 f   KNpcAttribModify.obj
 0001:00018df0       ?AutoDeathSkillP@KNpcAttribModify@@AAEXPAVKNpc@@PAX@Z 10019df0 f   KNpcAttribModify.obj
 0001:00018e20       ?AutoRescueSkillP@KNpcAttribModify@@AAEXPAVKNpc@@PAX@Z 10019e20 f   KNpcAttribModify.obj
 0001:00018f00       ?Poison2DecManaP@KNpcAttribModify@@AAEXPAVKNpc@@PAX@Z 10019f00 f   KNpcAttribModify.obj
 0001:00018f40       ?RandMove@KNpcAttribModify@@AAEXPAVKNpc@@PAX@Z 10019f40 f   KNpcAttribModify.obj
 0001:00018f70       ?IgnoreNegativestateP@KNpcAttribModify@@AAEXPAVKNpc@@PAX@Z 10019f70 f   KNpcAttribModify.obj
 0001:00018fb0       ?HideV@KNpcAttribModify@@AAEXPAVKNpc@@PAX@Z 10019fb0 f   KNpcAttribModify.obj
 0001:00018fe0       ?IgnoreSkillP@KNpcAttribModify@@AAEXPAVKNpc@@PAX@Z 10019fe0 f   KNpcAttribModify.obj
 0001:00019000       ?LifeReplenishP@KNpcAttribModify@@AAEXPAVKNpc@@PAX@Z 1001a000 f   KNpcAttribModify.obj
 0001:00019020       ?ManaReplenishP@KNpcAttribModify@@AAEXPAVKNpc@@PAX@Z 1001a020 f   KNpcAttribModify.obj
 0001:00019040       ?MagicShieldV@KNpcAttribModify@@AAEXPAVKNpc@@PAX@Z 1001a040 f   KNpcAttribModify.obj
 0001:00019060       ?ReturnResP@KNpcAttribModify@@AAEXPAVKNpc@@PAX@Z 1001a060 f   KNpcAttribModify.obj
 0001:00019080       ?ExpEnhanceP@KNpcAttribModify@@AAEXPAVKNpc@@PAX@Z 1001a080 f   KNpcAttribModify.obj
 0001:000190c0       ?BlockRate@KNpcAttribModify@@AAEXPAVKNpc@@PAX@Z 1001a0c0 f   KNpcAttribModify.obj
 0001:000190e0       ?EnhanceHitP@KNpcAttribModify@@AAEXPAVKNpc@@PAX@Z 1001a0e0 f   KNpcAttribModify.obj
 0001:00019100       ?SkillEnhanceP@KNpcAttribModify@@AAEXPAVKNpc@@PAX@Z 1001a100 f   KNpcAttribModify.obj
 0001:00019120       ?SeriesEnhanceV@KNpcAttribModify@@AAEXPAVKNpc@@PAX@Z 1001a120 f   KNpcAttribModify.obj
 0001:00019140       ?SeriesResistV@KNpcAttribModify@@AAEXPAVKNpc@@PAX@Z 1001a140 f   KNpcAttribModify.obj
 0001:00019160       ?DamagePlusP@KNpcAttribModify@@AAEXPAVKNpc@@PAX@Z 1001a160 f   KNpcAttribModify.obj
 0001:00019180       ?AddPKNotP@KNpcAttribModify@@AAEXPAVKNpc@@PAX@Z 1001a180 f   KNpcAttribModify.obj
 0001:000191c0       ?BossDamagePlusP@KNpcAttribModify@@AAEXPAVKNpc@@PAX@Z 1001a1c0 f   KNpcAttribModify.obj
 0001:00019200       ?AppendEffect@KNpcAttribModify@@AAEXPAVKNpc@@PAX@Z 1001a200 f   KNpcAttribModify.obj
 0001:00019230       ?AddSkill@KNpcAttribModify@@AAEXPAVKNpc@@PAX@Z 1001a230 f   KNpcAttribModify.obj
 0001:00019270       ?AntiMagicShieldP@KNpcAttribModify@@AAEXPAVKNpc@@PAX@Z 1001a270 f   KNpcAttribModify.obj
 0001:000192b0       ?AntiStunReduceP@KNpcAttribModify@@AAEXPAVKNpc@@PAX@Z 1001a2b0 f   KNpcAttribModify.obj
 0001:000192f0       ?AntiCancelDamageP@KNpcAttribModify@@AAEXPAVKNpc@@PAX@Z 1001a2f0 f   KNpcAttribModify.obj
 0001:00019330       ?DoStunP@KNpcAttribModify@@AAEXPAVKNpc@@PAX@Z 1001a330 f   KNpcAttribModify.obj
 0001:00019370       ?Init@KNpcDeathCalcExp@@QAEXH@Z 1001a370 f   KNpcDeathCalcExp.obj
 0001:000193a0       ?Active@KNpcDeathCalcExp@@QAEXXZ 1001a3a0 f   KNpcDeathCalcExp.obj
 0001:00019560       ?AddDamage@KNpcDeathCalcExp@@QAEXHH@Z 1001a560 f   KNpcDeathCalcExp.obj
 0001:000196b0       ?CalcExp@KNpcDeathCalcExp@@QAEHXZ 1001a6b0 f   KNpcDeathCalcExp.obj
 0001:00019a20       ?Clear@KNpcDeathCalcExp@@QAEXXZ 1001aa20 f   KNpcDeathCalcExp.obj
 0001:00019a50       ??0KNpcFindPath@@QAE@XZ    1001aa50 f   KNpcFindPath.obj
 0001:00019a70       ?Init@KNpcFindPath@@QAEXH@Z 1001aa70 f   KNpcFindPath.obj
 0001:00019aa0       ?GetDir@KNpcFindPath@@QAEHHHHHHHPAH@Z 1001aaa0 f   KNpcFindPath.obj
 0001:00019ff0       ?Dir64To8@KNpcFindPath@@QAEHH@Z 1001aff0 f   KNpcFindPath.obj
 0001:0001a000       ?Dir8To64@KNpcFindPath@@QAEHH@Z 1001b000 f   KNpcFindPath.obj
 0001:0001a010       ?CheckDistance@KNpcFindPath@@QAEHHHHHH@Z 1001b010 f   KNpcFindPath.obj
 0001:0001a050       ?CheckBarrier@KNpcFindPath@@QAEHHH@Z 1001b050 f   KNpcFindPath.obj
 0001:0001a100       ??1KNpcSet@@QAE@XZ         1001b100 f i KNpcSet.obj
 0001:0001a150       ??0KNpcSet@@QAE@XZ         1001b150 f   KNpcSet.obj
 0001:0001a170       ?Init@KNpcSet@@QAEXXZ      1001b170 f   KNpcSet.obj
 0001:0001a370       ?LoadPlayerBaseValue@KNpcSet@@QAEXPAD@Z 1001b370 f   KNpcSet.obj
 0001:0001a460       ?IsNpcExist@KNpcSet@@QAEHHK@Z 1001b460 f   KNpcSet.obj
 0001:0001a490       ?GenOneRelation@KNpcSet@@AAE?AW4NPC_RELATION@@W4NPCKIND@@0W4NPCCAMP@@1@Z 1001b490 f   KNpcSet.obj
 0001:0001a520       ?GenRelationTable@KNpcSet@@AAEHXZ 1001b520 f   KNpcSet.obj
 0001:0001a580       ?SearchID@KNpcSet@@QAEHK@Z 1001b580 f   KNpcSet.obj
 0001:0001a5c0       ?SearchName@KNpcSet@@QAEHPAD@Z 1001b5c0 f   KNpcSet.obj
 0001:0001a610       ?SearchNameID@KNpcSet@@QAEHK@Z 1001b610 f   KNpcSet.obj
 0001:0001a670       ?FindFree@KNpcSet@@AAEHXZ  1001b670 f   KNpcSet.obj
 0001:0001a680       ?Add@KNpcSet@@QAEHHPAX@Z   1001b680 f   KNpcSet.obj
 0001:0001a770       ?Add@KNpcSet@@QAEHHHHH@Z   1001b770 f   KNpcSet.obj
 0001:0001a920       ?Add@KNpcSet@@QAEHHHHHHHH@Z 1001b920 f   KNpcSet.obj
 0001:0001aa60       ?Remove@KNpcSet@@QAEXH@Z   1001ba60 f   KNpcSet.obj
 0001:0001ac40       ?RemoveAll@KNpcSet@@QAEXXZ 1001bc40 f   KNpcSet.obj
 0001:0001acd0       ?SetID@KNpcSet@@AAEXH@Z    1001bcd0 f   KNpcSet.obj
 0001:0001ad00       ?GetDistance@KNpcSet@@SAHHH@Z 1001bd00 f   KNpcSet.obj
 0001:0001aeb0       ?GetDistanceSquare@KNpcSet@@SAHHH@Z 1001beb0 f   KNpcSet.obj
 0001:0001b040       ?GetNextIdx@KNpcSet@@QAEHH@Z 1001c040 f   KNpcSet.obj
 0001:0001b070       ?SyncNpc@KNpcSet@@QAEHKH@Z 1001c070 f   KNpcSet.obj
 0001:0001b0f0       ?ClearActivateFlagOfAllNpc@KNpcSet@@QAEXXZ 1001c0f0 f   KNpcSet.obj
 0001:0001b120       ?GetRelation@KNpcSet@@QAE?AW4NPC_RELATION@@HH@Z 1001c120 f   KNpcSet.obj
 0001:0001b480       ??M@YAHVKItemDropRateNode@@0@Z 1001c480 f   KNpcTemplate.obj
 0001:0001b4c0       ??8@YAHVKItemDropRateNode@@0@Z 1001c4c0 f   KNpcTemplate.obj
 0001:0001b510       ?InitNpcBaseData@KNpcTemplate@@QAEXH@Z 1001c510 f   KNpcTemplate.obj
 0001:0001b8e0       ?InitNpcLevelData@KNpcTemplate@@QAEXPAVKTabFile@@HPAVKLuaScript@@H@Z 1001c8e0 f   KNpcTemplate.obj
 0001:0001bbe0       ?GetNpcLevelDataFromScript@KNpcTemplate@@SAHPAVKLuaScript@@PADH1@Z 1001cbe0 f   KNpcTemplate.obj
 0001:0001bc80       ?GetNpcLevelDataFromScript@KNpcTemplate@@SAHPAVKLuaScript@@PADHNNN@Z 1001cc80 f   KNpcTemplate.obj
 0001:0001bd20       ?SkillString2Id@KNpcTemplate@@SAHPAD@Z 1001cd20 f   KNpcTemplate.obj
 0001:0001bdd0       ?DeleteTree@?$BinSTree@VKItemDropRateNode@@@@AAEXPAV?$TreeNode@VKItemDropRateNode@@@@@Z 1001cdd0 f i KNpcTemplate.obj
 0001:0001be10       ??1?$TreeNode@VKItemDropRateNode@@@@QAE@XZ 1001ce10 f i KNpcTemplate.obj
 0001:0001be80       ??0KPlayer@@QAE@XZ         1001ce80 f   KPlayer.obj
 0001:0001bf90       ??1KPlayerChat@@QAE@XZ     1001cf90 f i KPlayer.obj
 0001:0001bfb0       ??1CChatFriendTeam@@QAE@XZ 1001cfb0 f i KPlayer.obj
 0001:0001bfc0       ??1KPlayer@@QAE@XZ         1001cfc0 f   KPlayer.obj
 0001:0001c040       ?Release@KPlayer@@QAEXXZ   1001d040 f   KPlayer.obj
 0001:0001c230       ?SetPlayerIndex@KPlayer@@QAEXH@Z 1001d230 f   KPlayer.obj
 0001:0001c250       ?GetPlayerIndex@KPlayer@@QAEHXZ 1001d250 f   KPlayer.obj
 0001:0001c260       ?Active@KPlayer@@QAEXXZ    1001d260 f   KPlayer.obj
 0001:0001c450       ?ProcessMsg@KPlayer@@QAEXPAVKWorldMsgNode@@@Z 1001d450 f   KPlayer.obj
 0001:0001c460       ?IsWaitingRemove@KPlayer@@QAEHXZ 1001d460 f   KPlayer.obj
 0001:0001c480       ?WaitForRemove@KPlayer@@QAEXXZ 1001d480 f   KPlayer.obj
 0001:0001c490       ?IsLoginTimeOut@KPlayer@@QAEHXZ 1001d490 f   KPlayer.obj
 0001:0001c4d0       ?LoginTimeOut@KPlayer@@QAEXXZ 1001d4d0 f   KPlayer.obj
 0001:0001c500       ?Save@KPlayer@@QAEHXZ      1001d500 f   KPlayer.obj
 0001:0001c550       ?CanSave@KPlayer@@QAEHXZ   1001d550 f   KPlayer.obj
 0001:0001c5a0       ?SendSyncData@KPlayer@@QAEHAAHAAI@Z 1001d5a0 f   KPlayer.obj
 0001:0001c920       ?SendSyncData_Skill@KPlayer@@QAEHXZ 1001d920 f   KPlayer.obj
 0001:0001c9f0       ?SendCurNormalSyncData@KPlayer@@QAEXXZ 1001d9f0 f   KPlayer.obj
 0001:0001cab0       ?QuitGame@KPlayer@@QAEXH@Z 1001dab0 f   KPlayer.obj
 0001:0001cac0       ?BuyItem@KPlayer@@QAEXPAE@Z 1001dac0 f   KPlayer.obj
 0001:0001cb40       ?SellItem@KPlayer@@QAEXPAE@Z 1001db40 f   KPlayer.obj
 0001:0001cb90       ?GetLoginRevivalPos@KPlayer@@QAEXPAH00@Z 1001db90 f   KPlayer.obj
 0001:0001cbb0       ?GetDeathRevivalPos@KPlayer@@QAEXPAH00@Z 1001dbb0 f   KPlayer.obj
 0001:0001cbd0       ?SetTimer@KPlayer@@QAEXKH@Z 1001dbd0 f   KPlayer.obj
 0001:0001cc10       ?CloseTimer@KPlayer@@QAEXXZ 1001dc10 f   KPlayer.obj
 0001:0001cc30       ?SetRevivalPos@KPlayer@@QAEXHH@Z 1001dc30 f   KPlayer.obj
 0001:0001ccd0       ?S2CSendTeamInfo@KPlayer@@QAEXPAE@Z 1001dcd0 f   KPlayer.obj
 0001:0001cd00       ?SendSelfTeamInfo@KPlayer@@QAEXXZ 1001dd00 f   KPlayer.obj
 0001:0001cf10       ?CreateTeam@KPlayer@@QAEHPAE@Z 1001df10 f   KPlayer.obj
 0001:0001cf50       ?SetTeamState@KPlayer@@QAEHPAE@Z 1001df50 f   KPlayer.obj
 0001:0001cfc0       ?S2CSendAddTeamInfo@KPlayer@@QAEHPAE@Z 1001dfc0 f   KPlayer.obj
 0001:0001d270       ?AddTeamMember@KPlayer@@QAEHPAE@Z 1001e270 f   KPlayer.obj
 0001:0001d7f0       ?LeaveTeam@KPlayer@@QAEXPAE@Z 1001e7f0 f   KPlayer.obj
 0001:0001d9d0       ?TeamKickOne@KPlayer@@QAEXPAE@Z 1001e9d0 f   KPlayer.obj
 0001:0001dc20       ?TeamChangeCaptain@KPlayer@@QAEXPAE@Z 1001ec20 f   KPlayer.obj
 0001:0001e070       ?TeamDismiss@KPlayer@@QAEXPAE@Z 1001f070 f   KPlayer.obj
 0001:0001e300       ?SendFactionData@KPlayer@@AAEXXZ 1001f300 f   KPlayer.obj
 0001:0001e380       ?GetAboutPos@KPlayer@@QAEXPAUKMapPos@@@Z 1001f380 f   KPlayer.obj
 0001:0001e4a0       ?FindAroundPlayer@KPlayer@@QAEHK@Z 1001f4a0 f   KPlayer.obj
 0001:0001e590       ?CheckPlayerAround@KPlayer@@QAEHH@Z 1001f590 f   KPlayer.obj
 0001:0001e690       ?FindAroundNpc@KPlayer@@QAEHK@Z 1001f690 f   KPlayer.obj
 0001:0001e780       ?ResetProp@KPlayer@@QAEXE@Z 1001f780 f   KPlayer.obj
 0001:0001e9d0       ?AddBaseStrength@KPlayer@@AAEXH@Z 1001f9d0 f   KPlayer.obj
 0001:0001ea80       ?AddBaseDexterity@KPlayer@@AAEXH@Z 1001fa80 f   KPlayer.obj
 0001:0001eb40       ?AddBaseVitality@KPlayer@@AAEXH@Z 1001fb40 f   KPlayer.obj
 0001:0001ec70       ?AddBaseEngergy@KPlayer@@AAEXH@Z 1001fc70 f   KPlayer.obj
 0001:0001ed60       ?ChangeCurStrength@KPlayer@@QAEXH@Z 1001fd60 f   KPlayer.obj
 0001:0001ed80       ?ChangeCurDexterity@KPlayer@@QAEXH@Z 1001fd80 f   KPlayer.obj
 0001:0001edf0       ?ChangeCurVitality@KPlayer@@QAEXH@Z 1001fdf0 f   KPlayer.obj
 0001:0001eea0       ?ChangeCurEngergy@KPlayer@@QAEXH@Z 1001fea0 f   KPlayer.obj
 0001:0001ef00       ?SetNpcPhysicsDamage@KPlayer@@AAEXXZ 1001ff00 f   KPlayer.obj
 0001:0001efc0       ?SetNpcAttackRating@KPlayer@@AAEXXZ 1001ffc0 f   KPlayer.obj
 0001:0001eff0       ?SetNpcDefence@KPlayer@@AAEXXZ 1001fff0 f   KPlayer.obj
 0001:0001f020       ?AddExp@KPlayer@@QAEXHH@Z  10020020 f   KPlayer.obj
 0001:0001f4a0       ?AddSelfExp@KPlayer@@QAEXHH@Z 100204a0 f   KPlayer.obj
 0001:0001f600       ?DirectAddExp@KPlayer@@QAEXH@Z 10020600 f   KPlayer.obj
 0001:0001f6b0       ?LevelUp@KPlayer@@QAEX_N0F0@Z 100206b0 f   KPlayer.obj
 0001:0001fcd0       ?UpdataCurData@KPlayer@@QAEXXZ 10020cd0 f   KPlayer.obj
 0001:000206d0       ?ReCalcEquip@KPlayer@@QAEXXZ 100216d0 f   KPlayer.obj
 0001:00020790       ?ReCalcState@KPlayer@@QAEXXZ 10021790 f   KPlayer.obj
 0001:000207b0       ?AddLeadExp@KPlayer@@QAEXH@Z 100217b0 f   KPlayer.obj
 0001:00020870       ?LevelAddBaseLifeMax@KPlayer@@AAEXF@Z 10021870 f   KPlayer.obj
 0001:000208e0       ?LevelAddBaseStaminaMax@KPlayer@@AAEXF@Z 100218e0 f   KPlayer.obj
 0001:00020950       ?LevelAddBaseManaMax@KPlayer@@AAEXF@Z 10021950 f   KPlayer.obj
 0001:000209c0       ?ChangePlayerCamp@KPlayer@@QAEXH@Z 100219c0 f   KPlayer.obj
 0001:000209f0       ?EnchaseItem@KPlayer@@QAEXPAE@Z 100219f0 f   KPlayer.obj
 0001:00022950       ?ReturnItemComp@KPlayer@@QAEXH@Z 10023950 f   KPlayer.obj
 0001:00022a90       ?ReturnItemTrade@KPlayer@@QAEXH@Z 10023a90 f   KPlayer.obj
 0001:00022bd0       ?SendBroadCastTitle@KPlayer@@QAEXXZ 10023bd0 f   KPlayer.obj
 0001:00022c60       ?QueryChannel@KPlayer@@QAEXXZ 10023c60 f   KPlayer.obj
 0001:00022ca0       ?ServerActiveSale@KPlayer@@QAEXPAE@Z 10023ca0 f   KPlayer.obj
 0001:00022ef0       ?SplitItem@KPlayer@@QAEXPAE@Z 10023ef0 f   KPlayer.obj
 0001:000231e0       ?DealDiceGame@KPlayer@@QAEXPAE@Z 100241e0 f   KPlayer.obj
 0001:00023250       ?BuyMarket@KPlayer@@QAEXPAE@Z 10024250 f   KPlayer.obj
 0001:000232a0       ?ServerClickShop@KPlayer@@QAEXPAE@Z 100242a0 f   KPlayer.obj
 0001:000235f0       ?ServerLockItem@KPlayer@@QAEXPAE@Z 100245f0 f   KPlayer.obj
 0001:00023c40       ?UpdateItemTime@KPlayer@@QAEXXZ 10024c40 f   KPlayer.obj
 0001:00023e80       ?WriteItemDiary@KPlayer@@QAEXFHHHPAD@Z 10024e80 f   KPlayer.obj
 0001:00024800       ?WriteSuperShop@KPlayer@@QAEXHH@Z 10025800 f   KPlayer.obj
 0001:00024920       ?WriteLogin@KPlayer@@QAEXXZ 10025920 f   KPlayer.obj
 0001:00024a70       ?AddFaction@KPlayer@@QAEHPAD@Z 10025a70 f   KPlayer.obj
 0001:00024aa0       ?AddFaction@KPlayer@@QAEHH@Z 10025aa0 f   KPlayer.obj
 0001:00024ad0       ?LeaveCurFaction@KPlayer@@QAEHXZ 10025ad0 f   KPlayer.obj
 0001:00024b20       ?TaskClearTempVal@KPlayer@@QAEXXZ 10025b20 f   KPlayer.obj
 0001:00024b30       ?SendCMDOpenWH@KPlayer@@QAEXXZ 10025b30 f   KPlayer.obj
 0001:00024b90       ?LockServerWH@KPlayer@@QAEXXZ 10025b90 f   KPlayer.obj
 0001:00024c00       ?SendCMDCheckPass@KPlayer@@QAEXI@Z 10025c00 f   KPlayer.obj
 0001:00024c80       ?ServerChangePass@KPlayer@@QAEXIH@Z 10025c80 f   KPlayer.obj
 0001:00024d40       ?ServerSendChat@KPlayer@@QAEXPAE@Z 10025d40 f   KPlayer.obj
 0001:00024d60       ?AddPropPoint@KPlayer@@QAEXII@Z 10025d60 f   KPlayer.obj
 0001:00024dc0       ?AddBaseAttribute@KPlayer@@QAEXPAE@Z 10025dc0 f   KPlayer.obj
 0001:00024e30       ?ResetSkillPoint@KPlayer@@QAEXXZ 10025e30 f   KPlayer.obj
 0001:00024fd0       ?AddSkillPoint@KPlayer@@QAEXPAEH@Z 10025fd0 f   KPlayer.obj
 0001:00025390       ?ServerPickUpItem@KPlayer@@QAEHPAE@Z 10026390 f   KPlayer.obj
 0001:00025be0       ?EatItem@KPlayer@@QAEXPAE@Z 10026be0 f   KPlayer.obj
 0001:00025e30       ?ServerMoveItem@KPlayer@@QAEXPAE@Z 10026e30 f   KPlayer.obj
 0001:00026160       ?ServerRemoveAttrib@KPlayer@@QAEXXZ 10027160 f   KPlayer.obj
 0001:00026200       ?ServerApplyAttrib@KPlayer@@QAEXXZ 10027200 f   KPlayer.obj
 0001:000262a0       ?ServerSystemBox@KPlayer@@QAEXF@Z 100272a0 f   KPlayer.obj
 0001:000262f0       ?ServerThrowAwayItem@KPlayer@@QAEXPAE@Z 100272f0 f   KPlayer.obj
 0001:00026550       ?ChatSetTakeChannel@KPlayer@@QAEXPAE@Z 10027550 f   KPlayer.obj
 0001:00026570       ?ChatTransmitApplyAddFriend@KPlayer@@QAEXPAE@Z 10027570 f   KPlayer.obj
 0001:00026680       ?ChatAddFriend@KPlayer@@QAEHPAE@Z 10027680 f   KPlayer.obj
 0001:00026760       ?ChatRefuseFriend@KPlayer@@QAEXPAE@Z 10027760 f   KPlayer.obj
 0001:00026860       ?ChatResendAllFriend@KPlayer@@QAEXPAE@Z 10027860 f   KPlayer.obj
 0001:000268a0       ?ChatSendOneFriendData@KPlayer@@QAEXPAE@Z 100278a0 f   KPlayer.obj
 0001:000268c0       ?TradeApplyOpen@KPlayer@@QAEXPAE@Z 100278c0 f   KPlayer.obj
 0001:00026950       ?TradeApplyClose@KPlayer@@QAEXPAE@Z 10027950 f   KPlayer.obj
 0001:00026970       ?TradeApplyStart@KPlayer@@QAEXPAE@Z 10027970 f   KPlayer.obj
 0001:00026a30       ?TradeDecision@KPlayer@@QAEXPAE@Z 10027a30 f   KPlayer.obj
 0001:00027160       ?c2sTradeReplyStart@KPlayer@@QAEXPAE@Z 10028160 f   KPlayer.obj
 0001:00027440       ?SyncTradeState@KPlayer@@QAEXXZ 10028440 f   KPlayer.obj
 0001:00027590       ?SendEquipItemInfo@KPlayer@@QAEXH@Z 10028590 f   KPlayer.obj
 0001:00027a60       ?UseTownPortal@KPlayer@@QAEEXZ 10028a60 f   KPlayer.obj
 0001:00027b90       ?BackToTownPortal@KPlayer@@QAEXXZ 10028b90 f   KPlayer.obj
 0001:00027c00       ?Revive@KPlayer@@QAEXH@Z   10028c00 f   KPlayer.obj
 0001:00027dd0       ?Pay@KPlayer@@QAEHH@Z      10028dd0 f   KPlayer.obj
 0001:00027df0       ?Earn@KPlayer@@QAEHH@Z     10028df0 f   KPlayer.obj
 0001:00027e10       ?LaunchPlayer@KPlayer@@QAEXXZ 10028e10 f   KPlayer.obj
 0001:00027f30       ?ExecuteScript@KPlayer@@QAEHPAD0H0@Z 10028f30 f   KPlayer.obj
 0001:00027f80       ?ExecuteScript@KPlayer@@QAEHKPADH0@Z 10028f80 f   KPlayer.obj
 0001:00028160       ?ExecuteScript2@KPlayer@@QAEHKPADHH@Z 10029160 f   KPlayer.obj
 0001:00028340       ?DoScript@KPlayer@@QAEHPAD@Z 10029340 f   KPlayer.obj
 0001:000284b0       ??_EKLuaScript@@UAEPAXI@Z  100294b0 f i KPlayer.obj
 0001:000284b0       ??_GKLuaScript@@UAEPAXI@Z  100294b0 f i KPlayer.obj
 0001:000284d0       ?DoScriptAction@KPlayer@@QAEXPAUPLAYER_SCRIPTACTION_SYNC@@@Z 100294d0 f   KPlayer.obj
 0001:00028520       ?ProcessPlayerSelectFromUI_GetInput@KPlayer@@QAEXPAE@Z 10029520 f   KPlayer.obj
 0001:000285e0       ?ProcessPlayerSelectFromUI@KPlayer@@QAEXPAE@Z 100295e0 f   KPlayer.obj
 0001:000286d0       ?ChatFriendOnLine@KPlayer@@QAEXKH@Z 100296d0 f   KPlayer.obj
 0001:000287a0       ?GetFactionName@KPlayer@@QAEXPAD@Z 100297a0 f   KPlayer.obj
 0001:000287c0       ?AddTempTaskValue@KPlayer@@QAEHPAX@Z 100297c0 f   KPlayer.obj
 0001:000287e0       ?DialogNpc@KPlayer@@QAEXPAE@Z 100297e0 f   KPlayer.obj
 0001:00028bb0       ?IsState@KPlayer@@QAEHF@Z  10029bb0 f   KPlayer.obj
 0001:00028be0       ?GetMenuState@KPlayer@@QAEHXZ 10029be0 f   KPlayer.obj
 0001:00028bf0       ?SetFirstDamage@KPlayer@@QAEXXZ 10029bf0 f   KPlayer.obj
 0001:00028c60       ?SetBaseAttackRating@KPlayer@@QAEXXZ 10029c60 f   KPlayer.obj
 0001:00028c90       ?SetBaseDefence@KPlayer@@QAEXXZ 10029c90 f   KPlayer.obj
 0001:00028cc0       ?SetBaseResistData@KPlayer@@QAEXXZ 10029cc0 f   KPlayer.obj
 0001:00028ea0       ?SetBaseSpeedAndRadius@KPlayer@@QAEXXZ 10029ea0 f   KPlayer.obj
 0001:00028f50       ?CheckCanActiveSale@KPlayer@@QAEHXZ 10029f50 f   KPlayer.obj
 0001:00028fa0       ?SetNpcDamageAttrib@KPlayer@@QAEXXZ 10029fa0 f   KPlayer.obj
 0001:00028fb0       ?TobeExchangeServer@KPlayer@@QAEXKHH@Z 10029fb0 f   KPlayer.obj
 0001:00028ff0       ?IsExchangingServer@KPlayer@@QAEHXZ 10029ff0 f   KPlayer.obj
 0001:00029000       ?SetLastNetOperationTime@KPlayer@@QAEXH@Z 1002a000 f   KPlayer.obj
 0001:00029080       ?CreateTong@KPlayer@@QAEHHPAD@Z 1002a080 f   KPlayer.obj
 0001:000290a0       ?RepairItem@KPlayer@@QAEXK@Z 1002a0a0 f   KPlayer.obj
 0001:00029170       ?SetPricedItem@KPlayer@@QAEXKH@Z 1002a170 f   KPlayer.obj
 0001:000291d0       ?GetExtPoint@KPlayer@@QAEHXZ 1002a1d0 f   KPlayer.obj
 0001:000291e0       ?SetExtPoint@KPlayer@@QAEXHH@Z 1002a1e0 f   KPlayer.obj
 0001:00029210       ?PayExtPoint@KPlayer@@QAEHH@Z 1002a210 f   KPlayer.obj
 0001:00029240       ?UpdateEquipExTime@KPlayer@@QAEX_N@Z 1002a240 f   KPlayer.obj
 0001:00029290       ?GoCrazy@KPlayer@@QAEXXZ   1002a290 f   KPlayer.obj
 0001:00029370       ?DoMad@KPlayer@@QAEXXZ     1002a370 f   KPlayer.obj
 0001:00029410       ?CheckMapSale@KPlayer@@QAEEXZ 1002a410 f   KPlayer.obj
 0001:000294b0       ?Release@KPlayerChat@@QAEXXZ 1002a4b0 f   KPlayerChat.obj
 0001:00029520       ?CheckExist@KPlayerChat@@QAEHK@Z 1002a520 f   KPlayerChat.obj
 0001:00029570       ?CheckExist@KPlayerChat@@QAEHPAD@Z 1002a570 f   KPlayerChat.obj
 0001:00029610       ?GetFriendNode@KPlayerChat@@QAEPAVCChatFriend@@K@Z 1002a610 f   KPlayerChat.obj
 0001:00029660       ?GetTeamNo@KPlayerChat@@QAEHK@Z 1002a660 f   KPlayerChat.obj
 0001:000296b0       ?GetName@KPlayerChat@@QAEHKPAD@Z 1002a6b0 f   KPlayerChat.obj
 0001:00029720       ?SetTakeChannel@KPlayerChat@@QAEXK@Z 1002a720 f   KPlayerChat.obj
 0001:00029750       ?ServerSendChat@KPlayerChat@@QAEXHPAE@Z 1002a750 f   KPlayerChat.obj
 0001:0002a260       ?DataBaseAddOne@KPlayerChat@@QAEXHKPAD@Z 1002b260 f   KPlayerChat.obj
 0001:0002a280       ?AddFriendData@KPlayerChat@@QAEXHH@Z 1002b280 f   KPlayerChat.obj
 0001:0002a3d0       ??_GCChatFriend@@UAEPAXI@Z 1002b3d0 f i KPlayerChat.obj
 0001:0002a3d0       ??_ECChatFriend@@UAEPAXI@Z 1002b3d0 f i KPlayerChat.obj
 0001:0002a3f0       ??1CChatFriend@@UAE@XZ     1002b3f0 f i KPlayerChat.obj
 0001:0002a400       ?ResendOneFriendData@KPlayerChat@@QAEXKH@Z 1002b400 f   KPlayerChat.obj
 0001:0002a4b0       ?SyncFriendData@KPlayerChat@@QAEHHAAI@Z 1002b4b0 f   KPlayerChat.obj
 0001:0002a640       ?StartSendFriendData@KPlayerChat@@QAEXXZ 1002b640 f   KPlayerChat.obj
 0001:0002a670       ?DeleteFriendData@KPlayerChat@@QAEXKH@Z 1002b670 f   KPlayerChat.obj
 0001:0002a740       ?OffLine@KPlayerChat@@QAEXK@Z 1002b740 f   KPlayerChat.obj
 0001:0002a790       ?GetMsgOffLine@KPlayerChat@@QAEXKH@Z 1002b790 f   KPlayerChat.obj
 0001:0002a820       ?TimerAdd@KPlayerChat@@QAEXXZ 1002b820 f   KPlayerChat.obj
 0001:0002a830       ?CheckTalkChannel@KPlayerChat@@QAEHH@Z 1002b830 f   KPlayerChat.obj
 0001:0002a860       ?SendSystemInfo@KPlayerChat@@SAXHHPAD0H@Z 1002b860 f   KPlayerChat.obj
 0001:0002a990       ?SendGlobalSystemInfo@KPlayerChat@@SAXPAD0H@Z 1002b990 f   KPlayerChat.obj
 0001:0002aa30       ?SendInfoToGM@KPlayerChat@@SAXPAD00H@Z 1002ba30 f   KPlayerChat.obj
 0001:0002ab30       ?SendInfoToIP@KPlayerChat@@SAXKKPAD00H@Z 1002bb30 f   KPlayerChat.obj
 0001:0002ac20       ?MakeLove@KPlayerChat@@SAXPAD0E@Z 1002bc20 f   KPlayerChat.obj
 0001:0002ad40       ?MakeEnemy@KPlayerChat@@SAXPAD0@Z 1002bd40 f   KPlayerChat.obj
 0001:0002ae50       ??0CChatFriendTeam@@QAE@XZ 1002be50 f   KPlayerChat.obj
 0001:0002aea0       ?Release@CChatFriendTeam@@QAEXXZ 1002bea0 f   KPlayerChat.obj
 0001:0002af10       ?DataBaseAddOne@CChatFriendTeam@@QAEXHKPAD@Z 1002bf10 f   KPlayerChat.obj
 0001:0002b040       ??0KList@@QAE@XZ           1002c040 f i KPlayerDBFuns.obj
 0001:0002b090       ?AddDBPlayer@KPlayer@@QAEHPADHPAK@Z 1002c090 f   KPlayerDBFuns.obj
 0001:0002b0a0       ?LoadDBPlayerInfo@KPlayer@@QAEHPAEAAHAAI@Z 1002c0a0 f   KPlayerDBFuns.obj
 0001:0002b310       ?UpdateDBPlayerInfo@KPlayer@@QAEHPAE@Z 1002c310 f   KPlayerDBFuns.obj
 0001:0002b360       ?LoadPlayerBaseInfo@KPlayer@@AAEHPAEAAPAEAAI@Z 1002c360 f   KPlayerDBFuns.obj
 0001:0002b840       ?LoadPlayerItemList@KPlayer@@AAEHPAEAAPAEAAI@Z 1002c840 f   KPlayerDBFuns.obj
 0001:0002be80       ?LoadPlayerFightSkillList@KPlayer@@AAEHPAEAAPAEAAI@Z 1002ce80 f   KPlayerDBFuns.obj
 0001:0002bf40       ?LoadPlayerLifeSkilllList@KPlayer@@AAEHPAEAAPAEAAI@Z 1002cf40 f   KPlayerDBFuns.obj
 0001:0002bfd0       ?LoadPlayerTaskList@KPlayer@@AAEHPAEAAPAEAAI@Z 1002cfd0 f   KPlayerDBFuns.obj
 0001:0002c0d0       ?LoadPlayerTaskListPlus@KPlayer@@AAEHPAEAAPAEAAI@Z 1002d0d0 f   KPlayerDBFuns.obj
 0001:0002c130       ?SavePlayerBaseInfo@KPlayer@@AAEHPAE@Z 1002d130 f   KPlayerDBFuns.obj
 0001:0002c470       ?SavePlayerItemList@KPlayer@@AAEHPAE@Z 1002d470 f   KPlayerDBFuns.obj
 0001:0002c6c0       ?SavePlayerFightSkillList@KPlayer@@AAEHPAE@Z 1002d6c0 f   KPlayerDBFuns.obj
 0001:0002c740       ?SavePlayerLifeSkilllList@KPlayer@@AAEHPAE@Z 1002d740 f   KPlayerDBFuns.obj
 0001:0002c760       ?SavePlayerFriendList@KPlayer@@AAEHPAE@Z 1002d760 f   KPlayerDBFuns.obj
 0001:0002c800       ?SavePlayerTaskList@KPlayer@@AAEHPAE@Z 1002d800 f   KPlayerDBFuns.obj
 0001:0002c950       ??0KPlayerFaction@@QAE@XZ  1002d950 f   KPlayerFaction.obj
 0001:0002c960       ?Release@KPlayerFaction@@QAEXXZ 1002d960 f   KPlayerFaction.obj
 0001:0002c980       ?AddFaction@KPlayerFaction@@QAEHPAD@Z 1002d980 f   KPlayerFaction.obj
 0001:0002c9b0       ?AddFaction@KPlayerFaction@@QAEHH@Z 1002d9b0 f   KPlayerFaction.obj
 0001:0002c9e0       ?LeaveFaction@KPlayerFaction@@QAEXXZ 1002d9e0 f   KPlayerFaction.obj
 0001:0002c9f0       ?GetGurFactionCamp@KPlayerFaction@@QAEHXZ 1002d9f0 f   KPlayerFaction.obj
 0001:0002ca10       ?GetCurFactionNo@KPlayerFaction@@QAEHXZ 1002da10 f   KPlayerFaction.obj
 0001:0002ca20       ?GetCurFactionName@KPlayerFaction@@QAEXPAD@Z 1002da20 f   KPlayerFaction.obj
 0001:0002ca70       ??0KPlayerMenuState@@QAE@XZ 1002da70 f   KPlayerMenuState.obj
 0001:0002ca80       ?Release@KPlayerMenuState@@QAEXXZ 1002da80 f   KPlayerMenuState.obj
 0001:0002cac0       ?BackupState@KPlayerMenuState@@QAEXXZ 1002dac0 f   KPlayerMenuState.obj
 0001:0002cae0       ?RestoreState@KPlayerMenuState@@QAEXXZ 1002dae0 f   KPlayerMenuState.obj
 0001:0002cb00       ?SetState@KPlayerMenuState@@QAEXHHPADHK@Z 1002db00 f   KPlayerMenuState.obj
 0001:0002cca0       ?RestoreBackupState@KPlayerMenuState@@QAEXH@Z 1002dca0 f   KPlayerMenuState.obj
 0001:0002cd40       ?Init@KPlayerMenuStateGraph@@QAEHXZ 1002dd40 f   KPlayerMenuState.obj
 0001:0002ce00       ?GetStateSpr@KPlayerMenuStateGraph@@QAEXHPAD@Z 1002de00 f   KPlayerMenuState.obj
 0001:0002ce40       ??0KPlayerPK@@QAE@XZ       1002de40 f   KPlayerPK.obj
 0001:0002ce50       ?Init@KPlayerPK@@QAEXH@Z   1002de50 f   KPlayerPK.obj
 0001:0002ce80       ?Active@KPlayerPK@@QAEXXZ  1002de80 f   KPlayerPK.obj
 0001:0002ce90       ?SetNormalPKState@KPlayerPK@@QAEXHH@Z 1002de90 f   KPlayerPK.obj
 0001:0002d0c0       ?GetNormalPKState@KPlayerPK@@QAEHXZ 1002e0c0 f   KPlayerPK.obj
 0001:0002d0d0       ?EnmityPKClose@KPlayerPK@@QAEXXZ 1002e0d0 f   KPlayerPK.obj
 0001:0002d200       ?EnmityPKOpen@KPlayerPK@@QAEHH@Z 1002e200 f   KPlayerPK.obj
 0001:0002d700       ?GetEnmityPKState@KPlayerPK@@QAEHXZ 1002e700 f   KPlayerPK.obj
 0001:0002d710       ?GetEnmityPKAim@KPlayerPK@@QAEHXZ 1002e710 f   KPlayerPK.obj
 0001:0002d720       ?ExercisePKClose@KPlayerPK@@QAEXXZ 1002e720 f   KPlayerPK.obj
 0001:0002d830       ?ExercisePKOpen@KPlayerPK@@QAEHH@Z 1002e830 f   KPlayerPK.obj
 0001:0002da70       ?GetExercisePKAim@KPlayerPK@@QAEHXZ 1002ea70 f   KPlayerPK.obj
 0001:0002da80       ?SetPKValue@KPlayerPK@@QAEXH@Z 1002ea80 f   KPlayerPK.obj
 0001:0002db00       ?GetPKValue@KPlayerPK@@QAEHXZ 1002eb00 f   KPlayerPK.obj
 0001:0002db10       ?AddPKValue@KPlayerPK@@QAEXH@Z 1002eb10 f   KPlayerPK.obj
 0001:0002db90       ?CloseAll@KPlayerPK@@QAEXXZ 1002eb90 f   KPlayerPK.obj
 0001:0002dbb0       ?EnmityPKCountDown@KPlayerPK@@QAEXXZ 1002ebb0 f   KPlayerPK.obj
 0001:0002dd30       ??1KPlayerSet@@QAE@XZ      1002ed30 f i KPlayerSet.obj
 0001:0002dd80       ??0KPlayerSet@@QAE@XZ      1002ed80 f   KPlayerSet.obj
 0001:0002de10       ?Init@KPlayerSet@@QAEHXZ   1002ee10 f   KPlayerSet.obj
 0001:0002e540       ?FindFree@KPlayerSet@@AAEHXZ 1002f540 f   KPlayerSet.obj
 0001:0002e550       ?FindSame@KPlayerSet@@QAEHK@Z 1002f550 f   KPlayerSet.obj
 0001:0002e5a0       ?GetFirstPlayer@KPlayerSet@@QAEHXZ 1002f5a0 f   KPlayerSet.obj
 0001:0002e5c0       ?GetNextPlayer@KPlayerSet@@QAEHXZ 1002f5c0 f   KPlayerSet.obj
 0001:0002e5e0       ?Add@KPlayerSet@@QAEHPADPAXK0@Z 1002f5e0 f   KPlayerSet.obj
 0001:0002e730       ?Broadcasting@KPlayerSet@@QAEHPADH@Z 1002f730 f   KPlayerSet.obj
 0001:0002e7a0       ?SendWelcomeMsg@KPlayerSet@@AAEXH@Z 1002f7a0 f   KPlayerSet.obj
 0001:0002e890       ?ReloadWelcomeMsg@KPlayerSet@@QAEXXZ 1002f890 f   KPlayerSet.obj
 0001:0002e8a0       ?PrepareRemove@KPlayerSet@@QAEXH@Z 1002f8a0 f   KPlayerSet.obj
 0001:0002e930       ?PrepareLoginFailed@KPlayerSet@@QAEXH@Z 1002f930 f   KPlayerSet.obj
 0001:0002e9e0       ?PrepareExchange@KPlayerSet@@QAEXH@Z 1002f9e0 f   KPlayerSet.obj
 0001:0002ea70       ?RemoveQuiting@KPlayerSet@@QAEXH@Z 1002fa70 f   KPlayerSet.obj
 0001:0002ed20       ?RemoveLoginTimeOut@KPlayerSet@@QAEXH@Z 1002fd20 f   KPlayerSet.obj
 0001:0002ee60       ?RemoveExchanging@KPlayerSet@@QAEXH@Z 1002fe60 f   KPlayerSet.obj
 0001:0002f0e0       ?ProcessClientMessage@KPlayerSet@@QAEXHPBDH@Z 100300e0 f   KPlayerSet.obj
 0001:0002f130       ??0KLevelAdd@@QAE@XZ       10030130 f   KPlayerSet.obj
 0001:0002f1d0       ?Init@KLevelAdd@@QAEHXZ    100301d0 f   KPlayerSet.obj
 0001:0002f3c0       ?GetLevelExp@KLevelAdd@@QAEHH@Z 100303c0 f   KPlayerSet.obj
 0001:0002f3e0       ?GetLifePerLevel@KLevelAdd@@QAEHH@Z 100303e0 f   KPlayerSet.obj
 0001:0002f400       ?GetStaminaPerLevel@KLevelAdd@@QAEHH@Z 10030400 f   KPlayerSet.obj
 0001:0002f420       ?GetManaPerLevel@KLevelAdd@@QAEHH@Z 10030420 f   KPlayerSet.obj
 0001:0002f440       ?GetLifePerVitality@KLevelAdd@@QAEHH@Z 10030440 f   KPlayerSet.obj
 0001:0002f460       ?GetStaminaPerVitality@KLevelAdd@@QAEHH@Z 10030460 f   KPlayerSet.obj
 0001:0002f480       ?GetManaPerEnergy@KLevelAdd@@QAEHH@Z 10030480 f   KPlayerSet.obj
 0001:0002f4a0       ?GetLeadExpShare@KLevelAdd@@QAEHH@Z 100304a0 f   KPlayerSet.obj
 0001:0002f4c0       ?GetFireResist@KLevelAdd@@QAEHHH@Z 100304c0 f   KPlayerSet.obj
 0001:0002f510       ?GetColdResist@KLevelAdd@@QAEHHH@Z 10030510 f   KPlayerSet.obj
 0001:0002f560       ?GetPoisonResist@KLevelAdd@@QAEHHH@Z 10030560 f   KPlayerSet.obj
 0001:0002f5b0       ?GetLightResist@KLevelAdd@@QAEHHH@Z 100305b0 f   KPlayerSet.obj
 0001:0002f600       ?GetPhysicsResist@KLevelAdd@@QAEHHH@Z 10030600 f   KPlayerSet.obj
 0001:0002f650       ??0KTeamLeadExp@@QAE@XZ    10030650 f   KPlayerSet.obj
 0001:0002f670       ?Init@KTeamLeadExp@@QAEHXZ 10030670 f   KPlayerSet.obj
 0001:0002f740       ?GetLevel@KTeamLeadExp@@QAEHKH@Z 10030740 f   KPlayerSet.obj
 0001:0002f790       ?GetMemNumFromExp@KTeamLeadExp@@QAEHK@Z 10030790 f   KPlayerSet.obj
 0001:0002f7b0       ?GetMemNumFromLevel@KTeamLeadExp@@QAEHH@Z 100307b0 f   KPlayerSet.obj
 0001:0002f7d0       ?GetLevelExp@KTeamLeadExp@@QAEHH@Z 100307d0 f   KPlayerSet.obj
 0001:0002f7f0       ?Activate@KPlayerSet@@QAEXXZ 100307f0 f   KPlayerSet.obj
 0001:0002f800       ??0KNewPlayerAttribute@@QAE@XZ 10030800 f   KPlayerSet.obj
 0001:0002f850       ?Init@KNewPlayerAttribute@@QAEHXZ 10030850 f   KPlayerSet.obj
 0001:0002f970       ?GetPlayerName@KPlayerSet@@QAEHHPAD@Z 10030970 f   KPlayerSet.obj
 0001:0002f9e0       ?GetPlayerAccount@KPlayerSet@@QAEHHPAD@Z 100309e0 f   KPlayerSet.obj
 0001:0002fa50       ?AttachPlayer@KPlayerSet@@QAEHKPAU_GUID@@@Z 10030a50 f   KPlayerSet.obj
 0001:0002faf0       ?GetPlayerIndexByGuid@KPlayerSet@@QAEHPAU_GUID@@@Z 10030af0 f   KPlayerSet.obj
 0001:0002fb80       ?GetInt@KPlayerSet@@QAEHE@Z 10030b80 f   KPlayerSet.obj
 0001:0002fba0       ?SetInt@KPlayerSet@@QAEXEH@Z 10030ba0 f   KPlayerSet.obj
 0001:0002fc00       ?GetGroup@KPlayerSet@@QAEXFPAH0000PAD1@Z 10030c00 f   KPlayerSet.obj
 0001:0002fcf0       ?FindGroupByID@KPlayerSet@@QAEHH@Z 10030cf0 f   KPlayerSet.obj
 0001:0002fd20       ?AddGroup@KPlayerSet@@QAEHPBDH@Z 10030d20 f   KPlayerSet.obj
 0001:000300a0       ?SetGroupValue@KPlayerSet@@QAEXFHHHHHPBD0@Z 100310a0 f   KPlayerSet.obj
 0001:00030260       ?CloseDataFile@KPlayerSet@@QAEXXZ 10031260 f   KPlayerSet.obj
 0001:000302c0       ?ArrangeStat@KPlayerSet@@QAEXXZ 100312c0 f   KPlayerSet.obj
 0001:00030480       ?AutoSave@KPlayerSet@@QAEXXZ 10031480 f   KPlayerSet.obj
 0001:000304a0       ?WriteLog@KPlayerSet@@QAEXPAD0@Z 100314a0 f   KPlayerSet.obj
 0001:00030610       ??0KPlayerTask@@QAE@XZ     10031610 f   KPlayerTask.obj
 0001:00030620       ?Release@KPlayerTask@@QAEXXZ 10031620 f   KPlayerTask.obj
 0001:00030650       ?ClearTempVar@KPlayerTask@@QAEXXZ 10031650 f   KPlayerTask.obj
 0001:00030670       ?GetSaveVal@KPlayerTask@@QAEHH@Z 10031670 f   KPlayerTask.obj
 0001:000306a0       ?SetSaveVal@KPlayerTask@@QAEXHH@Z 100316a0 f   KPlayerTask.obj
 0001:000306d0       ?GetClearVal@KPlayerTask@@QAEHH@Z 100316d0 f   KPlayerTask.obj
 0001:000306f0       ?SetClearVal@KPlayerTask@@QAEXHH@Z 100316f0 f   KPlayerTask.obj
 0001:00030740       ?Release@KPlayerTeam@@QAEXXZ 10031740 f   KPlayerTeam.obj
 0001:00030770       ?CreateTeam@KPlayerTeam@@QAEHHPAUPLAYER_APPLY_CREATE_TEAM@@@Z 10031770 f   KPlayerTeam.obj
 0001:00030950       ?InviteAdd@KPlayerTeam@@QAEXHPAUTEAM_INVITE_ADD_COMMAND@@@Z 10031950 f   KPlayerTeam.obj
 0001:00030b20       ?GetInviteReply@KPlayerTeam@@QAEXHHH@Z 10031b20 f   KPlayerTeam.obj
 0001:000310c0       ?SetCanTeamFlag@KPlayerTeam@@QAEXHH@Z 100320c0 f   KPlayerTeam.obj
 0001:00031120       ??0KTeam@@QAE@XZ           10032120 f   KPlayerTeam.obj
 0001:00031130       ?Release@KTeam@@QAEXXZ     10032130 f   KPlayerTeam.obj
 0001:00031160       ?SetIndex@KTeam@@QAEXH@Z   10032160 f   KPlayerTeam.obj
 0001:00031170       ?FindFree@KTeam@@QAEHXZ    10032170 f   KPlayerTeam.obj
 0001:00031190       ?FindMemberID@KTeam@@QAEHK@Z 10032190 f   KPlayerTeam.obj
 0001:000311e0       ?CheckFull@KTeam@@QAEHXZ   100321e0 f   KPlayerTeam.obj
 0001:00031200       ?SetTeamOpen@KTeam@@QAEHXZ 10032200 f   KPlayerTeam.obj
 0001:00031280       ?SetTeamClose@KTeam@@QAEHXZ 10032280 f   KPlayerTeam.obj
 0001:000312e0       ?IsOpen@KTeam@@QAEHXZ      100322e0 f   KPlayerTeam.obj
 0001:000312f0       ?CalcCaptainPower@KTeam@@QAEHXZ 100322f0 f   KPlayerTeam.obj
 0001:00031320       ?CheckAddCondition@KTeam@@AAEHH@Z 10032320 f   KPlayerTeam.obj
 0001:000313a0       ?CreateTeam@KTeam@@QAEHH@Z 100323a0 f   KPlayerTeam.obj
 0001:000313c0       ?AddMember@KTeam@@QAEHH@Z  100323c0 f   KPlayerTeam.obj
 0001:00031420       ?DeleteMember@KTeam@@QAEHH@Z 10032420 f   KPlayerTeam.obj
 0001:000317d0       ?CheckIn@KTeam@@QAEHH@Z    100327d0 f   KPlayerTeam.obj
 0001:00031800       ?Init@KTeamSet@@QAEXXZ     10032800 f   KPlayerTeam.obj
 0001:00031820       ?FindFree@KTeamSet@@AAEHXZ 10032820 f   KPlayerTeam.obj
 0001:00031840       ?CreateTeam@KTeamSet@@QAEHH@Z 10032840 f   KPlayerTeam.obj
 0001:00031880       ?Init@KPlayerTong@@QAEXH@Z 10032880 f   KPlayerTong.obj
 0001:00031890       ?Clear@KPlayerTong@@QAEXXZ 10032890 f   KPlayerTong.obj
 0001:000318c0       ?CheckCreateCondition@KPlayerTong@@QAEHHPAD@Z 100328c0 f   KPlayerTong.obj
 0001:00031a60       ?Create@KPlayerTong@@QAEHHPAD@Z 10032a60 f   KPlayerTong.obj
 0001:00031ce0       ?TransferAddApply@KPlayerTong@@QAEHK@Z 10032ce0 f   KPlayerTong.obj
 0001:00031e90       ?CheckAcceptAddApplyCondition@KPlayerTong@@AAEHXZ 10032e90 f   KPlayerTong.obj
 0001:00031eb0       ?SendRefuseMessage@KPlayerTong@@QAEXHK@Z 10032eb0 f   KPlayerTong.obj
 0001:00032080       ?GetTongName@KPlayerTong@@QAEXPAD@Z 10033080 f   KPlayerTong.obj
 0001:000320c0       ?GetTongTitle@KPlayerTong@@QAEXPAD@Z 100330c0 f   KPlayerTong.obj
 0001:00032100       ?CheckAddCondition@KPlayerTong@@QAEHH@Z 10033100 f   KPlayerTong.obj
 0001:000321b0       ?AddTong@KPlayerTong@@QAEHHPAD00F@Z 100331b0 f   KPlayerTong.obj
 0001:00032440       ?GetTongNameID@KPlayerTong@@QAEKXZ 10033440 f   KPlayerTong.obj
 0001:00032450       ?SendSelfInfo@KPlayerTong@@QAEXXZ 10033450 f   KPlayerTong.obj
 0001:00032550       ?CheckInstatePower@KPlayerTong@@QAEHPAUTONG_APPLY_INSTATE_COMMAND@@@Z 10033550 f   KPlayerTong.obj
 0001:00032620       ?CheckChangeNamePower@KPlayerTong@@QAEHPAUTONG_APPLY_CHANGENAME_COMMAND@@@Z 10033620 f   KPlayerTong.obj
 0001:000326c0       ?CheckChangeAllNamePower@KPlayerTong@@QAEHPAUTONG_APPLY_CHANGEALLNAME_COMMAND@@@Z 100336c0 f   KPlayerTong.obj
 0001:00032710       ?CheckSendMoneyPower@KPlayerTong@@QAEHEH@Z 10033710 f   KPlayerTong.obj
 0001:000327d0       ?CheckChangeCampPower@KPlayerTong@@QAEHE@Z 100337d0 f   KPlayerTong.obj
 0001:00032800       ?CheckUpInfoPower@KPlayerTong@@QAEHXZ 10033800 f   KPlayerTong.obj
 0001:00032820       ?CheckKickPower@KPlayerTong@@QAEHPAUTONG_APPLY_KICK_COMMAND@@@Z 10033820 f   KPlayerTong.obj
 0001:00032880       ?BeInstated@KPlayerTong@@QAEXPAUSTONG_SERVER_TO_CORE_BE_INSTATED@@@Z 10033880 f   KPlayerTong.obj
 0001:00032920       ?BeChangeName@KPlayerTong@@QAEXPAUSTONG_SERVER_TO_CORE_BE_CHANGENAME@@@Z 10033920 f   KPlayerTong.obj
 0001:000329b0       ?BeKicked@KPlayerTong@@QAEXPAUSTONG_SERVER_TO_CORE_BE_KICKED@@@Z 100339b0 f   KPlayerTong.obj
 0001:00032b20       ?CheckLeavePower@KPlayerTong@@QAEHPAUTONG_APPLY_LEAVE_COMMAND@@@Z 10033b20 f   KPlayerTong.obj
 0001:00032bc0       ?Leave@KPlayerTong@@QAEXPAUSTONG_SERVER_TO_CORE_LEAVE@@@Z 10033bc0 f   KPlayerTong.obj
 0001:00032dc0       ?CheckChangeMasterPower@KPlayerTong@@QAEHPAUTONG_APPLY_CHANGE_MASTER_COMMAND@@@Z 10033dc0 f   KPlayerTong.obj
 0001:00032e40       ?CheckGetMasterPower@KPlayerTong@@QAEHPAUSTONG_SERVER_TO_CORE_CHECK_GET_MASTER_POWER@@@Z 10033e40 f   KPlayerTong.obj
 0001:00032f30       ?ChangeAs@KPlayerTong@@QAEXPAUSTONG_SERVER_TO_CORE_CHANGE_AS@@@Z 10033f30 f   KPlayerTong.obj
 0001:000330c0       ?ChangeMaster@KPlayerTong@@QAEXPAD@Z 100340c0 f   KPlayerTong.obj
 0001:00033120       ?Login@KPlayerTong@@QAEXPAUSTONG_SERVER_TO_CORE_LOGIN@@@Z 10034120 f   KPlayerTong.obj
 0001:00033380       ?SetCamp@KPlayerTong@@QAEXE@Z 10034380 f   KPlayerTong.obj
 0001:00033450       ??0KTrade@@QAE@XZ          10034450 f   KPlayerTrade.obj
 0001:00033470       ?Release@KTrade@@QAEXXZ    10034470 f   KPlayerTrade.obj
 0001:00033490       ?StartTrade@KTrade@@QAEHHHH@Z 10034490 f   KPlayerTrade.obj
 0001:000334d0       ?LoadRecord@@YAHPAVKTabFile@@HPBUtagPROPINFO@@H@Z 100344d0 f   KBasPropTbl.obj
 0001:00033550       ??0KLibOfBPT@@QAE@XZ       10034550 f   KBasPropTbl.obj
 0001:00033720       ??1KLibOfBPT@@QAE@XZ       10034720 f   KBasPropTbl.obj
 0001:000338f0       ?Init@KLibOfBPT@@QAEHXZ    100348f0 f   KBasPropTbl.obj
 0001:00033a30       ?InitMAIT@KLibOfBPT@@IAEHXZ 10034a30 f   KBasPropTbl.obj
 0001:00033b60       ?InitMALib@KLibOfBPT@@IAEHXZ 10034b60 f   KBasPropTbl.obj
 0001:00033c40       ?GetCMAT@KLibOfBPT@@QBEPBVKBPT_ClassifiedMAT@@HH@Z 10034c40 f   KBasPropTbl.obj
 0001:00033c80       ?GetCMIT@KLibOfBPT@@QBEPBVKBPT_ClassMAIT@@HHHH@Z 10034c80 f   KBasPropTbl.obj
 0001:00033cf0       ?GetMARecord@KLibOfBPT@@QBEPBUKMAGICATTRIB_TABFILE@@H@Z 10034cf0 f   KBasPropTbl.obj
 0001:00033d10       ?GetMARecordNumber@KLibOfBPT@@QBE?BHXZ 10034d10 f   KBasPropTbl.obj
 0001:00033d20       ?GetMeleeWeaponRecord@KLibOfBPT@@QBEPBUKBASICPROP_EQUIPMENT@@H@Z 10034d20 f   KBasPropTbl.obj
 0001:00033d40       ?GetMeleeWeaponRecordNumber@KLibOfBPT@@QBE?BHXZ 10034d40 f   KBasPropTbl.obj
 0001:00033d50       ?GetRangeWeaponRecord@KLibOfBPT@@QBEPBUKBASICPROP_EQUIPMENT@@H@Z 10034d50 f   KBasPropTbl.obj
 0001:00033d70       ?GetRangeWeaponRecordNumber@KLibOfBPT@@QBE?BHXZ 10034d70 f   KBasPropTbl.obj
 0001:00033d80       ?GetArmorRecord@KLibOfBPT@@QBEPBUKBASICPROP_EQUIPMENT@@H@Z 10034d80 f   KBasPropTbl.obj
 0001:00033da0       ?GetArmorRecordNumber@KLibOfBPT@@QBE?BHXZ 10034da0 f   KBasPropTbl.obj
 0001:00033db0       ?GetHelmRecord@KLibOfBPT@@QBEPBUKBASICPROP_EQUIPMENT@@H@Z 10034db0 f   KBasPropTbl.obj
 0001:00033dd0       ?GetHelmRecordNumber@KLibOfBPT@@QBE?BHXZ 10034dd0 f   KBasPropTbl.obj
 0001:00033de0       ?GetBootRecord@KLibOfBPT@@QBEPBUKBASICPROP_EQUIPMENT@@H@Z 10034de0 f   KBasPropTbl.obj
 0001:00033e00       ?GetBootRecordNumber@KLibOfBPT@@QBE?BHXZ 10034e00 f   KBasPropTbl.obj
 0001:00033e10       ?GetBeltRecord@KLibOfBPT@@QBEPBUKBASICPROP_EQUIPMENT@@H@Z 10034e10 f   KBasPropTbl.obj
 0001:00033e30       ?GetBeltRecordNumber@KLibOfBPT@@QBE?BHXZ 10034e30 f   KBasPropTbl.obj
 0001:00033e40       ?GetAmuletRecord@KLibOfBPT@@QBEPBUKBASICPROP_EQUIPMENT@@H@Z 10034e40 f   KBasPropTbl.obj
 0001:00033e60       ?GetAmuletRecordNumber@KLibOfBPT@@QBE?BHXZ 10034e60 f   KBasPropTbl.obj
 0001:00033e70       ?GetRingRecord@KLibOfBPT@@QBEPBUKBASICPROP_EQUIPMENT@@H@Z 10034e70 f   KBasPropTbl.obj
 0001:00033e90       ?GetRingRecordNumber@KLibOfBPT@@QBE?BHXZ 10034e90 f   KBasPropTbl.obj
 0001:00033ea0       ?GetCuffRecord@KLibOfBPT@@QBEPBUKBASICPROP_EQUIPMENT@@H@Z 10034ea0 f   KBasPropTbl.obj
 0001:00033ec0       ?GetCuffRecordNumber@KLibOfBPT@@QBE?BHXZ 10034ec0 f   KBasPropTbl.obj
 0001:00033ed0       ?GetPendantRecord@KLibOfBPT@@QBEPBUKBASICPROP_EQUIPMENT@@H@Z 10034ed0 f   KBasPropTbl.obj
 0001:00033ef0       ?GetPendantRecordNumber@KLibOfBPT@@QBE?BHXZ 10034ef0 f   KBasPropTbl.obj
 0001:00033f00       ?GetHorseRecord@KLibOfBPT@@QBEPBUKBASICPROP_EQUIPMENT@@H@Z 10034f00 f   KBasPropTbl.obj
 0001:00033f20       ?GetHorseRecordNumber@KLibOfBPT@@QBE?BHXZ 10034f20 f   KBasPropTbl.obj
 0001:00033f30       ?GetMaskRecord@KLibOfBPT@@QBEPBUKBASICPROP_EQUIPMENT@@H@Z 10034f30 f   KBasPropTbl.obj
 0001:00033f50       ?GetMaskRecordNumber@KLibOfBPT@@QBE?BHXZ 10034f50 f   KBasPropTbl.obj
 0001:00033f60       ?GetGownRecord@KLibOfBPT@@QBEPBUKBASICPROP_EQUIPMENT@@H@Z 10034f60 f   KBasPropTbl.obj
 0001:00033f80       ?GetGownRecordNumber@KLibOfBPT@@QBE?BHXZ 10034f80 f   KBasPropTbl.obj
 0001:00033f90       ?GetSignetRecord@KLibOfBPT@@QBEPBUKBASICPROP_EQUIPMENT@@H@Z 10034f90 f   KBasPropTbl.obj
 0001:00033fb0       ?GetSignetRecordNumber@KLibOfBPT@@QBE?BHXZ 10034fb0 f   KBasPropTbl.obj
 0001:00033fc0       ?GetJewelryRecord@KLibOfBPT@@QBEPBUKBASICPROP_EQUIPMENT@@H@Z 10034fc0 f   KBasPropTbl.obj
 0001:00033fe0       ?GetJewelryRecordNumber@KLibOfBPT@@QBE?BHXZ 10034fe0 f   KBasPropTbl.obj
 0001:00033ff0       ?GetNewGoldRecord@KLibOfBPT@@QBEPBUKBASICPROP_EQUIPMENT_GOLD@@H@Z 10034ff0 f   KBasPropTbl.obj
 0001:00034010       ?GetNewGoldRecordNumber@KLibOfBPT@@QBE?BHXZ 10035010 f   KBasPropTbl.obj
 0001:00034020       ?GetMedicineRecord@KLibOfBPT@@QBEPBUKBASICPROP_MEDICINE@@H@Z 10035020 f   KBasPropTbl.obj
 0001:00034030       ?GetMedicineRecordNumber@KLibOfBPT@@QBE?BHXZ 10035030 f   KBasPropTbl.obj
 0001:00034040       ?GetQuestRecord@KLibOfBPT@@QBEPBUKBASICPROP_QUEST@@H@Z 10035040 f   KBasPropTbl.obj
 0001:00034060       ?GetQuestRecordNumber@KLibOfBPT@@QBE?BHXZ 10035060 f   KBasPropTbl.obj
 0001:00034070       ?GetUsingRecord@KLibOfBPT@@QBEPBUKBASICPROP_QUEST@@H@Z 10035070 f   KBasPropTbl.obj
 0001:00034090       ?GetUsingRecordNumber@KLibOfBPT@@QBE?BHXZ 10035090 f   KBasPropTbl.obj
 0001:000340a0       ?GetMatRecord@KLibOfBPT@@QBEPBUKBASICPROP_QUEST@@H@Z 100350a0 f   KBasPropTbl.obj
 0001:000340c0       ?GetMatRecordNumber@KLibOfBPT@@QBE?BHXZ 100350c0 f   KBasPropTbl.obj
 0001:000340d0       ?GetEventRecord@KLibOfBPT@@QBEPBUKBASICPROP_QUEST@@H@Z 100350d0 f   KBasPropTbl.obj
 0001:000340f0       ?GetEventRecordNumber@KLibOfBPT@@QBE?BHXZ 100350f0 f   KBasPropTbl.obj
 0001:00034100       ?FindMedicine@KLibOfBPT@@QBEPBUKBASICPROP_MEDICINE@@HH@Z 10035100 f   KBasPropTbl.obj
 0001:00034110       ??0KBasicPropertyTable@@QAE@XZ 10035110 f   KBasPropTbl.obj
 0001:00034130       ??1KBasicPropertyTable@@QAE@XZ 10035130 f   KBasPropTbl.obj
 0001:00034140       ?SetCount@KBasicPropertyTable@@IAEXH@Z 10035140 f   KBasPropTbl.obj
 0001:00034150       ?GetMemory@KBasicPropertyTable@@IAEHXZ 10035150 f   KBasPropTbl.obj
 0001:00034180       ?ReleaseMemory@KBasicPropertyTable@@IAEXXZ 10035180 f   KBasPropTbl.obj
 0001:000341b0       ?Load@KBasicPropertyTable@@UAEHXZ 100351b0 f   KBasPropTbl.obj
 0001:000342a0       ??0KBPT_Quest@@QAE@XZ      100352a0 f   KBasPropTbl.obj
 0001:000342f0       ??1KBPT_Quest@@QAE@XZ      100352f0 f   KBasPropTbl.obj
 0001:00034300       ?LoadRecord@KBPT_Quest@@MAEHHPAVKTabFile@@@Z 10035300 f   KBasPropTbl.obj
 0001:00034450       ?GetRecord@KBPT_Quest@@QBEPBUKBASICPROP_QUEST@@H@Z 10035450 f   KBasPropTbl.obj
 0001:00034480       ?FindRecord@KBPT_Quest@@QBEPBUKBASICPROP_QUEST@@H@Z 10035480 f   KBasPropTbl.obj
 0001:000344c0       ??0KBPT_Using@@QAE@XZ      100354c0 f   KBasPropTbl.obj
 0001:00034510       ??1KBPT_Using@@QAE@XZ      10035510 f   KBasPropTbl.obj
 0001:00034520       ?LoadRecord@KBPT_Using@@MAEHHPAVKTabFile@@@Z 10035520 f   KBasPropTbl.obj
 0001:00034670       ?GetRecord@KBPT_Using@@QBEPBUKBASICPROP_QUEST@@H@Z 10035670 f   KBasPropTbl.obj
 0001:000346a0       ?FindRecord@KBPT_Using@@QBEPBUKBASICPROP_QUEST@@H@Z 100356a0 f   KBasPropTbl.obj
 0001:000346e0       ??0KBPT_Mat@@QAE@XZ        100356e0 f   KBasPropTbl.obj
 0001:00034730       ??1KBPT_Mat@@QAE@XZ        10035730 f   KBasPropTbl.obj
 0001:00034740       ?LoadRecord@KBPT_Mat@@MAEHHPAVKTabFile@@@Z 10035740 f   KBasPropTbl.obj
 0001:00034890       ?GetRecord@KBPT_Mat@@QBEPBUKBASICPROP_QUEST@@H@Z 10035890 f   KBasPropTbl.obj
 0001:000348c0       ?FindRecord@KBPT_Mat@@QBEPBUKBASICPROP_QUEST@@H@Z 100358c0 f   KBasPropTbl.obj
 0001:00034900       ??0KBPT_Event@@QAE@XZ      10035900 f   KBasPropTbl.obj
 0001:00034950       ??1KBPT_Event@@QAE@XZ      10035950 f   KBasPropTbl.obj
 0001:00034960       ?LoadRecord@KBPT_Event@@MAEHHPAVKTabFile@@@Z 10035960 f   KBasPropTbl.obj
 0001:00034ab0       ?GetRecord@KBPT_Event@@QBEPBUKBASICPROP_QUEST@@H@Z 10035ab0 f   KBasPropTbl.obj
[...]
 0001:000434d0       _$E75                      100444d0 f   KCore.obj
 0001:000434f0       _$E74                      100444f0 f   KCore.obj
 0001:000418d0       _$E6                       100428d0 f   KObjSet.obj
 0001:000418e0       _$E3                       100428e0 f   KObjSet.obj
 0001:000418f0       _$E5                       100428f0 f   KObjSet.obj
 0001:00041900       _$E4                       10042900 f   KObjSet.obj
 0001:00040620       _$E6                       10041620 f   KObj.obj
 0001:00040630       _$E5                       10041630 f   KObj.obj
 0001:000400d0       _$E6                       100410d0 f   KItemSet.obj
 0001:000400e0       _$E3                       100410e0 f   KItemSet.obj
 0001:000400f0       _$E5                       100410f0 f   KItemSet.obj
 0001:00040100       _$E4                       10041100 f   KItemSet.obj
 0001:00038fe0       _$E6                       10039fe0 f   KItemGenerator.obj
 0001:00038ff0       _$E3                       10039ff0 f   KItemGenerator.obj
 0001:00039000       _$E5                       1003a000 f   KItemGenerator.obj
 0001:00039010       _$E4                       1003a010 f   KItemGenerator.obj
 0001:00038c80       _$E6                       10039c80 f   KItemChangeRes.obj
 0001:00038c90       _$E3                       10039c90 f   KItemChangeRes.obj
 0001:00038ca0       _$E5                       10039ca0 f   KItemChangeRes.obj
 0001:00038cb0       _$E4                       10039cb0 f   KItemChangeRes.obj
 0001:00037bf0       _$E18                      10038bf0 f   KItem.obj
 0001:00037c00       _$E15                      10038c00 f   KItem.obj
 0001:00037c20       _$E17                      10038c20 f   KItem.obj
 0001:00037c30       _$E16                      10038c30 f   KItem.obj
 0001:00038c50       _$E25                      10039c50 f   KItem.obj
 0001:00038c70       _$E24                      10039c70 f   KItem.obj
 0001:00036c70       _$E8                       10037c70 f   KenSuperShop.obj
 0001:00036c80       _$E5                       10037c80 f   KenSuperShop.obj
 0001:00036c90       _$E7                       10037c90 f   KenSuperShop.obj
 0001:00036ca0       _$E6                       10037ca0 f   KenSuperShop.obj
 0001:00035fd0       _$E8                       10036fd0 f   KBuySell.obj
 0001:00035fe0       _$E5                       10036fe0 f   KBuySell.obj
 0001:00035ff0       _$E7                       10036ff0 f   KBuySell.obj
 0001:00036000       _$E6                       10037000 f   KBuySell.obj
 0001:00030710       _$E6                       10031710 f   KPlayerTeam.obj
 0001:00030720       _$E5                       10031720 f   KPlayerTeam.obj
 0001:00030550       _$E6                       10031550 f   KPlayerTask.obj
 0001:00030560       _$E3                       10031560 f   KPlayerTask.obj
 0001:00030570       _$E5                       10031570 f   KPlayerTask.obj
 0001:00030580       _$E4                       10031580 f   KPlayerTask.obj
 0001:00030590       _$E11                      10031590 f   KPlayerTask.obj
 0001:000305a0       _$E8                       100315a0 f   KPlayerTask.obj
 0001:000305b0       _$E10                      100315b0 f   KPlayerTask.obj
 0001:000305c0       _$E9                       100315c0 f   KPlayerTask.obj
 0001:000305d0       _$E16                      100315d0 f   KPlayerTask.obj
 0001:000305e0       _$E13                      100315e0 f   KPlayerTask.obj
 0001:000305f0       _$E15                      100315f0 f   KPlayerTask.obj
 0001:00030600       _$E14                      10031600 f   KPlayerTask.obj
 0001:0002dcf0       _$E20                      1002ecf0 f   KPlayerSet.obj
 0001:0002dd00       _$E17                      1002ed00 f   KPlayerSet.obj
 0001:0002dd10       _$E19                      1002ed10 f   KPlayerSet.obj
 0001:0002dd20       _$E18                      1002ed20 f   KPlayerSet.obj
 0001:00030520       _$E27                      10031520 f   KPlayerSet.obj
 0001:00030540       _$E26                      10031540 f   KPlayerSet.obj
 0001:0002b020       _$E20                      1002c020 f   KPlayerDBFuns.obj
 0001:0002b030       _$E17                      1002c030 f   KPlayerDBFuns.obj
 0001:0002b070       _$E19                      1002c070 f   KPlayerDBFuns.obj
 0001:0002b080       _$E18                      1002c080 f   KPlayerDBFuns.obj
 0001:0002c920       _$E27                      1002d920 f   KPlayerDBFuns.obj
 0001:0002c940       _$E26                      1002d940 f   KPlayerDBFuns.obj
 0001:0002aff0       _$E28                      1002bff0 f   KPlayerChat.obj
 0001:0002b010       _$E27                      1002c010 f   KPlayerChat.obj
 0001:0001be20       _$E20                      1001ce20 f   KPlayer.obj
 0001:0001be30       _$E17                      1001ce30 f   KPlayer.obj
 0001:0001be50       _$E19                      1001ce50 f   KPlayer.obj
 0001:0001be60       _$E18                      1001ce60 f   KPlayer.obj
 0001:00029480       _$E27                      1002a480 f   KPlayer.obj
 0001:000294a0       _$E26                      1002a4a0 f   KPlayer.obj
 0001:0001b3e0       _$E6                       1001c3e0 f   KNpcTemplate.obj
 0001:0001b3f0       _$E3                       1001c3f0 f   KNpcTemplate.obj
 0001:0001b410       _$E5                       1001c410 f   KNpcTemplate.obj
 0001:0001b420       _$E4                       1001c420 f   KNpcTemplate.obj
 0001:0001a0c0       _$E8                       1001b0c0 f   KNpcSet.obj
 0001:0001a0d0       _$E5                       1001b0d0 f   KNpcSet.obj
 0001:0001a0e0       _$E7                       1001b0e0 f   KNpcSet.obj
 0001:0001a0f0       _$E6                       1001b0f0 f   KNpcSet.obj
 0001:00017500       _$E10                      10018500 f   KNpcAttribModify.obj
 0001:00017510       _$E7                       10018510 f   KNpcAttribModify.obj
 0001:00017520       _$E9                       10018520 f   KNpcAttribModify.obj
 0001:00017530       _$E8                       10018530 f   KNpcAttribModify.obj
 0001:000157a0       _$E6                       100167a0 f   KNpcAI.obj
 0001:000157b0       _$E5                       100167b0 f   KNpcAI.obj
 0001:00009b20       _$E10                      1000ab20 f   KNpc.obj
 0001:00009b30       _$E7                       1000ab30 f   KNpc.obj
 0001:00009b50       _$E9                       1000ab50 f   KNpc.obj
 0001:00009b60       _$E8                       1000ab60 f   KNpc.obj
 0001:000042b0       _$E8                       100052b0 f   KSkillManager.obj
 0001:000042c0       _$E5                       100052c0 f   KSkillManager.obj
 0001:000042d0       _$E7                       100052d0 f   KSkillManager.obj
 0001:000042e0       _$E6                       100052e0 f   KSkillManager.obj
 0001:00004270       _$E22                      10005270 f   KSkillList.obj
 0001:00004290       _$E21                      10005290 f   KSkillList.obj
 0001:000033b0       _$E6                       100043b0 f   KMissleSet.obj
 0001:000033c0       _$E3                       100043c0 f   KMissleSet.obj
 0001:000033d0       _$E5                       100043d0 f   KMissleSet.obj
 0001:000033e0       _$E4                       100043e0 f   KMissleSet.obj
 0001:00000b90       _$E8                       10001b90 f   KMissle.obj
 0001:00000ba0       _$E5                       10001ba0 f   KMissle.obj
 0001:00000bc0       _$E7                       10001bc0 f   KMissle.obj
 0001:00000bd0       _$E6                       10001bd0 f   KMissle.obj
 0001:00000bf0       _$E13                      10001bf0 f   KMissle.obj
 0001:00000c00       _$E10                      10001c00 f   KMissle.obj
 0001:00000c20       _$E12                      10001c20 f   KMissle.obj
 0001:00000c30       _$E11                      10001c30 f   KMissle.obj
 0001:00064f90       _$E19                      10065f90 f   common:Exception.obj
 0001:00064fb0       _$E18                      10065fb0 f   common:Exception.obj
 0001:000649b0       _$E23                      100659b0 f   common:Buffer.obj
 0001:000649d0       _$E22                      100659d0 f   common:Buffer.obj
 0001:00065390       _$E24                      10066390 f   libcpmt:string.obj
 0001:000653ba       _$E20                      100663ba f   libcpmt:string.obj
 0001:000653c6       _$E23                      100663c6 f   libcpmt:string.obj
 0001:00065049       ?_CleanUp@std@@YAXXZ       10066049 f   libcpmt:xlock.obj
 0001:0007228c       _findenv                   1007328c f   LIBCMT:setenv.obj
 0001:000722e4       _copy_environ              100732e4 f   LIBCMT:setenv.obj
 0001:000720da       _strncnt                   100730da f   LIBCMT:a_cmp.obj
 0001:00071875       _xtoa                      10072875 f   LIBCMT:xtoa.obj
 0001:00071947       _x64toa@20                 10072947 f   LIBCMT:xtoa.obj
 0001:00070da8       __expandtime               10071da8 f   LIBCMT:strftime.obj
 0001:00071197       __store_str                10072197 f   LIBCMT:strftime.obj
 0001:000711be       __store_num                100721be f   LIBCMT:strftime.obj
 0001:0007122d       __store_number             1007222d f   LIBCMT:strftime.obj
 0001:00071276       __store_winword            10072276 f   LIBCMT:strftime.obj
 0001:0006f960       _ctrlevent_capture@4       10070960 f   LIBCMT:winsig.obj
 0001:0006fb44       _siglookup                 10070b44 f   LIBCMT:winsig.obj
 0001:0006f4fe       _getSystemCP               100704fe f   LIBCMT:mbctype.obj
 0001:0006f548       _CPtoLCID                  10070548 f   LIBCMT:mbctype.obj
 0001:0006f57b       _setSBCS                   1007057b f   LIBCMT:mbctype.obj
 0001:0006f5a4       _setSBUpLow                100705a4 f   LIBCMT:mbctype.obj
 0001:0006ec27       _TranslateName             1006fc27 f   LIBCMT:getqloc.obj
 0001:0006ec7f       _GetLcidFromLangCountry    1006fc7f f   LIBCMT:getqloc.obj
 0001:0006ed06       _LangCountryEnumProc@4     1006fd06 f   LIBCMT:getqloc.obj
 0001:0006ef0a       _GetLcidFromLanguage       1006ff0a f   LIBCMT:getqloc.obj
 0001:0006ef60       _LanguageEnumProc@4        1006ff60 f   LIBCMT:getqloc.obj
 0001:0006f01d       _GetLcidFromCountry        1007001d f   LIBCMT:getqloc.obj
 0001:0006f054       _CountryEnumProc@4         10070054 f   LIBCMT:getqloc.obj
 0001:0006f0da       _GetLcidFromDefault        100700da f   LIBCMT:getqloc.obj
 0001:0006f0f4       _ProcessCodePage           100700f4 f   LIBCMT:getqloc.obj
 0001:0006f15a       _TestDefaultCountry        1007015a f   LIBCMT:getqloc.obj
 0001:0006f179       _TestDefaultLanguage       10070179 f   LIBCMT:getqloc.obj
 0001:0006f1db       _IsThisWindowsNT           100701db f   LIBCMT:getqloc.obj
 0001:0006f211       _crtGetLocaleInfoA@16      10070211 f   LIBCMT:getqloc.obj
 0001:0006f2f7       _LcidFromHexString         100702f7 f   LIBCMT:getqloc.obj
 0001:0006f330       _GetPrimaryLen             10070330 f   LIBCMT:getqloc.obj
 0001:0006e5fc       __get_lc_lconv             1006f5fc f   LIBCMT:initmon.obj
 0001:0006e71e       _fix_grouping              1006f71e f   LIBCMT:initmon.obj
 0001:0006e755       __free_lc_lconv            1006f755 f   LIBCMT:initmon.obj
 0001:0006e4fa       _fix_grouping              1006f4fa f   LIBCMT:initnum.obj
 0001:0006de47       __get_lc_time              1006ee47 f   LIBCMT:inittime.obj
 0001:0006e195       __free_lc_time             1006f195 f   LIBCMT:inittime.obj
 0001:0006d3fc       _xcptlookup                1006e3fc f   LIBCMT:winxfltr.obj
 0001:0006c8c2       __abstract_cw              1006d8c2 f   LIBCMT:ieee87.obj
 0001:0006c954       __hw_cw                    1006d954 f   LIBCMT:ieee87.obj
 0001:0006c9dd       __abstract_sw              1006d9dd f   LIBCMT:ieee87.obj
 0001:0006bf9f       _parse_cmdline             1006cf9f f   LIBCMT:stdargv.obj
 0001:0006b80a       __setlocale_set_cat        1006c80a f   LIBCMT:setlocal.obj
 0001:0006b925       __setlocale_get_all        1006c925 f   LIBCMT:setlocal.obj
 0001:0006b599       _strncnt                   1006c599 f   LIBCMT:a_map.obj
 0001:0006ac57       _flsall                    1006bc57 f   LIBCMT:fflush.obj
 0001:0006a3ec       __tzset_lk                 1006b3ec f   LIBCMT:tzset.obj
 0001:0006a694       __isindst_lk               1006b694 f   LIBCMT:tzset.obj
 0001:0006a840       _cvtdate                   1006b840 f   LIBCMT:tzset.obj
 0001:0006a2be       _store_dt                  1006b2be f   LIBCMT:asctime.obj
 0001:00068ca1       _doexit                    10069ca1 f   LIBCMT:crt0dat.obj
 0001:00068d58       __initterm                 10069d58 f   LIBCMT:crt0dat.obj
 0001:00068121       ?FindHandler@@YAXPAUEHExceptionRecord@@PAUEHRegistrationNode@@PAU_CONTEXT@@PAXPBU_s_FuncInfo@@EH1@Z 10069121 f   LIBCMT:frame.obj
 0001:000682d4       ?FindHandlerForForeignException@@YAXPAUEHExceptionRecord@@PAUEHRegistrationNode@@PAU_CONTEXT@@PAXPBU_s_FuncInfo@@HH1@Z 100692d4 f   LIBCMT:frame.obj
 0001:0006837e       ?TypeMatch@@YAHPBU_s_HandlerType@@PBU_s_CatchableType@@PBU_s_ThrowInfo@@@Z 1006937e f   LIBCMT:frame.obj
 0001:00068479       ?FrameUnwindFilter@@YAHPAU_EXCEPTION_POINTERS@@@Z 10069479 f   LIBCMT:frame.obj
 0001:0006848f       ?CatchIt@@YAXPAUEHExceptionRecord@@PAUEHRegistrationNode@@PAU_CONTEXT@@PAXPBU_s_FuncInfo@@PBU_s_HandlerType@@PBU_s_CatchableType@@PBU_s_TryBlockMapEntry@@H1E@Z 1006948f f   LIBCMT:frame.obj
 0001:0006850a       ?CallCatchBlock@@YAPAXPAUEHExceptionRecord@@PAUEHRegistrationNode@@PAU_CONTEXT@@PBU_s_FuncInfo@@PAXHK@Z 1006950a f   LIBCMT:frame.obj
 0001:00068625       ?ExFilterRethrow@@YAHPAU_EXCEPTION_POINTERS@@@Z 10069625 f   LIBCMT:frame.obj
 0001:0006864f       ?BuildCatchObject@@YAXPAUEHExceptionRecord@@PAUEHRegistrationNode@@PBU_s_HandlerType@@PBU_s_CatchableType@@@Z 1006964f f   LIBCMT:frame.obj
 0001:0006887a       ?AdjustPointer@@YAPAXPAXABUPMD@@@Z 1006987a f   LIBCMT:frame.obj
 0001:00067dbf       __cftoe2                   10068dbf f   LIBCMT:cvt.obj
 0001:00067ed6       __cftof2                   10068ed6 f   LIBCMT:cvt.obj
 0001:00068061       __shift                    10069061 f   LIBCMT:cvt.obj
 0001:00067b1e       _write_char                10068b1e f   LIBCMT:output.obj
 0001:00067b53       _write_multi_char          10068b53 f   LIBCMT:output.obj
 0001:00067b84       _write_string              10068b84 f   LIBCMT:output.obj
 0001:00067bbc       _get_int_arg               10068bbc f   LIBCMT:output.obj
 0001:00067bc9       _get_int64_arg             10068bc9 f   LIBCMT:output.obj
 0001:00067bd9       _get_short_arg             10068bd9 f   LIBCMT:output.obj
 0001:00067000       LeadUp1                    10068000 f   LIBCMT:memcpy.obj
 0001:0006702c       LeadUp2                    1006802c f   LIBCMT:memcpy.obj
 0001:00067050       LeadUp3                    10068050 f   LIBCMT:memcpy.obj
 0001:000670cf       UnwindUp0                  100680cf f   LIBCMT:memcpy.obj
 0001:000670bc       UnwindUp1                  100680bc f   LIBCMT:memcpy.obj
 0001:000670b4       UnwindUp2                  100680b4 f   LIBCMT:memcpy.obj
 0001:000670ac       UnwindUp3                  100680ac f   LIBCMT:memcpy.obj
 0001:000670a4       UnwindUp4                  100680a4 f   LIBCMT:memcpy.obj
 0001:0006709c       UnwindUp5                  1006809c f   LIBCMT:memcpy.obj
 0001:00067094       UnwindUp6                  10068094 f   LIBCMT:memcpy.obj
 0001:0006708c       UnwindUp7                  1006808c f   LIBCMT:memcpy.obj
 0001:000670e8       TrailUp0                   100680e8 f   LIBCMT:memcpy.obj
 0001:000670f0       TrailUp1                   100680f0 f   LIBCMT:memcpy.obj
 0001:000670fc       TrailUp2                   100680fc f   LIBCMT:memcpy.obj
 0001:00067110       TrailUp3                   10068110 f   LIBCMT:memcpy.obj
 0001:00067188       LeadDown1                  10068188 f   LIBCMT:memcpy.obj
 0001:000671a8       LeadDown2                  100681a8 f   LIBCMT:memcpy.obj
 0001:000671d0       LeadDown3                  100681d0 f   LIBCMT:memcpy.obj
 0001:00067224       UnwindDown7                10068224 f   LIBCMT:memcpy.obj
 0001:0006722c       UnwindDown6                1006822c f   LIBCMT:memcpy.obj
 0001:00067234       UnwindDown5                10068234 f   LIBCMT:memcpy.obj
 0001:0006723c       UnwindDown4                1006823c f   LIBCMT:memcpy.obj
 0001:00067244       UnwindDown3                10068244 f   LIBCMT:memcpy.obj
 0001:0006724c       UnwindDown2                1006824c f   LIBCMT:memcpy.obj
 0001:00067254       UnwindDown1                10068254 f   LIBCMT:memcpy.obj
 0001:00067267       UnwindDown0                10068267 f   LIBCMT:memcpy.obj
 0001:00067280       TrailDown0                 10068280 f   LIBCMT:memcpy.obj
 0001:00067288       TrailDown1                 10068288 f   LIBCMT:memcpy.obj
 0001:00067298       TrailDown2                 10068298 f   LIBCMT:memcpy.obj
 0001:000672ac       TrailDown3                 100682ac f   LIBCMT:memcpy.obj
 0001:00065bb0       LeadUp1                    10066bb0 f   LIBCMT:memmove.obj
 0001:00065bdc       LeadUp2                    10066bdc f   LIBCMT:memmove.obj
 0001:00065c00       LeadUp3                    10066c00 f   LIBCMT:memmove.obj
 0001:00065c7f       UnwindUp0                  10066c7f f   LIBCMT:memmove.obj
 0001:00065c6c       UnwindUp1                  10066c6c f   LIBCMT:memmove.obj
 0001:00065c64       UnwindUp2                  10066c64 f   LIBCMT:memmove.obj
 0001:00065c5c       UnwindUp3                  10066c5c f   LIBCMT:memmove.obj
 0001:00065c54       UnwindUp4                  10066c54 f   LIBCMT:memmove.obj
 0001:00065c4c       UnwindUp5                  10066c4c f   LIBCMT:memmove.obj
 0001:00065c44       UnwindUp6                  10066c44 f   LIBCMT:memmove.obj
 0001:00065c3c       UnwindUp7                  10066c3c f   LIBCMT:memmove.obj
 0001:00065c98       TrailUp0                   10066c98 f   LIBCMT:memmove.obj
 0001:00065ca0       TrailUp1                   10066ca0 f   LIBCMT:memmove.obj
 0001:00065cac       TrailUp2                   10066cac f   LIBCMT:memmove.obj
 0001:00065cc0       TrailUp3                   10066cc0 f   LIBCMT:memmove.obj
 0001:00065d38       LeadDown1                  10066d38 f   LIBCMT:memmove.obj
 0001:00065d58       LeadDown2                  10066d58 f   LIBCMT:memmove.obj
 0001:00065d80       LeadDown3                  10066d80 f   LIBCMT:memmove.obj
 0001:00065dd4       UnwindDown7                10066dd4 f   LIBCMT:memmove.obj
 0001:00065ddc       UnwindDown6                10066ddc f   LIBCMT:memmove.obj
 0001:00065de4       UnwindDown5                10066de4 f   LIBCMT:memmove.obj
 0001:00065dec       UnwindDown4                10066dec f   LIBCMT:memmove.obj
 0001:00065df4       UnwindDown3                10066df4 f   LIBCMT:memmove.obj
 0001:00065dfc       UnwindDown2                10066dfc f   LIBCMT:memmove.obj
 0001:00065e04       UnwindDown1                10066e04 f   LIBCMT:memmove.obj
 0001:00065e17       UnwindDown0                10066e17 f   LIBCMT:memmove.obj
 0001:00065e30       TrailDown0                 10066e30 f   LIBCMT:memmove.obj
 0001:00065e38       TrailDown1                 10066e38 f   LIBCMT:memmove.obj
 0001:00065e48       TrailDown2                 10066e48 f   LIBCMT:memmove.obj
 0001:00065e5c       TrailDown3                 10066e5c f   LIBCMT:memmove.obj
 0001:00065acd       ?ArrayUnwindFilter@@YAHPAU_EXCEPTION_POINTERS@@@Z 10066acd f   LIBCMT:ehvecdtr.obj
 0001:000657d8       _gu_return                 100667d8 f   LIBCMT:exsup.obj
 0001:000657e0       __unwind_handler           100667e0 f   LIBCMT:exsup.obj
 0001:000655f3       ?CatchGuardHandler@@YA?AW4_EXCEPTION_DISPOSITION@@PAUEHExceptionRecord@@PAUCatchGuardRN@@PAX2@Z 100665f3 f   LIBCMT:trnsctrl.obj
 0001:000656ce       ?TranslatorGuardHandler@@YA?AW4_EXCEPTION_DISPOSITION@@PAUEHExceptionRecord@@PAUTranslatorGuardRN@@PAX2@Z 100666ce f   LIBCMT:trnsctrl.obj
