 GameServer

 Timestamp is 53ecd416 (Thu Aug 14 22:21:58 2014)

 Preferred load address is 00400000

 Start         Length     Name                   Class
 0001:00000000 0002d858H .text                   CODE
 0001:0002d860 00002002H .text$x                 CODE
 0002:00000000 000001c8H .idata$5                DATA
 0002:000001c8 00001bf4H .rdata                  DATA
 0002:00001dc0 0000104cH .rdata$r                DATA
 0002:00002e10 000035e8H .xdata$x                DATA
 0002:000063f8 0000008cH .idata$2                DATA
 0002:00006484 00000014H .idata$3                DATA
 0002:00006498 000001c8H .idata$4                DATA
 0002:00006660 000007e8H .idata$6                DATA
 0002:00006e48 00000000H .edata                  DATA
 0003:00000000 00000004H .CRT$XCA                DATA
 0003:00000004 000000bcH .CRT$XCU                DATA
 0003:000000c0 00000004H .CRT$XCZ                DATA
 0003:000000c4 00000004H .CRT$XIA                DATA
 0003:000000c8 0000000cH .CRT$XIC                DATA
 0003:000000d4 00000004H .CRT$XIY                DATA
 0003:000000d8 00000004H .CRT$XIZ                DATA
 0003:000000dc 00000004H .CRT$XPA                DATA
 0003:000000e0 00000004H .CRT$XPX                DATA
 0003:000000e4 00000004H .CRT$XPZ                DATA
 0003:000000e8 00000004H .CRT$XTA                DATA
 0003:000000ec 00000004H .CRT$XTB                DATA
 0003:000000f0 00000004H .CRT$XTZ                DATA
 0003:00000100 00002ea0H .data                   DATA
 0003:00002fa0 00002248H .bss                    DATA

  Address         Publics by Value              Rva+Base     Lib:Object

 0001:00000000       _main                      00401000 f   GameServer.obj
 0001:00000080       ?id@?$ctype@G@std@@$E      00401080 f i GameServer.obj
 0001:000002f0       ?ServerEventNotify@@YGXPAXABK1@Z 004012f0 f   KSOServer.obj
 0001:00000370       ??1Owner@CCriticalSection@Win32@OnlineGameLib@@QAE@XZ 00401370 f i KSOServer.obj
 0001:00000380       ?GatewayClientEventNotify@@YGXPAXABK@Z 00401380 f   KSOServer.obj
 0001:000003b0       ?ChatClientEventNotify@@YGXPAXABK@Z 004013b0 f   KSOServer.obj
 0001:000003d0       ?TongClientEventNotify@@YGXPAXABK@Z 004013d0 f   KSOServer.obj
 0001:000003f0       ?DatabaseClientEventNotify@@YGXPAXABK@Z 004013f0 f   KSOServer.obj
 0001:00000420       ?TransferClientEventNotify@@YGXPAXABK@Z 00401420 f   KSOServer.obj
 0001:00000430       ??0KSwordOnLineSever@@QAE@XZ 00401430 f   KSOServer.obj
 0001:000005d0       ??1KSwordOnLineSever@@QAE@XZ 004015d0 f   KSOServer.obj
 0001:00000650       ?Init@KSwordOnLineSever@@QAEHXZ 00401650 f   KSOServer.obj
 0001:00001a20       ??_H@YGXPAXIHP6EX0@Z@Z     00402a20 f i KSOServer.obj
 0001:00001a50       ?Release@KSwordOnLineSever@@QAEXXZ 00402a50 f   KSOServer.obj
 0001:00001c90       ?Breathe@KSwordOnLineSever@@QAEHXZ 00402c90 f   KSOServer.obj
 0001:00001d10       ?MessageLoop@KSwordOnLineSever@@AAEXXZ 00402d10 f   KSOServer.obj
 0001:00001f80       ?ChatMessageProcess@KSwordOnLineSever@@AAEXPBDI@Z 00402f80 f   KSOServer.obj
 0001:00002070       ?TongMessageProcess@KSwordOnLineSever@@AAEXPBDI@Z 00403070 f   KSOServer.obj
 0001:00003470       ?ChatGroupMan@KSwordOnLineSever@@AAEXPBXI@Z 00404470 f   KSOServer.obj
 0001:00003520       ?ChatSpecMan@KSwordOnLineSever@@AAEXPBXI@Z 00404520 f   KSOServer.obj
 0001:00003580       ?DatabaseMessageProcess@KSwordOnLineSever@@AAEXPBDI@Z 00404580 f   KSOServer.obj
 0001:000035e0       ?DatabaseLargePackProcess@KSwordOnLineSever@@AAEXPBDI@Z 004045e0 f   KSOServer.obj
 0001:00003670       ?TransferMessageProcess@KSwordOnLineSever@@AAEXPBDI@Z 00404670 f   KSOServer.obj
 0001:00003820       ?TransferLargePackProcess@KSwordOnLineSever@@AAEXPBXIPAVKTransferUnit@@@Z 00404820 f   KSOServer.obj
 0001:00003a20       ?TransferSmallPackProcess@KSwordOnLineSever@@AAEXPBXIPAVKTransferUnit@@@Z 00404a20 f   KSOServer.obj
 0001:00004010       ?PlayerMessageProcess@KSwordOnLineSever@@AAEXKPBDI@Z 00405010 f   KSOServer.obj
 0001:00004900       ?GatewayMessageProcess@KSwordOnLineSever@@AAEXPBDI@Z 00405900 f   KSOServer.obj
 0001:00004930       ?GatewayLargePackProcess@KSwordOnLineSever@@AAEXPBXI@Z 00405930 f   KSOServer.obj
 0001:00004aa0       ?GatewaySmallPackProcess@KSwordOnLineSever@@AAEXPBXI@Z 00405aa0 f   KSOServer.obj
 0001:00004be0       ?GatewayBoardCastProcess@KSwordOnLineSever@@AAEXPBDI@Z 00405be0 f   KSOServer.obj
 0001:00004ca0       ?MainLoop@KSwordOnLineSever@@AAEXXZ 00405ca0 f   KSOServer.obj
 0001:00004de0       ?PingClient@KSwordOnLineSever@@AAEXK@Z 00405de0 f   KSOServer.obj
 0001:00004e60       ?ProcessPingReply@KSwordOnLineSever@@AAEXKPBDI@Z 00405e60 f   KSOServer.obj
 0001:00004f00       ?SavePlayerData@KSwordOnLineSever@@AAEXXZ 00405f00 f   KSOServer.obj
 0001:00004f80       ?SavePlayerCoin@KSwordOnLineSever@@AAEHH@Z 00405f80 f   KSOServer.obj
 0001:00005050       ?SavePlayerData@KSwordOnLineSever@@AAEHH_N@Z 00406050 f   KSOServer.obj
 0001:00005210       ?CloseDatabase@KSwordOnLineSever@@AAEHXZ 00406210 f   KSOServer.obj
 0001:00005330       ?PlayerExchangeServer@KSwordOnLineSever@@AAEXXZ 00406330 f   KSOServer.obj
 0001:00005560       ?PlayerLogoutGateway@KSwordOnLineSever@@AAEXXZ 00406560 f   KSOServer.obj
 0001:00005780       ?GetNetStatus@KSwordOnLineSever@@QAEHK@Z 00406780 f   KSOServer.obj
 0001:000057b0       ?SetNetStatus@KSwordOnLineSever@@QAEXKW4NetStatus@@@Z 004067b0 f   KSOServer.obj
 0001:000058b0       ?ProcessLoginProtocol@KSwordOnLineSever@@AAEHKPBDI@Z 004068b0 f   KSOServer.obj
 0001:000058e0       ?SendGameDataToClient@KSwordOnLineSever@@AAEHKH@Z 004068e0 f   KSOServer.obj
 0001:000059d0       ?ProcessSyncReplyProtocol@KSwordOnLineSever@@AAEHKPBDI@Z 004069d0 f   KSOServer.obj
 0001:000059e0       ?ExitAllPlayer@KSwordOnLineSever@@AAEXXZ 004069e0 f   KSOServer.obj
 0001:00005b60       ?SetRunningStatus@KSwordOnLineSever@@QAEXH@Z 00406b60 f   KSOServer.obj
 0001:00005b70       ?ConformAskWay@KSwordOnLineSever@@AAEHPBXHPAK@Z 00406b70 f   KSOServer.obj
 0001:00005bf0       ?GetLocalIpAddress@KSwordOnLineSever@@AAEHPAK0@Z 00406bf0 f   KSOServer.obj
 0001:00005dd0       ?TransferAskWayMessageProcess@KSwordOnLineSever@@AAEXPBDI@Z 00406dd0 f   KSOServer.obj
 0001:00005f70       ?TransferLoseWayMessageProcess@KSwordOnLineSever@@AAEXPBDI@Z 00406f70 f   KSOServer.obj
 0001:000060d0       ?UpdateTongSet@KSwordOnLineSever@@AAEXXZ 004070d0 f   KSOServer.obj
 0001:00006110       ?ProcessPlayerTongMsg@KSwordOnLineSever@@AAEXKPBDI@Z 00407110 f   KSOServer.obj
 0001:00006f00       ?CheckPlayerID@KSwordOnLineSever@@AAEHKK@Z 00407f00 f   KSOServer.obj
 0001:00006f50       ??1?$basic_string@DU?$char_traits@D@std@@V?$allocator@D@2@@std@@QAE@XZ 00407f50 f i KSOServer.obj
 0001:00006f90       ??6?$basic_ostream@DU?$char_traits@D@std@@@std@@QAEAAV01@H@Z 00407f90 f i KSOServer.obj
 0001:000071d0       ??1bad_cast@std@@UAE@XZ    004081d0 f i KSOServer.obj
 0001:000071e0       ?_Doraise@bad_cast@std@@MBEXXZ 004081e0 f i KSOServer.obj
 0001:00007200       ??_Ebad_cast@std@@UAEPAXI@Z 00408200 f i KSOServer.obj
 0001:00007200       ??_Gbad_cast@std@@UAEPAXI@Z 00408200 f i KSOServer.obj
 0001:00007220       ??0bad_cast@std@@QAE@ABV01@@Z 00408220 f i KSOServer.obj
 0001:00007240       ??Bid@locale@std@@QAEIXZ   00408240 f i KSOServer.obj
 0001:00007270       ?_Decref@facet@locale@std@@QAEPAV123@XZ 00408270 f i KSOServer.obj
 0001:000072b0       ??1locale@std@@QAE@XZ      004082b0 f i KSOServer.obj
 0001:000072d0       ?getloc@ios_base@std@@QBE?AVlocale@2@XZ 004082d0 f i KSOServer.obj
 0001:00007310       ??6?$basic_ostream@DU?$char_traits@D@std@@@std@@QAEAAV01@K@Z 00408310 f i KSOServer.obj
 0001:00007550       ?put@?$basic_ostream@DU?$char_traits@D@std@@@std@@QAEAAV12@D@Z 00408550 f i KSOServer.obj
 0001:000076c0       ?_Tidy@?$basic_string@DU?$char_traits@D@std@@V?$allocator@D@2@@std@@AAEX_N@Z 004086c0 f i KSOServer.obj
 0001:00007710       ?clear@?$basic_ios@DU?$char_traits@D@std@@@std@@QAEXH_N@Z 00408710 f i KSOServer.obj
 0001:00007730       ??1sentry@?$basic_ostream@DU?$char_traits@D@std@@@std@@QAE@XZ 00408730 f i KSOServer.obj
 0001:000077a0       ?insert@?$_Tree@KU?$pair@$$CBKPAVKTransferUnit@@@std@@U_Kfn@?$map@KPAVKTransferUnit@@U?$less@K@std@@V?$allocator@PAVKTransferUnit@@@3@@2@U?$less@K@2@V?$allocator@PAVKTransferUnit@@@2@@std@@QAE?AU?$pair@Viterator@?$_Tree@KU?$pair@$$CBKPAVKTransferUnit@@@std@@U_Kfn@?$map@KPAVKTransferUnit@@U?$less@K@std@@V?$allocator@PAVKTransferUnit@@@3@@2@U?$less@K@2@V?$allocator@PAVKTransferUnit@@@2@@std@@_N@2@ABU?$pair@$$CBKPAVKTransferUnit@@@2@@Z 004087a0 f i KSOServer.obj
 0001:000078d0       ?erase@?$_Tree@KU?$pair@$$CBKPAVKTransferUnit@@@std@@U_Kfn@?$map@KPAVKTransferUnit@@U?$less@K@std@@V?$allocator@PAVKTransferUnit@@@3@@2@U?$less@K@2@V?$allocator@PAVKTransferUnit@@@2@@std@@QAE?AViterator@12@V312@0@Z 004088d0 f i KSOServer.obj
 0001:00007a00       ?_Eos@?$basic_string@DU?$char_traits@D@std@@V?$allocator@D@2@@std@@AAEXI@Z 00408a00 f i KSOServer.obj
 0001:00007a20       ?_Grow@?$basic_string@DU?$char_traits@D@std@@V?$allocator@D@2@@std@@AAE_NI_N@Z 00408a20 f i KSOServer.obj
 0001:00007b40       ?opfx@?$basic_ostream@DU?$char_traits@D@std@@@std@@QAE_NXZ 00408b40 f i KSOServer.obj
 0001:00007bc0       ?erase@?$_Tree@KU?$pair@$$CBKPAVKTransferUnit@@@std@@U_Kfn@?$map@KPAVKTransferUnit@@U?$less@K@std@@V?$allocator@PAVKTransferUnit@@@3@@2@U?$less@K@2@V?$allocator@PAVKTransferUnit@@@2@@std@@QAE?AViterator@12@V312@@Z 00408bc0 f i KSOServer.obj
 0001:000080e0       ?lower_bound@?$_Tree@KU?$pair@$$CBKPAVKTransferUnit@@@std@@U_Kfn@?$map@KPAVKTransferUnit@@U?$less@K@std@@V?$allocator@PAVKTransferUnit@@@3@@2@U?$less@K@2@V?$allocator@PAVKTransferUnit@@@2@@std@@QAE?AViterator@12@ABK@Z 004090e0 f i KSOServer.obj
 0001:00008100       ?_Erase@?$_Tree@KU?$pair@$$CBKPAVKTransferUnit@@@std@@U_Kfn@?$map@KPAVKTransferUnit@@U?$less@K@std@@V?$allocator@PAVKTransferUnit@@@3@@2@U?$less@K@2@V?$allocator@PAVKTransferUnit@@@2@@std@@IAEXPAU_Node@12@@Z 00409100 f i KSOServer.obj
 0001:00008190       ?_Insert@?$_Tree@KU?$pair@$$CBKPAVKTransferUnit@@@std@@U_Kfn@?$map@KPAVKTransferUnit@@U?$less@K@std@@V?$allocator@PAVKTransferUnit@@@3@@2@U?$less@K@2@V?$allocator@PAVKTransferUnit@@@2@@std@@IAE?AViterator@12@PAU_Node@12@0ABU?$pair@$$CBKPAVKTransferUnit@@@2@@Z 00409190 f i KSOServer.obj
 0001:00008490       ?_Inc@const_iterator@?$_Tree@KU?$pair@$$CBKPAVKTransferUnit@@@std@@U_Kfn@?$map@KPAVKTransferUnit@@U?$less@K@std@@V?$allocator@PAVKTransferUnit@@@3@@2@U?$less@K@2@V?$allocator@PAVKTransferUnit@@@2@@std@@QAEXXZ 00409490 f i KSOServer.obj
 0001:00008540       ?_Copy@?$basic_string@DU?$char_traits@D@std@@V?$allocator@D@2@@std@@AAEXI@Z 00409540 f i KSOServer.obj
 0001:00008650       ?_Lbound@?$_Tree@KU?$pair@$$CBKPAVKTransferUnit@@@std@@U_Kfn@?$map@KPAVKTransferUnit@@U?$less@K@std@@V?$allocator@PAVKTransferUnit@@@3@@2@U?$less@K@2@V?$allocator@PAVKTransferUnit@@@2@@std@@IBEPAU_Node@12@ABK@Z 00409650 f i KSOServer.obj
 0001:000086a0       ?_Min@?$_Tree@KU?$pair@$$CBKPAVKTransferUnit@@@std@@U_Kfn@?$map@KPAVKTransferUnit@@U?$less@K@std@@V?$allocator@PAVKTransferUnit@@@3@@2@U?$less@K@2@V?$allocator@PAVKTransferUnit@@@2@@std@@KAPAU_Node@12@PAU312@@Z 004096a0 f i KSOServer.obj
 0001:000086e0       ?_Dec@const_iterator@?$_Tree@KU?$pair@$$CBKPAVKTransferUnit@@@std@@U_Kfn@?$map@KPAVKTransferUnit@@U?$less@K@std@@V?$allocator@PAVKTransferUnit@@@3@@2@U?$less@K@2@V?$allocator@PAVKTransferUnit@@@2@@std@@QAEXXZ 004096e0 f i KSOServer.obj
 0001:000087a0       ??6std@@YAAAV?$basic_ostream@DU?$char_traits@D@std@@@0@AAV10@PBD@Z 004097a0 f i KSOServer.obj
 0001:00008a30       ?_Construct@std@@YAXPAU?$pair@$$CBKPAVKTransferUnit@@@1@ABU21@@Z 00409a30 f i KSOServer.obj
 0001:00008a50       ??0?$num_put@DV?$ostreambuf_iterator@DU?$char_traits@D@std@@@std@@@std@@QAE@I@Z 00409a50 f i KSOServer.obj
 0001:00008ab0       ??1facet@locale@std@@UAE@XZ 00409ab0 f i KSOServer.obj
 0001:00008ac0       ??_Efacet@locale@std@@UAEPAXI@Z 00409ac0 f i KSOServer.obj
 0001:00008ac0       ??_Gfacet@locale@std@@UAEPAXI@Z 00409ac0 f i KSOServer.obj
 0001:00008ae0       ?do_put@?$num_put@DV?$ostreambuf_iterator@DU?$char_traits@D@std@@@std@@@std@@MBE?AV?$ostreambuf_iterator@DU?$char_traits@D@std@@@2@V32@AAVios_base@2@D_N@Z 00409ae0 f i KSOServer.obj
 0001:00008dc0       ??0bad_cast@std@@QAE@PBD@Z 00409dc0 f i KSOServer.obj
 0001:00008de0       ?assign@?$basic_string@DU?$char_traits@D@std@@V?$allocator@D@2@@std@@QAEAAV12@ABV12@II@Z 00409de0 f i KSOServer.obj
 0001:00008fe0       ?sputc@?$basic_streambuf@DU?$char_traits@D@std@@@std@@QAEHD@Z 00409fe0 f i KSOServer.obj
 0001:00009030       ?do_put@?$num_put@DV?$ostreambuf_iterator@DU?$char_traits@D@std@@@std@@@std@@MBE?AV?$ostreambuf_iterator@DU?$char_traits@D@std@@@2@V32@AAVios_base@2@DJ@Z 0040a030 f i KSOServer.obj
 0001:000090e0       ?do_put@?$num_put@DV?$ostreambuf_iterator@DU?$char_traits@D@std@@@std@@@std@@MBE?AV?$ostreambuf_iterator@DU?$char_traits@D@std@@@2@V32@AAVios_base@2@DK@Z 0040a0e0 f i KSOServer.obj
 0001:00009190       ?do_put@?$num_put@DV?$ostreambuf_iterator@DU?$char_traits@D@std@@@std@@@std@@MBE?AV?$ostreambuf_iterator@DU?$char_traits@D@std@@@2@V32@AAVios_base@2@DN@Z 0040a190 f i KSOServer.obj
 0001:00009280       ?do_put@?$num_put@DV?$ostreambuf_iterator@DU?$char_traits@D@std@@@std@@@std@@MBE?AV?$ostreambuf_iterator@DU?$char_traits@D@std@@@2@V32@AAVios_base@2@DO@Z 0040a280 f i KSOServer.obj
 0001:00009370       ?do_put@?$num_put@DV?$ostreambuf_iterator@DU?$char_traits@D@std@@@std@@@std@@MBE?AV?$ostreambuf_iterator@DU?$char_traits@D@std@@@2@V32@AAVios_base@2@DPBX@Z 0040a370 f i KSOServer.obj
 0001:00009530       ??_E?$num_put@DV?$ostreambuf_iterator@DU?$char_traits@D@std@@@std@@@std@@UAEPAXI@Z 0040a530 f i KSOServer.obj
 0001:00009530       ??_G?$num_put@DV?$ostreambuf_iterator@DU?$char_traits@D@std@@@std@@@std@@UAEPAXI@Z 0040a530 f i KSOServer.obj
 0001:00009550       ??1?$num_put@DV?$ostreambuf_iterator@DU?$char_traits@D@std@@@std@@@std@@UAE@XZ 0040a550 f i KSOServer.obj
 0001:00009560       ?_Fput@?$num_put@DV?$ostreambuf_iterator@DU?$char_traits@D@std@@@std@@@std@@KA?AV?$ostreambuf_iterator@DU?$char_traits@D@std@@@2@V32@AAVios_base@2@DPBDII@Z 0040a560 f i KSOServer.obj
 0001:00009970       ?_Iput@?$num_put@DV?$ostreambuf_iterator@DU?$char_traits@D@std@@@std@@@std@@KA?AV?$ostreambuf_iterator@DU?$char_traits@D@std@@@2@V32@AAVios_base@2@DPADI@Z 0040a970 f i KSOServer.obj
 0001:00009dc0       ?_Rep@?$num_put@DV?$ostreambuf_iterator@DU?$char_traits@D@std@@@std@@@std@@KA?AV?$ostreambuf_iterator@DU?$char_traits@D@std@@@2@V32@DI@Z 0040adc0 f i KSOServer.obj
 0001:00009e40       ?falsename@?$numpunct@D@std@@QBE?AV?$basic_string@DU?$char_traits@D@std@@V?$allocator@D@2@@2@XZ 0040ae40 f i KSOServer.obj
 0001:00009e60       ?truename@?$numpunct@D@std@@QBE?AV?$basic_string@DU?$char_traits@D@std@@V?$allocator@D@2@@2@XZ 0040ae60 f i KSOServer.obj
 0001:00009e80       ?max_size@?$basic_string@DU?$char_traits@D@std@@V?$allocator@D@2@@std@@QBEIXZ 0040ae80 f i KSOServer.obj
 0001:00009e90       ?_Split@?$basic_string@DU?$char_traits@D@std@@V?$allocator@D@2@@std@@AAEXXZ 0040ae90 f i KSOServer.obj
 0001:00009f60       ??4?$ostreambuf_iterator@DU?$char_traits@D@std@@@std@@QAEAAV01@D@Z 0040af60 f i KSOServer.obj
 0001:00009fc0       ?grouping@?$numpunct@D@std@@QBE?AV?$basic_string@DU?$char_traits@D@std@@V?$allocator@D@2@@2@XZ 0040afc0 f i KSOServer.obj
 0001:00009fe0       ??0?$numpunct@D@std@@QAE@I@Z 0040afe0 f i KSOServer.obj
 0001:0000a100       ?do_decimal_point@?$numpunct@D@std@@MBEDXZ 0040b100 f i KSOServer.obj
 0001:0000a110       ?do_thousands_sep@?$numpunct@D@std@@MBEDXZ 0040b110 f i KSOServer.obj
 0001:0000a120       ?do_grouping@?$numpunct@D@std@@MBE?AV?$basic_string@DU?$char_traits@D@std@@V?$allocator@D@2@@2@XZ 0040b120 f i KSOServer.obj
 0001:0000a1f0       ?do_falsename@?$numpunct@D@std@@MBE?AV?$basic_string@DU?$char_traits@D@std@@V?$allocator@D@2@@2@XZ 0040b1f0 f i KSOServer.obj
 0001:0000a2c0       ?do_truename@?$numpunct@D@std@@MBE?AV?$basic_string@DU?$char_traits@D@std@@V?$allocator@D@2@@2@XZ 0040b2c0 f i KSOServer.obj
 0001:0000a390       ??_G?$numpunct@D@std@@UAEPAXI@Z 0040b390 f i KSOServer.obj
 0001:0000a390       ??_E?$numpunct@D@std@@UAEPAXI@Z 0040b390 f i KSOServer.obj
 0001:0000a3b0       ??1?$numpunct@D@std@@UAE@XZ 0040b3b0 f i KSOServer.obj
 0001:0000a3e0       ?_Save@?$_Tidyfac@V?$num_put@DV?$ostreambuf_iterator@DU?$char_traits@D@std@@@std@@@std@@@std@@SAPAV?$num_put@DV?$ostreambuf_iterator@DU?$char_traits@D@std@@@std@@@2@PAV32@@Z 0040b3e0 f i KSOServer.obj
 0001:0000a460       ?_Save@?$_Tidyfac@V?$numpunct@D@std@@@std@@SAPAV?$numpunct@D@2@PAV32@@Z 0040b460 f i KSOServer.obj
 0001:0000a4e0       ?_Tidy@?$_Tidyfac@V?$num_put@DV?$ostreambuf_iterator@DU?$char_traits@D@std@@@std@@@std@@@std@@SAXXZ 0040b4e0 f i KSOServer.obj
 0001:0000a580       ?_Tidy@?$_Tidyfac@V?$numpunct@D@std@@@std@@SAXXZ 0040b580 f i KSOServer.obj
 0001:0000a6a0       ?id@?$numpunct@D@std@@$E   0040b6a0 f i KSOServer.obj
 0001:0000a6b0       ?id@?$num_put@DV?$ostreambuf_iterator@DU?$char_traits@D@std@@@$E 0040b6b0 f i KSOServer.obj
 0001:0000a6c0       ??0KTransferUnit@@QAE@KK@Z 0040b6c0 f   KTransferUnit.obj
 0001:0000a700       ??_EKTransferUnit@@UAEPAXI@Z 0040b700 f i KTransferUnit.obj
 0001:0000a700       ??_GKTransferUnit@@UAEPAXI@Z 0040b700 f i KTransferUnit.obj
 0001:0000a720       ??1KTransferUnit@@UAE@XZ   0040b720 f   KTransferUnit.obj
 0001:0000a760       ??0CLibrary@Win32@OnlineGameLib@@QAE@QBD@Z 0040b760 f   Common:Library.obj
 0001:0000a7c0       ??_ECLibrary@Win32@OnlineGameLib@@UAEPAXI@Z 0040b7c0 f i Common:Library.obj
 0001:0000a7c0       ??_GCLibrary@Win32@OnlineGameLib@@UAEPAXI@Z 0040b7c0 f i Common:Library.obj
 0001:0000a7e0       ??0CLibrary@Win32@OnlineGameLib@@QAE@XZ 0040b7e0 f   Common:Library.obj
 0001:0000a800       ??1CLibrary@Win32@OnlineGameLib@@UAE@XZ 0040b800 f   Common:Library.obj
 0001:0000a870       ?Load@CLibrary@Win32@OnlineGameLib@@QAE_NQBD@Z 0040b870 f   Common:Library.obj
 0001:0000a930       ?Free@CLibrary@Win32@OnlineGameLib@@QAE_NXZ 0040b930 f   Common:Library.obj
 0001:0000a980       ??0CUsesWinsock@Win32@OnlineGameLib@@QAE@XZ 0040b980 f   Common:UsesWinsock.obj
 0001:0000aa50       ??1CWin32Exception@Win32@OnlineGameLib@@UAE@XZ 0040ba50 f i Common:UsesWinsock.obj
 0001:0000aad0       ??_GCException@Win32@OnlineGameLib@@UAEPAXI@Z 0040bad0 f i Common:UsesWinsock.obj
 0001:0000aad0       ??_ECException@Win32@OnlineGameLib@@UAEPAXI@Z 0040bad0 f i Common:UsesWinsock.obj
 0001:0000aaf0       ??1CException@Win32@OnlineGameLib@@UAE@XZ 0040baf0 f i Common:UsesWinsock.obj
 0001:0000ab70       ??0CWin32Exception@Win32@OnlineGameLib@@QAE@ABV012@@Z 0040bb70 f i Common:UsesWinsock.obj
 0001:0000acb0       ??0CException@Win32@OnlineGameLib@@QAE@ABV012@@Z 0040bcb0 f i Common:UsesWinsock.obj
 0001:0000adf0       ??_ECWin32Exception@Win32@OnlineGameLib@@UAEPAXI@Z 0040bdf0 f i Common:UsesWinsock.obj
 0001:0000adf0       ??_GCWin32Exception@Win32@OnlineGameLib@@UAEPAXI@Z 0040bdf0 f i Common:UsesWinsock.obj
 0001:0000ae10       ??1CUsesWinsock@Win32@OnlineGameLib@@QAE@XZ 0040be10 f   Common:UsesWinsock.obj
 0001:0000ae20       ?erase@?$basic_string@DU?$char_traits@D@std@@V?$allocator@D@2@@std@@QAEAAV12@II@Z 0040be20 f i Common:UsesWinsock.obj
 0001:0000af70       ??0CBuffer@Win32@OnlineGameLib@@AAE@AAVAllocator@012@I@Z 0040bf70 f   Common:Buffer.obj
 0001:0000aff0       ??1COpaqueUserData@OnlineGameLib@@IAE@XZ 0040bff0 f i Common:Buffer.obj
 0001:0000b000       ??1CBuffer@Win32@OnlineGameLib@@AAE@XZ 0040c000 f   Common:Buffer.obj
 0001:0000b060       ?GetHeadPack@CBuffer@Win32@OnlineGameLib@@QAEPAV123@I@Z 0040c060 f   Common:Buffer.obj
 0001:0000b0b0       ?GetNextPack@CBuffer@Win32@OnlineGameLib@@QAEPAV123@XZ 0040c0b0 f   Common:Buffer.obj
 0001:0000b100       ?AddData@CBuffer@Win32@OnlineGameLib@@QAEXQBDI@Z 0040c100 f   Common:Buffer.obj
 0001:0000b220       ?AddData@CBuffer@Win32@OnlineGameLib@@QAEXQBEI@Z 0040c220 f   Common:Buffer.obj
 0001:0000b240       ?AddData@CBuffer@Win32@OnlineGameLib@@QAEXE@Z 0040c240 f   Common:Buffer.obj
 0001:0000b250       ?SplitBuffer@CBuffer@Win32@OnlineGameLib@@QAEPAV123@I@Z 0040c250 f   Common:Buffer.obj
 0001:0000b2a0       ?AllocateNewBuffer@CBuffer@Win32@OnlineGameLib@@QBEPAV123@XZ 0040c2a0 f   Common:Buffer.obj
 0001:0000b2b0       ?Release@CBuffer@Win32@OnlineGameLib@@QAEXXZ 0040c2b0 f   Common:Buffer.obj
 0001:0000b3c0       ??2CBuffer@Win32@OnlineGameLib@@CAPAXII@Z 0040c3c0 f   Common:Buffer.obj
 0001:0000b3d0       ??3CBuffer@Win32@OnlineGameLib@@CAXPAXI@Z 0040c3d0 f   Common:Buffer.obj
 0001:0000b3e0       ??0Allocator@CBuffer@Win32@OnlineGameLib@@QAE@II@Z 0040c3e0 f   Common:Buffer.obj
 0001:0000b420       ?OnBufferCreated@Allocator@CBuffer@Win32@OnlineGameLib@@EAEXXZ 0040c420 f i Common:Buffer.obj
 0001:0000b430       ?OnBufferAllocated@Allocator@CBuffer@Win32@OnlineGameLib@@EAEXXZ 0040c430 f i Common:Buffer.obj
 0001:0000b440       ?OnBufferReleased@Allocator@CBuffer@Win32@OnlineGameLib@@EAEXXZ 0040c440 f i Common:Buffer.obj
 0001:0000b450       ??_GAllocator@CBuffer@Win32@OnlineGameLib@@UAEPAXI@Z 0040c450 f i Common:Buffer.obj
 0001:0000b450       ??_EAllocator@CBuffer@Win32@OnlineGameLib@@UAEPAXI@Z 0040c450 f i Common:Buffer.obj
 0001:0000b470       ??1Allocator@CBuffer@Win32@OnlineGameLib@@UAE@XZ 0040c470 f   Common:Buffer.obj
 0001:0000b4e0       ??1CCriticalSection@Win32@OnlineGameLib@@QAE@XZ 0040c4e0 f i Common:Buffer.obj
 0001:0000b4f0       ?Allocate@Allocator@CBuffer@Win32@OnlineGameLib@@QAEPAV234@XZ 0040c4f0 f   Common:Buffer.obj
 0001:0000b650       ?Flush@Allocator@CBuffer@Win32@OnlineGameLib@@IAEXXZ 0040c650 f   Common:Buffer.obj
 0001:0000b6f0       ?DestroyBuffer@Allocator@CBuffer@Win32@OnlineGameLib@@AAEXPAV234@@Z 0040c6f0 f i Common:Buffer.obj
 0001:0000b750       ?Release@Allocator@CBuffer@Win32@OnlineGameLib@@AAEXPAV234@@Z 0040c750 f   Common:Buffer.obj
 0001:0000b8c0       ??0CPackager@Win32@OnlineGameLib@@QAE@II@Z 0040c8c0 f   Common:Buffer.obj
 0001:0000ba50       ??_GCPackager@Win32@OnlineGameLib@@UAEPAXI@Z 0040ca50 f i Common:Buffer.obj
 0001:0000ba50       ??_ECPackager@Win32@OnlineGameLib@@UAEPAXI@Z 0040ca50 f i Common:Buffer.obj
 0001:0000ba70       ??1?$map@EPAVCBuffer@Win32@OnlineGameLib@@U?$less@E@std@@V?$allocator@PAVCBuffer@Win32@OnlineGameLib@@@5@@std@@QAE@XZ 0040ca70 f i Common:Buffer.obj
 0001:0000bae0       ??1CPackager@Win32@OnlineGameLib@@UAE@XZ 0040cae0 f   Common:Buffer.obj
 0001:0000bc10       ?AddData@CPackager@Win32@OnlineGameLib@@QAEXEQBDIK@Z 0040cc10 f   Common:Buffer.obj
 0001:0000bd70       ?AddData@CPackager@Win32@OnlineGameLib@@QAEXEQBEIK@Z 0040cd70 f   Common:Buffer.obj
 0001:0000bd90       ?DelData@CPackager@Win32@OnlineGameLib@@QAEXE@Z 0040cd90 f   Common:Buffer.obj
 0001:0000beb0       ?GetHeadPack@CPackager@Win32@OnlineGameLib@@QAEPAVCBuffer@23@EI@Z 0040ceb0 f   Common:Buffer.obj
 0001:0000bff0       ?GetNextPack@CPackager@Win32@OnlineGameLib@@QAEPAVCBuffer@23@E@Z 0040cff0 f   Common:Buffer.obj
 0001:0000c120       ?PackUp@CPackager@Win32@OnlineGameLib@@QAEPAVCBuffer@23@PBXI@Z 0040d120 f   Common:Buffer.obj
 0001:0000c270       ?Empty@CPackager@Win32@OnlineGameLib@@QAEXXZ 0040d270 f   Common:Buffer.obj
 0001:0000c3a0       ?insert@?$map@EPAVCBuffer@Win32@OnlineGameLib@@U?$less@E@std@@V?$allocator@PAVCBuffer@Win32@OnlineGameLib@@@5@@std@@QAE?AU?$pair@Viterator@?$_Tree@EU?$pair@$$CBEPAVCBuffer@Win32@OnlineGameLib@@@std@@U_Kfn@?$map@EPAVCBuffer@Win32@OnlineGameLib@@U?$less@E@std@@V?$allocator@PAVCBuffer@Win32@OnlineGameLib@@@5@@2@U?$less@E@2@V?$allocator@PAVCBuffer@Win32@OnlineGameLib@@@2@@std@@_N@2@ABU?$pair@$$CBEPAVCBuffer@Win32@OnlineGameLib@@@2@@Z 0040d3a0 f i Common:Buffer.obj
 0001:0000c3d0       ?erase@?$_Tree@EU?$pair@$$CBEPAVCBuffer@Win32@OnlineGameLib@@@std@@U_Kfn@?$map@EPAVCBuffer@Win32@OnlineGameLib@@U?$less@E@std@@V?$allocator@PAVCBuffer@Win32@OnlineGameLib@@@5@@2@U?$less@E@2@V?$allocator@PAVCBuffer@Win32@OnlineGameLib@@@2@@std@@QAE?AViterator@12@V312@0@Z 0040d3d0 f i Common:Buffer.obj
 0001:0000c500       ?find@?$_Tree@EU?$pair@$$CBEPAVCBuffer@Win32@OnlineGameLib@@@std@@U_Kfn@?$map@EPAVCBuffer@Win32@OnlineGameLib@@U?$less@E@std@@V?$allocator@PAVCBuffer@Win32@OnlineGameLib@@@5@@2@U?$less@E@2@V?$allocator@PAVCBuffer@Win32@OnlineGameLib@@@2@@std@@QAE?AViterator@12@ABE@Z 0040d500 f i Common:Buffer.obj
 0001:0000c550       ?assign@?$basic_string@DU?$char_traits@D@std@@V?$allocator@D@2@@std@@QAEAAV12@PBDI@Z 0040d550 f i Common:Buffer.obj
 0001:0000c5f0       ?insert@?$_Tree@EU?$pair@$$CBEPAVCBuffer@Win32@OnlineGameLib@@@std@@U_Kfn@?$map@EPAVCBuffer@Win32@OnlineGameLib@@U?$less@E@std@@V?$allocator@PAVCBuffer@Win32@OnlineGameLib@@@5@@2@U?$less@E@2@V?$allocator@PAVCBuffer@Win32@OnlineGameLib@@@2@@std@@QAE?AU?$pair@Viterator@?$_Tree@EU?$pair@$$CBEPAVCBuffer@Win32@OnlineGameLib@@@std@@U_Kfn@?$map@EPAVCBuffer@Win32@OnlineGameLib@@U?$less@E@std@@V?$allocator@PAVCBuffer@Win32@OnlineGameLib@@@5@@2@U?$less@E@2@V?$allocator@PAVCBuffer@Win32@OnlineGameLib@@@2@@std@@_N@2@ABU?$pair@$$CBEPAVCBuffer@Win32@OnlineGameLib@@@2@@Z 0040d5f0 f i Common:Buffer.obj
 0001:0000c720       ?erase@?$_Tree@EU?$pair@$$CBEPAVCBuffer@Win32@OnlineGameLib@@@std@@U_Kfn@?$map@EPAVCBuffer@Win32@OnlineGameLib@@U?$less@E@std@@V?$allocator@PAVCBuffer@Win32@OnlineGameLib@@@5@@2@U?$less@E@2@V?$allocator@PAVCBuffer@Win32@OnlineGameLib@@@2@@std@@QAE?AViterator@12@V312@@Z 0040d720 f i Common:Buffer.obj
 0001:0000cc40       ?lower_bound@?$_Tree@EU?$pair@$$CBEPAVCBuffer@Win32@OnlineGameLib@@@std@@U_Kfn@?$map@EPAVCBuffer@Win32@OnlineGameLib@@U?$less@E@std@@V?$allocator@PAVCBuffer@Win32@OnlineGameLib@@@5@@2@U?$less@E@2@V?$allocator@PAVCBuffer@Win32@OnlineGameLib@@@2@@std@@QAE?AViterator@12@ABE@Z 0040dc40 f i Common:Buffer.obj
 0001:0000cc60       ?_Erase@?$_Tree@EU?$pair@$$CBEPAVCBuffer@Win32@OnlineGameLib@@@std@@U_Kfn@?$map@EPAVCBuffer@Win32@OnlineGameLib@@U?$less@E@std@@V?$allocator@PAVCBuffer@Win32@OnlineGameLib@@@5@@2@U?$less@E@2@V?$allocator@PAVCBuffer@Win32@OnlineGameLib@@@2@@std@@IAEXPAU_Node@12@@Z 0040dc60 f i Common:Buffer.obj
 0001:0000ccf0       ?_Inc@const_iterator@?$_Tree@EU?$pair@$$CBEPAVCBuffer@Win32@OnlineGameLib@@@std@@U_Kfn@?$map@EPAVCBuffer@Win32@OnlineGameLib@@U?$less@E@std@@V?$allocator@PAVCBuffer@Win32@OnlineGameLib@@@5@@2@U?$less@E@2@V?$allocator@PAVCBuffer@Win32@OnlineGameLib@@@2@@std@@QAEXXZ 0040dcf0 f i Common:Buffer.obj
 0001:0000cda0       ??0?$pair@Viterator@?$_Tree@EU?$pair@$$CBEPAVCBuffer@Win32@OnlineGameLib@@@std@@U_Kfn@?$map@EPAVCBuffer@Win32@OnlineGameLib@@U?$less@E@std@@V?$allocator@PAVCBuffer@Win32@OnlineGameLib@@@5@@2@U?$less@E@2@V?$allocator@PAVCBuffer@Win32@OnlineGameLib@@@2@@std@@_N@std@@QAE@ABViterator@?$_Tree@EU?$pair@$$CBEPAVCBuffer@Win32@OnlineGameLib@@@std@@U_Kfn@?$map@EPAVCBuffer@Win32@OnlineGameLib@@U?$less@E@std@@V?$allocator@PAVCBuffer@Win32@OnlineGameLib@@@5@@2@U?$less@E@2@V?$allocator@PAVCBuffer@Win32@OnlineGameLib@@@2@@1@AB_N@Z 0040dda0 f i Common:Buffer.obj
 0001:0000cdc0       ?_Insert@?$_Tree@EU?$pair@$$CBEPAVCBuffer@Win32@OnlineGameLib@@@std@@U_Kfn@?$map@EPAVCBuffer@Win32@OnlineGameLib@@U?$less@E@std@@V?$allocator@PAVCBuffer@Win32@OnlineGameLib@@@5@@2@U?$less@E@2@V?$allocator@PAVCBuffer@Win32@OnlineGameLib@@@2@@std@@IAE?AViterator@12@PAU_Node@12@0ABU?$pair@$$CBEPAVCBuffer@Win32@OnlineGameLib@@@2@@Z 0040ddc0 f i Common:Buffer.obj
 0001:0000d0c0       ?_Lbound@?$_Tree@EU?$pair@$$CBEPAVCBuffer@Win32@OnlineGameLib@@@std@@U_Kfn@?$map@EPAVCBuffer@Win32@OnlineGameLib@@U?$less@E@std@@V?$allocator@PAVCBuffer@Win32@OnlineGameLib@@@5@@2@U?$less@E@2@V?$allocator@PAVCBuffer@Win32@OnlineGameLib@@@2@@std@@IBEPAU_Node@12@ABE@Z 0040e0c0 f i Common:Buffer.obj
 0001:0000d110       ?_Ubound@?$_Tree@EU?$pair@$$CBEPAVCBuffer@Win32@OnlineGameLib@@@std@@U_Kfn@?$map@EPAVCBuffer@Win32@OnlineGameLib@@U?$less@E@std@@V?$allocator@PAVCBuffer@Win32@OnlineGameLib@@@5@@2@U?$less@E@2@V?$allocator@PAVCBuffer@Win32@OnlineGameLib@@@2@@std@@IBEPAU_Node@12@ABE@Z 0040e110 f i Common:Buffer.obj
 0001:0000d160       ?_Dec@const_iterator@?$_Tree@EU?$pair@$$CBEPAVCBuffer@Win32@OnlineGameLib@@@std@@U_Kfn@?$map@EPAVCBuffer@Win32@OnlineGameLib@@U?$less@E@std@@V?$allocator@PAVCBuffer@Win32@OnlineGameLib@@@5@@2@U?$less@E@2@V?$allocator@PAVCBuffer@Win32@OnlineGameLib@@@2@@std@@QAEXXZ 0040e160 f i Common:Buffer.obj
 0001:0000d220       ?_Construct@std@@YAXPAU?$pair@$$CBEPAVCBuffer@Win32@OnlineGameLib@@@1@ABU21@@Z 0040e220 f i Common:Buffer.obj
 0001:0000d240       ?_Distance@std@@YAXViterator@?$_Tree@EU?$pair@$$CBEPAVCBuffer@Win32@OnlineGameLib@@@std@@U_Kfn@?$map@EPAVCBuffer@Win32@OnlineGameLib@@U?$less@E@std@@V?$allocator@PAVCBuffer@Win32@OnlineGameLib@@@5@@2@U?$less@E@2@V?$allocator@PAVCBuffer@Win32@OnlineGameLib@@@2@@1@0AAIUbidirectional_iterator_tag@1@@Z 0040e240 f i Common:Buffer.obj
 0001:0000d2a0       _GetCRCTable               0040e2a0 f   Common:CRC32.OBJ
 0001:0000d2b0       _CRC32_C                   0040e2b0 f   Common:CRC32.OBJ
 0001:0000d3f0       _CRC32                     0040e3f0 f   Common:CRC32.OBJ
 0001:0000d4f0       ??0CWin32Exception@Win32@OnlineGameLib@@QAE@ABV?$basic_string@DU?$char_traits@D@std@@V?$allocator@D@2@@std@@K@Z 0040e4f0 f   Common:Win32Exception.obj
 0001:0000d5b0       ??0CException@Win32@OnlineGameLib@@QAE@ABV?$basic_string@DU?$char_traits@D@std@@V?$allocator@D@2@@std@@0@Z 0040e5b0 f   Common:Exception.obj
 0001:0000d6e0       ?GetWhere@CException@Win32@OnlineGameLib@@UBE?AV?$basic_string@DU?$char_traits@D@std@@V?$allocator@D@2@@std@@XZ 0040e6e0 f   Common:Exception.obj
 0001:0000d810       ?GetMessageA@CException@Win32@OnlineGameLib@@UBE?AV?$basic_string@DU?$char_traits@D@std@@V?$allocator@D@2@@std@@XZ 0040e810 f   Common:Exception.obj
 0001:0000d940       ?MessageBoxA@CException@Win32@OnlineGameLib@@QBEXPAUHWND__@@@Z 0040e940 f   Common:Exception.obj
 0001:0000da50       ??0CNodeList@OnlineGameLib@@QAE@XZ 0040ea50 f   Common:NodeList.obj
 0001:0000da60       ?PushNode@CNodeList@OnlineGameLib@@QAEXPAVNode@12@@Z 0040ea60 f   Common:NodeList.obj
 0001:0000da90       ?PopNode@CNodeList@OnlineGameLib@@QAEPAVNode@12@XZ 0040ea90 f   Common:NodeList.obj
 0001:0000dab0       ?RemoveNode@CNodeList@OnlineGameLib@@AAEXPAVNode@12@@Z 0040eab0 f   Common:NodeList.obj
 0001:0000dad0       ??0Node@CNodeList@OnlineGameLib@@IAE@XZ 0040ead0 f   Common:NodeList.obj
 0001:0000dae0       ??1Node@CNodeList@OnlineGameLib@@IAE@XZ 0040eae0 f   Common:NodeList.obj
 0001:0000db40       ?AddToList@Node@CNodeList@OnlineGameLib@@QAEXPAV23@@Z 0040eb40 f   Common:NodeList.obj
 0001:0000db50       ?RemoveFromList@Node@CNodeList@OnlineGameLib@@QAEXXZ 0040eb50 f   Common:NodeList.obj
 0001:0000db60       ?Unlink@Node@CNodeList@OnlineGameLib@@AAEXXZ 0040eb60 f   Common:NodeList.obj
 0001:0000ddf0       ?SetLogFileName@Win32@OnlineGameLib@@YAXABV?$basic_string@DU?$char_traits@D@std@@V?$allocator@D@2@@std@@@Z 0040edf0 f   Common:Utils.obj
 0001:0000df00       ?Message@Win32@OnlineGameLib@@YAXQBD@Z 0040ef00 f   Common:Utils.obj
 0001:0000df30       ?Output@Win32@OnlineGameLib@@YAXABV?$basic_string@DU?$char_traits@D@std@@V?$allocator@D@2@@std@@@Z 0040ef30 f   Common:Utils.obj
 0001:0000df40       ?Trace@Win32@OnlineGameLib@@YAXABV?$basic_string@DU?$char_traits@D@std@@V?$allocator@D@2@@std@@0@Z 0040ef40 f   Common:Utils.obj
 0001:0000df50       ?GetLastErrorMessage@Win32@OnlineGameLib@@YA?AV?$basic_string@DU?$char_traits@D@std@@V?$allocator@D@2@@std@@K@Z 0040ef50 f   Common:Utils.obj
 0001:0000e070       ?HexToString@Win32@OnlineGameLib@@YA?AV?$basic_string@DU?$char_traits@D@std@@V?$allocator@D@2@@std@@PBEI@Z 0040f070 f   Common:Utils.obj
 0001:0000e200       ?StringToHex@Win32@OnlineGameLib@@YAXABV?$basic_string@DU?$char_traits@D@std@@V?$allocator@D@2@@std@@PAEI@Z 0040f200 f   Common:Utils.obj
 0001:0000e340       ?HexStringToDWORD@Win32@OnlineGameLib@@YAKPBD@Z 0040f340 f   Common:Utils.obj
 0001:0000e3a0       ?HashStr2ID@Win32@OnlineGameLib@@YAKQBD@Z 0040f3a0 f   Common:Utils.obj
 0001:0000e3f0       ?net_aton@Win32@OnlineGameLib@@YAKPBD@Z 0040f3f0 f   Common:Utils.obj
 0001:0000e480       ?net_ntoa@Win32@OnlineGameLib@@YAPBDK@Z 0040f480 f   Common:Utils.obj
 0001:0000e4c0       ?GetCurrentDirectoryA@Win32@OnlineGameLib@@YA?AV?$basic_string@DU?$char_traits@D@std@@V?$allocator@D@2@@std@@XZ 0040f4c0 f   Common:Utils.obj
 0001:0000e640       ?GetAppFullPath@Win32@OnlineGameLib@@YA?AV?$basic_string@DU?$char_traits@D@std@@V?$allocator@D@2@@std@@PAUHINSTANCE__@@@Z 0040f640 f   Common:Utils.obj
 0001:0000e820       ?GetDateStamp@Win32@OnlineGameLib@@YA?AV?$basic_string@DU?$char_traits@D@std@@V?$allocator@D@2@@std@@XZ 0040f820 f   Common:Utils.obj
 0001:0000e940       ?GetTimeStamp@Win32@OnlineGameLib@@YA?AV?$basic_string@DU?$char_traits@D@std@@V?$allocator@D@2@@std@@XZ 0040f940 f   Common:Utils.obj
 0001:0000ea50       ?ToHex@Win32@OnlineGameLib@@YA?AV?$basic_string@DU?$char_traits@D@std@@V?$allocator@D@2@@std@@E@Z 0040fa50 f   Common:Utils.obj
 0001:0000eb30       ?DumpData@Win32@OnlineGameLib@@YA?AV?$basic_string@DU?$char_traits@D@std@@V?$allocator@D@2@@std@@QBEII@Z 0040fb30 f   Common:Utils.obj
 0001:0000eed0       ?GetComputerNameA@Win32@OnlineGameLib@@YA?AV?$basic_string@DU?$char_traits@D@std@@V?$allocator@D@2@@std@@XZ 0040fed0 f   Common:Utils.obj
 0001:0000f120       ?GetModuleFileNameA@Win32@OnlineGameLib@@YA?AV?$basic_string@DU?$char_traits@D@std@@V?$allocator@D@2@@std@@PAUHINSTANCE__@@@Z 00410120 f   Common:Utils.obj
 0001:0000f380       ?GetUserNameA@Win32@OnlineGameLib@@YA?AV?$basic_string@DU?$char_traits@D@std@@V?$allocator@D@2@@std@@XZ 00410380 f   Common:Utils.obj
 0001:0000f5e0       ?StripLeading@Win32@OnlineGameLib@@YA?AV?$basic_string@DU?$char_traits@D@std@@V?$allocator@D@2@@std@@ABV34@D@Z 004105e0 f   Common:Utils.obj
 0001:0000f6c0       ?StripTrailing@Win32@OnlineGameLib@@YA?AV?$basic_string@DU?$char_traits@D@std@@V?$allocator@D@2@@std@@ABV34@D@Z 004106c0 f   Common:Utils.obj
 0001:0000f710       ?GetFileVersion@Win32@OnlineGameLib@@YA?AV?$basic_string@DU?$char_traits@D@std@@V?$allocator@D@2@@std@@XZ 00410710 f   Common:Utils.obj
 0001:0000f9f0       ?GetLocalName@Win32@OnlineGameLib@@YA_NPADI@Z 004109f0 f   Common:Utils.obj
 0001:0000faf0       ?GetLocalAddress@Win32@OnlineGameLib@@YA_NPADIH@Z 00410af0 f   Common:Utils.obj
 0001:0000fc20       ?substr@?$basic_string@DU?$char_traits@D@std@@V?$allocator@D@2@@std@@QBE?AV12@II@Z 00410c20 f i Common:Utils.obj
 0001:0000fdb0       ??1?$basic_ios@DU?$char_traits@D@std@@@std@@UAE@XZ 00410db0 f i Common:Utils.obj
 0001:0000fdc0       ??0?$basic_fstream@DU?$char_traits@D@std@@@std@@QAE@XZ 00410dc0 f i Common:Utils.obj
 0001:0000ff20       ?_Incref@facet@locale@std@@QAEXXZ 00410f20 f i Common:Utils.obj
 0001:0000ff50       ??0?$basic_ostream@DU?$char_traits@D@std@@@std@@QAE@PAV?$basic_streambuf@DU?$char_traits@D@std@@@1@_N1@Z 00410f50 f i Common:Utils.obj
 0001:00010010       ??1?$basic_istream@DU?$char_traits@D@std@@@std@@UAE@XZ 00411010 f i Common:Utils.obj
 0001:00010020       ??1?$basic_streambuf@DU?$char_traits@D@std@@@std@@UAE@XZ 00411020 f i Common:Utils.obj
 0001:00010070       ?overflow@?$basic_streambuf@DU?$char_traits@D@std@@@std@@MAEHH@Z 00411070 f i Common:Utils.obj
 0001:00010080       ?pbackfail@?$basic_streambuf@DU?$char_traits@D@std@@@std@@MAEHH@Z 00411080 f i Common:Utils.obj
 0001:00010090       ?showmanyc@?$basic_streambuf@DU?$char_traits@D@std@@@std@@MAEHXZ 00411090 f i Common:Utils.obj
 0001:000100a0       ?underflow@?$basic_streambuf@DU?$char_traits@D@std@@@std@@MAEHXZ 004110a0 f i Common:Utils.obj
 0001:000100b0       ?uflow@?$basic_streambuf@DU?$char_traits@D@std@@@std@@MAEHXZ 004110b0 f i Common:Utils.obj
 0001:000100e0       ?xsgetn@?$basic_streambuf@DU?$char_traits@D@std@@@std@@MAEHPADH@Z 004110e0 f i Common:Utils.obj
 0001:00010180       ?xsputn@?$basic_streambuf@DU?$char_traits@D@std@@@std@@MAEHPBDH@Z 00411180 f i Common:Utils.obj
 0001:00010220       ?seekoff@?$basic_streambuf@DU?$char_traits@D@std@@@std@@MAE?AV?$fpos@H@2@JW4seekdir@ios_base@2@H@Z 00411220 f i Common:Utils.obj
 0001:00010250       ?seekpos@?$basic_streambuf@DU?$char_traits@D@std@@@std@@MAE?AV?$fpos@H@2@V32@H@Z 00411250 f i Common:Utils.obj
 0001:00010280       ?setbuf@?$basic_streambuf@DU?$char_traits@D@std@@@std@@MAEPAV12@PADH@Z 00411280 f i Common:Utils.obj
 0001:00010290       ?sync@?$basic_streambuf@DU?$char_traits@D@std@@@std@@MAEHXZ 00411290 f i Common:Utils.obj
 0001:000102a0       ?imbue@?$basic_streambuf@DU?$char_traits@D@std@@@std@@MAEXABVlocale@2@@Z 004112a0 f i Common:Utils.obj
 0001:000102b0       ??1?$basic_iostream@DU?$char_traits@D@std@@@std@@UAE@XZ 004112b0 f i Common:Utils.obj
 0001:000102f0       ??1?$basic_fstream@DU?$char_traits@D@std@@@std@@UAE@XZ 004112f0 f i Common:Utils.obj
 0001:00010430       ?overflow@?$basic_filebuf@DU?$char_traits@D@std@@@std@@MAEHH@Z 00411430 f i Common:Utils.obj
 0001:00010610       ?pbackfail@?$basic_filebuf@DU?$char_traits@D@std@@@std@@MAEHH@Z 00411610 f i Common:Utils.obj
 0001:000107b0       ?underflow@?$basic_filebuf@DU?$char_traits@D@std@@@std@@MAEHXZ 004117b0 f i Common:Utils.obj
 0001:000107e0       ?uflow@?$basic_filebuf@DU?$char_traits@D@std@@@std@@MAEHXZ 004117e0 f i Common:Utils.obj
 0001:000109d0       ?seekoff@?$basic_filebuf@DU?$char_traits@D@std@@@std@@MAE?AV?$fpos@H@2@JW4seekdir@ios_base@2@H@Z 004119d0 f i Common:Utils.obj
 0001:00010a60       ?seekpos@?$basic_filebuf@DU?$char_traits@D@std@@@std@@MAE?AV?$fpos@H@2@V32@H@Z 00411a60 f i Common:Utils.obj
 0001:00010bf0       ?setbuf@?$basic_filebuf@DU?$char_traits@D@std@@@std@@MAEPAV?$basic_streambuf@DU?$char_traits@D@std@@@2@PADH@Z 00411bf0 f i Common:Utils.obj
 0001:00010c20       ?sync@?$basic_filebuf@DU?$char_traits@D@std@@@std@@MAEHXZ 00411c20 f i Common:Utils.obj
 0001:00010c40       ??1?$auto_ptr@D@std@@QAE@XZ 00411c40 f i Common:Utils.obj
 0001:00010c50       ??1?$auto_ptr@E@std@@QAE@XZ 00411c50 f i Common:Utils.obj
 0001:00010c60       ??_G?$basic_ostream@DU?$char_traits@D@std@@@std@@UAEPAXI@Z 00411c60 f i Common:Utils.obj
 0001:00010c60       ??_E?$basic_ostream@DU?$char_traits@D@std@@@std@@UAEPAXI@Z 00411c60 f i Common:Utils.obj
 0001:00010c90       ??_E?$basic_ios@DU?$char_traits@D@std@@@std@@UAEPAXI@Z 00411c90 f i Common:Utils.obj
 0001:00010c90       ??_G?$basic_ios@DU?$char_traits@D@std@@@std@@UAEPAXI@Z 00411c90 f i Common:Utils.obj
 0001:00010cb0       ??_E?$basic_istream@DU?$char_traits@D@std@@@std@@UAEPAXI@Z 00411cb0 f i Common:Utils.obj
 0001:00010cb0       ??_G?$basic_istream@DU?$char_traits@D@std@@@std@@UAEPAXI@Z 00411cb0 f i Common:Utils.obj
 0001:00010ce0       ??_E?$basic_streambuf@DU?$char_traits@D@std@@@std@@UAEPAXI@Z 00411ce0 f i Common:Utils.obj
 0001:00010ce0       ??_G?$basic_streambuf@DU?$char_traits@D@std@@@std@@UAEPAXI@Z 00411ce0 f i Common:Utils.obj
 0001:00010d00       ??_G?$basic_iostream@DU?$char_traits@D@std@@@std@@UAEPAXI@Z 00411d00 f i Common:Utils.obj
 0001:00010d00       ??_E?$basic_iostream@DU?$char_traits@D@std@@@std@@UAEPAXI@Z 00411d00 f i Common:Utils.obj
 0001:00010d30       ??_G?$basic_fstream@DU?$char_traits@D@std@@@std@@UAEPAXI@Z 00411d30 f i Common:Utils.obj
 0001:00010d30       ??_E?$basic_fstream@DU?$char_traits@D@std@@@std@@UAEPAXI@Z 00411d30 f i Common:Utils.obj
 0001:00010d60       ??_G?$basic_filebuf@DU?$char_traits@D@std@@@std@@UAEPAXI@Z 00411d60 f i Common:Utils.obj
 0001:00010d60       ??_E?$basic_filebuf@DU?$char_traits@D@std@@@std@@UAEPAXI@Z 00411d60 f i Common:Utils.obj
 0001:00010d80       ??1?$basic_filebuf@DU?$char_traits@D@std@@@std@@UAE@XZ 00411d80 f i Common:Utils.obj
 0001:00010ed0       ?append@?$basic_string@DU?$char_traits@D@std@@V?$allocator@D@2@@std@@QAEAAV12@ID@Z 00411ed0 f i Common:Utils.obj
 0001:00010fa0       ?init@?$basic_ios@DU?$char_traits@D@std@@@std@@IAEXPAV?$basic_streambuf@DU?$char_traits@D@std@@@2@_N@Z 00411fa0 f i Common:Utils.obj
 0001:00010ff0       ??0?$fpos@H@std@@QAE@J@Z   00411ff0 f i Common:Utils.obj
 0001:00011030       ?_Init@?$basic_streambuf@DU?$char_traits@D@std@@@std@@IAEXXZ 00412030 f i Common:Utils.obj
 0001:00011090       ?append@?$basic_string@DU?$char_traits@D@std@@V?$allocator@D@2@@std@@QAEAAV12@ABV12@II@Z 00412090 f i Common:Utils.obj
 0001:00011170       ?append@?$basic_string@DU?$char_traits@D@std@@V?$allocator@D@2@@std@@QAEAAV12@PBDI@Z 00412170 f i Common:Utils.obj
 0001:00011230       ?_Freeze@?$basic_string@DU?$char_traits@D@std@@V?$allocator@D@2@@std@@AAEXXZ 00412230 f i Common:Utils.obj
 0001:000112b0       ?_Init@?$basic_filebuf@DU?$char_traits@D@std@@@std@@IAEXPAU_iobuf@@W4_Initfl@12@@Z 004122b0 f i Common:Utils.obj
 0001:00011390       ??0locale@std@@QAE@XZ      00412390 f i Common:Utils.obj
 0001:000113e0       ??Hstd@@YA?AV?$basic_string@DU?$char_traits@D@std@@V?$allocator@D@2@@0@ABV10@PBD@Z 004123e0 f i Common:Utils.obj
 0001:00011510       ??Hstd@@YA?AV?$basic_string@DU?$char_traits@D@std@@V?$allocator@D@2@@0@ABV10@0@Z 00412510 f i Common:Utils.obj
 0001:00011670       _InitializeCriticalSection@4 00412670 f   kernel32:KERNEL32.dll
 0001:00011676       _DeleteCriticalSection@4   00412676 f   kernel32:KERNEL32.dll
 0001:0001167c       _LeaveCriticalSection@4    0041267c f   kernel32:KERNEL32.dll
 0001:00011682       _EnterCriticalSection@4    00412682 f   kernel32:KERNEL32.dll
 0001:00011688       _GetProcAddress@8          00412688 f   kernel32:KERNEL32.dll
 0001:0001168e       _Sleep@4                   0041268e f   kernel32:KERNEL32.dll
 0001:00011694       _FreeLibrary@4             00412694 f   kernel32:KERNEL32.dll
 0001:0001169a       _LoadLibraryA@4            0041269a f   kernel32:KERNEL32.dll
 0001:000116a0       _InterlockedDecrement@4    004126a0 f   kernel32:KERNEL32.dll
 0001:000116a6       _InterlockedIncrement@4    004126a6 f   kernel32:KERNEL32.dll
 0001:000116ac       _InterlockedExchange@8     004126ac f   kernel32:KERNEL32.dll
 0001:000116b2       _GetLastError@0            004126b2 f   kernel32:KERNEL32.dll
 0001:000116b8       _FormatMessageA@28         004126b8 f   kernel32:KERNEL32.dll
 0001:000116be       _GetCurrentDirectoryA@8    004126be f   kernel32:KERNEL32.dll
 0001:000116c4       _GetModuleFileNameA@12     004126c4 f   kernel32:KERNEL32.dll
 0001:000116ca       _GetSystemTime@4           004126ca f   kernel32:KERNEL32.dll
 0001:000116d0       _GetLocalTime@4            004126d0 f   kernel32:KERNEL32.dll
 0001:000116d6       _GetComputerNameA@8        004126d6 f   kernel32:KERNEL32.dll
 0001:000116dc       _SetLastError@4            004126dc f   kernel32:KERNEL32.dll
 0001:000116e2       _MessageBoxA@16            004126e2 f   user32:USER32.dll
 0001:000116e8       _MessageBeep@4             004126e8 f   user32:USER32.dll
 0001:000116ee       _wsprintfA                 004126ee f   user32:USER32.dll
 0001:000116f4       _GetUserNameA@8            004126f4 f   advapi32:ADVAPI32.dll
 0001:000116fa       ??0KTimer@@QAE@XZ          004126fa f   engine:Engine.dll
 0001:00011700       ?Start@KTimer@@QAEXXZ      00412700 f   engine:Engine.dll
 0001:00011706       ??1KIniFile@@QAE@XZ        00412706 f   engine:Engine.dll
 0001:0001170c       ?GetString@KIniFile@@QAEHPBD00PADK@Z 0041270c f   engine:Engine.dll
 0001:00011712       ?GetInteger@KIniFile@@QAEHPBD0HPAH@Z 00412712 f   engine:Engine.dll
 0001:00011718       ?Load@KIniFile@@QAEHPBD@Z  00412718 f   engine:Engine.dll
 0001:0001171e       ??0KIniFile@@QAE@XZ        0041271e f   engine:Engine.dll
 0001:00011724       ?g_SetFilePath@@YAXPAD@Z   00412724 f   engine:Engine.dll
 0001:0001172a       ?g_SetRootPath@@YAXPAD@Z   0041272a f   engine:Engine.dll
 0001:00011730       ?GetElapse@KTimer@@QAEKXZ  00412730 f   engine:Engine.dll
 0001:00011736       ?g_FileName2Id@@YAKPAD@Z   00412736 f   engine:Engine.dll
 0001:0001173c       _CoreGetServerShell        0041273c f   CoreServer:CoreServer.dll
 0001:000117cb       ??_D?$basic_istream@DU?$char_traits@D@std@@@std@@QAEXXZ 004127cb f i libcpmt:iostream.obj
 0001:0001180f       ??_D?$basic_ostream@DU?$char_traits@D@std@@@std@@QAEXXZ 0041280f f i libcpmt:iostream.obj
 0001:000118af       ??0Init@ios_base@std@@QAE@XZ 004128af f   libcpmt:iostream.obj
 0001:00011a2e       ??3@YAXPAX0@Z              00412a2e f i libcpmt:iostream.obj
 0001:00011a2f       ??1Init@ios_base@std@@QAE@XZ 00412a2f f   libcpmt:iostream.obj
 0001:00011a72       ??0?$basic_ostream@DU?$char_traits@D@std@@@std@@QAE@W4_Uninitialized@1@@Z 00412a72 f i libcpmt:iostream.obj
 0001:00011ad1       ?flush@?$basic_ostream@DU?$char_traits@D@std@@@std@@QAEAAV12@XZ 00412ad1 f i libcpmt:iostream.obj
 0001:00011b1b       ??0?$basic_istream@DU?$char_traits@D@std@@@std@@QAE@PAV?$basic_streambuf@DU?$char_traits@D@std@@@1@_N@Z 00412b1b f i libcpmt:iostream.obj
 0001:00011b83       ??0?$basic_istream@DU?$char_traits@D@std@@@std@@QAE@W4_Uninitialized@1@@Z 00412b83 f i libcpmt:iostream.obj
 0001:00011be2       ??0?$basic_filebuf@DU?$char_traits@D@std@@@std@@QAE@PAU_iobuf@@@Z 00412be2 f i libcpmt:iostream.obj
 0001:00011c42       ??0?$basic_filebuf@DU?$char_traits@D@std@@@std@@QAE@W4_Uninitialized@1@@Z 00412c42 f i libcpmt:iostream.obj
 0001:00011c4d       ?_Gndec@?$basic_streambuf@DU?$char_traits@D@std@@@std@@IAEPADXZ 00412c4d f i libcpmt:iostream.obj
 0001:00011c5d       ?_Gninc@?$basic_streambuf@DU?$char_traits@D@std@@@std@@IAEPADXZ 00412c5d f i libcpmt:iostream.obj
 0001:00011c6d       ?_Pninc@?$basic_streambuf@DU?$char_traits@D@std@@@std@@IAEPADXZ 00412c6d f i libcpmt:iostream.obj
 0001:00011c7d       ?close@?$basic_filebuf@DU?$char_traits@D@std@@@std@@QAEPAV12@XZ 00412c7d f i libcpmt:iostream.obj
 0001:00011ca4       ?_Ungetc@std@@YA_NABDPAU_iobuf@@I@Z 00412ca4 f i libcpmt:iostream.obj
 0001:00011d33       ?id@?$collate@D@std@@$E    00412d33 f i libcpmt:iostream.obj
 0001:00011e3e       ??_D?$basic_istream@GU?$char_traits@G@std@@@std@@QAEXXZ 00412e3e f i libcpmt:wiostrea.obj
 0001:00011e82       ??_D?$basic_ostream@GU?$char_traits@G@std@@@std@@QAEXXZ 00412e82 f i libcpmt:wiostrea.obj
 0001:00011ef5       ??0_Winit@std@@QAE@XZ      00412ef5 f   libcpmt:wiostrea.obj
 0001:00012076       ??1_Winit@std@@QAE@XZ      00413076 f   libcpmt:wiostrea.obj
 0001:000120b9       ??0?$basic_ostream@GU?$char_traits@G@std@@@std@@QAE@PAV?$basic_streambuf@GU?$char_traits@G@std@@@1@_N1@Z 004130b9 f i libcpmt:wiostrea.obj
 0001:00012123       ??0?$basic_ostream@GU?$char_traits@G@std@@@std@@QAE@W4_Uninitialized@1@@Z 00413123 f i libcpmt:wiostrea.obj
 0001:00012182       ?flush@?$basic_ostream@GU?$char_traits@G@std@@@std@@QAEAAV12@XZ 00413182 f i libcpmt:wiostrea.obj
 0001:000121cc       ??1?$basic_ios@GU?$char_traits@G@std@@@std@@UAE@XZ 004131cc f i libcpmt:wiostrea.obj
 0001:000121d7       ??0?$basic_istream@GU?$char_traits@G@std@@@std@@QAE@PAV?$basic_streambuf@GU?$char_traits@G@std@@@1@_N@Z 004131d7 f i libcpmt:wiostrea.obj
 0001:0001223f       ??0?$basic_istream@GU?$char_traits@G@std@@@std@@QAE@W4_Uninitialized@1@@Z 0041323f f i libcpmt:wiostrea.obj
 0001:0001229e       ??0?$basic_filebuf@GU?$char_traits@G@std@@@std@@QAE@PAU_iobuf@@@Z 0041329e f i libcpmt:wiostrea.obj
 0001:000122fe       ??1?$basic_streambuf@GU?$char_traits@G@std@@@std@@UAE@XZ 004132fe f i libcpmt:wiostrea.obj
 0001:0001230c       ?overflow@?$basic_streambuf@GU?$char_traits@G@std@@@std@@MAEGG@Z 0041330c f i libcpmt:wiostrea.obj
 0001:00012313       ?pbackfail@?$basic_streambuf@GU?$char_traits@G@std@@@std@@MAEGG@Z 00413313 f i libcpmt:wiostrea.obj
 0001:0001231a       ?showmanyc@?$basic_streambuf@GU?$char_traits@G@std@@@std@@MAEHXZ 0041331a f i libcpmt:wiostrea.obj
 0001:0001231d       ?underflow@?$basic_streambuf@GU?$char_traits@G@std@@@std@@MAEGXZ 0041331d f i libcpmt:wiostrea.obj
 0001:00012322       ?uflow@?$basic_streambuf@GU?$char_traits@G@std@@@std@@MAEGXZ 00413322 f i libcpmt:wiostrea.obj
 0001:00012343       ?xsgetn@?$basic_streambuf@GU?$char_traits@G@std@@@std@@MAEHPAGH@Z 00413343 f i libcpmt:wiostrea.obj
 0001:000123ca       ?xsputn@?$basic_streambuf@GU?$char_traits@G@std@@@std@@MAEHPBGH@Z 004133ca f i libcpmt:wiostrea.obj
 0001:00012452       ?seekoff@?$basic_streambuf@GU?$char_traits@G@std@@@std@@MAE?AV?$fpos@H@2@JW4seekdir@ios_base@2@H@Z 00413452 f i libcpmt:wiostrea.obj
 0001:00012476       ?seekpos@?$basic_streambuf@GU?$char_traits@G@std@@@std@@MAE?AV?$fpos@H@2@V32@H@Z 00413476 f i libcpmt:wiostrea.obj
 0001:0001249a       ?setbuf@?$basic_streambuf@GU?$char_traits@G@std@@@std@@MAEPAV12@PAGH@Z 0041349a f i libcpmt:wiostrea.obj
 0001:0001249f       ?sync@?$basic_streambuf@GU?$char_traits@G@std@@@std@@MAEHXZ 0041349f f i libcpmt:wiostrea.obj
 0001:000124a2       ?imbue@?$basic_streambuf@GU?$char_traits@G@std@@@std@@MAEXABVlocale@2@@Z 004134a2 f i libcpmt:wiostrea.obj
 0001:000124a5       ??0?$basic_filebuf@GU?$char_traits@G@std@@@std@@QAE@W4_Uninitialized@1@@Z 004134a5 f i libcpmt:wiostrea.obj
 0001:000124b0       ??1?$basic_filebuf@GU?$char_traits@G@std@@@std@@UAE@XZ 004134b0 f i libcpmt:wiostrea.obj
 0001:00012515       ?overflow@?$basic_filebuf@GU?$char_traits@G@std@@@std@@MAEGG@Z 00413515 f i libcpmt:wiostrea.obj
 0001:0001265d       ?pbackfail@?$basic_filebuf@GU?$char_traits@G@std@@@std@@MAEGG@Z 0041365d f i libcpmt:wiostrea.obj
 0001:00012714       ?underflow@?$basic_filebuf@GU?$char_traits@G@std@@@std@@MAEGXZ 00413714 f i libcpmt:wiostrea.obj
 0001:00012742       ?uflow@?$basic_filebuf@GU?$char_traits@G@std@@@std@@MAEGXZ 00413742 f i libcpmt:wiostrea.obj
 0001:00012860       ?seekoff@?$basic_filebuf@GU?$char_traits@G@std@@@std@@MAE?AV?$fpos@H@2@JW4seekdir@ios_base@2@H@Z 00413860 f i libcpmt:wiostrea.obj
 0001:000128cf       ?seekpos@?$basic_filebuf@GU?$char_traits@G@std@@@std@@MAE?AV?$fpos@H@2@V32@H@Z 004138cf f i libcpmt:wiostrea.obj
 0001:0001297e       ?setbuf@?$basic_filebuf@GU?$char_traits@G@std@@@std@@MAEPAV?$basic_streambuf@GU?$char_traits@G@std@@@2@PAGH@Z 0041397e f i libcpmt:wiostrea.obj
 0001:000129ac       ?sync@?$basic_filebuf@GU?$char_traits@G@std@@@std@@MAEHXZ 004139ac f i libcpmt:wiostrea.obj
 0001:000129c5       ??_E?$basic_ostream@GU?$char_traits@G@std@@@std@@UAEPAXI@Z 004139c5 f i libcpmt:wiostrea.obj
 0001:000129c5       ??_G?$basic_ostream@GU?$char_traits@G@std@@@std@@UAEPAXI@Z 004139c5 f i libcpmt:wiostrea.obj
 0001:000129e4       ??_E?$basic_ios@GU?$char_traits@G@std@@@std@@UAEPAXI@Z 004139e4 f i libcpmt:wiostrea.obj
 0001:000129e4       ??_G?$basic_ios@GU?$char_traits@G@std@@@std@@UAEPAXI@Z 004139e4 f i libcpmt:wiostrea.obj
 0001:00012a00       ??_G?$basic_istream@GU?$char_traits@G@std@@@std@@UAEPAXI@Z 00413a00 f i libcpmt:wiostrea.obj
 0001:00012a00       ??_E?$basic_istream@GU?$char_traits@G@std@@@std@@UAEPAXI@Z 00413a00 f i libcpmt:wiostrea.obj
 0001:00012a1f       ??_G?$basic_streambuf@GU?$char_traits@G@std@@@std@@UAEPAXI@Z 00413a1f f i libcpmt:wiostrea.obj
 0001:00012a1f       ??_E?$basic_streambuf@GU?$char_traits@G@std@@@std@@UAEPAXI@Z 00413a1f f i libcpmt:wiostrea.obj
 0001:00012a3b       ??_E?$basic_filebuf@GU?$char_traits@G@std@@@std@@UAEPAXI@Z 00413a3b f i libcpmt:wiostrea.obj
 0001:00012a3b       ??_G?$basic_filebuf@GU?$char_traits@G@std@@@std@@UAEPAXI@Z 00413a3b f i libcpmt:wiostrea.obj
 0001:00012a57       ?init@?$basic_ios@GU?$char_traits@G@std@@@std@@IAEXPAV?$basic_streambuf@GU?$char_traits@G@std@@@2@_N@Z 00413a57 f i libcpmt:wiostrea.obj
 0001:00012aa1       ?gbump@?$basic_streambuf@GU?$char_traits@G@std@@@std@@IAEXH@Z 00413aa1 f i libcpmt:wiostrea.obj
 0001:00012ab5       ?_Gndec@?$basic_streambuf@GU?$char_traits@G@std@@@std@@IAEPAGXZ 00413ab5 f i libcpmt:wiostrea.obj
 0001:00012ac6       ?_Gninc@?$basic_streambuf@GU?$char_traits@G@std@@@std@@IAEPAGXZ 00413ac6 f i libcpmt:wiostrea.obj
 0001:00012ad6       ?pbump@?$basic_streambuf@GU?$char_traits@G@std@@@std@@IAEXH@Z 00413ad6 f i libcpmt:wiostrea.obj
 0001:00012aea       ?_Pninc@?$basic_streambuf@GU?$char_traits@G@std@@@std@@IAEPAGXZ 00413aea f i libcpmt:wiostrea.obj
 0001:00012afa       ?close@?$basic_filebuf@GU?$char_traits@G@std@@@std@@QAEPAV12@XZ 00413afa f i libcpmt:wiostrea.obj
 0001:00012b21       ?_Init@?$basic_filebuf@GU?$char_traits@G@std@@@std@@IAEXPAU_iobuf@@W4_Initfl@12@@Z 00413b21 f i libcpmt:wiostrea.obj
 0001:00012b77       ?_Init@?$basic_streambuf@GU?$char_traits@G@std@@@std@@IAEXXZ 00413b77 f i libcpmt:wiostrea.obj
 0001:00012bfb       ??0_Lockit@std@@QAE@XZ     00413bfb f   libcpmt:xlock.obj
 0001:00012c97       ??1_Lockit@std@@QAE@XZ     00413c97 f   libcpmt:xlock.obj
 0001:00012cac       ??3@YAXPAX@Z               00413cac f   libcpmt:delop.obj
 0001:00012cb7       ?clear@ios_base@std@@QAEXH_N@Z 00413cb7 f   libcpmt:ios.obj
 0001:00012d53       ??0runtime_error@std@@QAE@ABV?$basic_string@DU?$char_traits@D@std@@V?$allocator@D@2@@1@@Z 00413d53 f i libcpmt:ios.obj
 0001:00012db7       ?what@runtime_error@std@@UBEPBDXZ 00413db7 f i libcpmt:ios.obj
 0001:00012dc4       ?_Doraise@runtime_error@std@@MBEXXZ 00413dc4 f i libcpmt:ios.obj
 0001:00012de1       ??1runtime_error@std@@UAE@XZ 00413de1 f i libcpmt:ios.obj
 0001:00012e1e       ??_Gruntime_error@std@@UAEPAXI@Z 00413e1e f i libcpmt:ios.obj
 0001:00012e1e       ??_Eruntime_error@std@@UAEPAXI@Z 00413e1e f i libcpmt:ios.obj
 0001:00012e3a       ??0runtime_error@std@@QAE@ABV01@@Z 00413e3a f i libcpmt:ios.obj
 0001:00012e97       ??1failure@ios_base@std@@UAE@XZ 00413e97 f i libcpmt:ios.obj
 0001:00012ed4       ?_Doraise@failure@ios_base@std@@MBEXXZ 00413ed4 f i libcpmt:ios.obj
 0001:00012ef1       ??_Efailure@ios_base@std@@UAEPAXI@Z 00413ef1 f i libcpmt:ios.obj
 0001:00012ef1       ??_Gfailure@ios_base@std@@UAEPAXI@Z 00413ef1 f i libcpmt:ios.obj
 0001:00012f0d       ??0failure@ios_base@std@@QAE@ABV012@@Z 00413f0d f i libcpmt:ios.obj
 0001:00012f25       ?copyfmt@ios_base@std@@QAEAAV12@ABV12@@Z 00413f25 f   libcpmt:ios.obj
 0001:00012fb6       ??4locale@std@@QAEAAV01@ABV01@@Z 00413fb6 f i libcpmt:ios.obj
 0001:00012fe5       ?imbue@ios_base@std@@QAE?AVlocale@2@ABV32@@Z 00413fe5 f   libcpmt:ios.obj
 0001:00013044       ?register_callback@ios_base@std@@QAEXP6AXW4event@12@AAV12@H@ZH@Z 00414044 f   libcpmt:ios.obj
 0001:0001307a       ??1ios_base@std@@UAE@XZ    0041407a f   libcpmt:ios.obj
 0001:000130ca       ??_Gios_base@std@@UAEPAXI@Z 004140ca f i libcpmt:ios.obj
 0001:000130ca       ??_Eios_base@std@@UAEPAXI@Z 004140ca f i libcpmt:ios.obj
 0001:000130e6       ?_Callfns@ios_base@std@@AAEXW4event@12@@Z 004140e6 f   libcpmt:ios.obj
 0001:00013108       ?_Findarr@ios_base@std@@AAEAAU_Iosarray@12@H@Z 00414108 f   libcpmt:ios.obj
 0001:000131d9       ?_Addstd@ios_base@std@@IAEXXZ 004141d9 f   libcpmt:ios.obj
 0001:00013227       ?_Init@ios_base@std@@IAEXXZ 00414227 f   libcpmt:ios.obj
 0001:0001325f       ?_Tidy@ios_base@std@@AAEXXZ 0041425f f   libcpmt:ios.obj
 0001:000132a1       ?_Xlen@std@@YAXXZ          004142a1 f   libcpmt:string.obj
 0001:000132fb       ??0logic_error@std@@QAE@ABV?$basic_string@DU?$char_traits@D@std@@V?$allocator@D@2@@1@@Z 004142fb f i libcpmt:string.obj
 0001:0001335f       ?what@logic_error@std@@UBEPBDXZ 0041435f f i libcpmt:string.obj
 0001:0001336c       ?_Doraise@logic_error@std@@MBEXXZ 0041436c f i libcpmt:string.obj
 0001:00013389       ??1logic_error@std@@UAE@XZ 00414389 f i libcpmt:string.obj
 0001:000133c6       ??_Glogic_error@std@@UAEPAXI@Z 004143c6 f i libcpmt:string.obj
 0001:000133c6       ??_Elogic_error@std@@UAEPAXI@Z 004143c6 f i libcpmt:string.obj
 0001:000133e2       ??0logic_error@std@@QAE@ABV01@@Z 004143e2 f i libcpmt:string.obj
 0001:0001343f       ??1length_error@std@@UAE@XZ 0041443f f i libcpmt:string.obj
 0001:0001347c       ?_Doraise@length_error@std@@MBEXXZ 0041447c f i libcpmt:string.obj
 0001:00013499       ??_Elength_error@std@@UAEPAXI@Z 00414499 f i libcpmt:string.obj
 0001:00013499       ??_Glength_error@std@@UAEPAXI@Z 00414499 f i libcpmt:string.obj
 0001:000134b5       ??0length_error@std@@QAE@ABV01@@Z 004144b5 f i libcpmt:string.obj
 0001:000134cd       ?_Xran@std@@YAXXZ          004144cd f   libcpmt:string.obj
 0001:00013527       ??1out_of_range@std@@UAE@XZ 00414527 f i libcpmt:string.obj
 0001:00013564       ?_Doraise@out_of_range@std@@MBEXXZ 00414564 f i libcpmt:string.obj
 0001:00013581       ??_Gout_of_range@std@@UAEPAXI@Z 00414581 f i libcpmt:string.obj
 0001:00013581       ??_Eout_of_range@std@@UAEPAXI@Z 00414581 f i libcpmt:string.obj
 0001:0001359d       ??0out_of_range@std@@QAE@ABV01@@Z 0041459d f i libcpmt:string.obj
 0001:000135f7       ?uncaught_exception@std@@YA_NXZ 004145f7 f   libcpmt:uncaught.obj
 0001:0001361b       ?classic@locale@std@@SAABV12@XZ 0041461b f   libcpmt:locale0.obj
 0001:0001363b       ?empty@locale@std@@SA?AV12@XZ 0041463b f   libcpmt:locale0.obj
 0001:00013682       ?_Getfacet@locale@std@@QBEPBVfacet@12@I_N@Z 00414682 f   libcpmt:locale0.obj
 0001:000136d8       ?_Iscloc@locale@std@@QBE_NXZ 004146d8 f   libcpmt:locale0.obj
 0001:00013713       ??8locale@std@@QBE_NABV01@@Z 00414713 f   libcpmt:locale0.obj
 0001:000137e2       ?name@locale@std@@QBE?AV?$basic_string@DU?$char_traits@D@std@@V?$allocator@D@2@@2@XZ 004147e2 f i libcpmt:locale0.obj
 0001:00013819       ?_Init@locale@std@@CAPAV_Locimp@12@XZ 00414819 f   libcpmt:locale0.obj
 0001:000138e3       ?_Tidy@locale@std@@CAXXZ   004148e3 f   libcpmt:locale0.obj
 0001:0001392d       ??0_Locimp@locale@std@@AAE@_N@Z 0041492d f   libcpmt:locale0.obj
 0001:0001399f       ??_E_Locimp@locale@std@@UAEPAXI@Z 0041499f f i libcpmt:locale0.obj
 0001:0001399f       ??_G_Locimp@locale@std@@UAEPAXI@Z 0041499f f i libcpmt:locale0.obj
 0001:000139bb       ??1_Locimp@locale@std@@UAE@XZ 004149bb f   libcpmt:locale0.obj
 0001:00013a43       ?compare@?$basic_string@DU?$char_traits@D@std@@V?$allocator@D@2@@std@@QBEHABV12@@Z 00414a43 f i libcpmt:locale0.obj
 0001:00013a65       ?compare@?$basic_string@DU?$char_traits@D@std@@V?$allocator@D@2@@std@@QBEHIIPBDI@Z 00414a65 f i libcpmt:locale0.obj
 0001:00013b0a       ??0locale@std@@QAE@ABV01@0H@Z 00414b0a f   libcpmt:locale.obj
 0001:00013bb2       ??0locale@std@@QAE@PBDH@Z  00414bb2 f   libcpmt:locale.obj
 0001:00013cbf       ?_Getname@_Locinfo@std@@QBE?AV?$basic_string@DU?$char_traits@D@std@@V?$allocator@D@2@@2@XZ 00414cbf f i libcpmt:locale.obj
 0001:00013cf5       ??0locale@std@@QAE@ABV01@PBDH@Z 00414cf5 f   libcpmt:locale.obj
 0001:00013e16       ?_Addfac@locale@std@@QAEAAV12@PAVfacet@12@II@Z 00414e16 f   libcpmt:locale.obj
 0001:00013e99       ?global@locale@std@@SA?AV12@ABV12@@Z 00414e99 f   libcpmt:locale.obj
 0001:00013f94       ?_Makeloc@_Locimp@locale@std@@CAPAV123@ABV_Locinfo@3@HPAV123@PBV23@@Z 00414f94 f   libcpmt:locale.obj
 0001:00014208       ?do_always_noconv@codecvt_base@std@@MBE_NXZ 00415208 f i libcpmt:locale.obj
 0001:0001420b       ?do_max_length@codecvt_base@std@@MBEHXZ 0041520b f i libcpmt:locale.obj
 0001:0001420f       ?do_encoding@codecvt_base@std@@MBEHXZ 0041520f f i libcpmt:locale.obj
 0001:00014213       ??1ctype_base@std@@UAE@XZ  00415213 f i libcpmt:locale.obj
 0001:0001421a       ?_Init@?$ctype@D@std@@IAEXABV_Locinfo@2@@Z 0041521a f i libcpmt:locale.obj
 0001:0001426f       ?_Term@?$ctype@D@std@@KAXXZ 0041526f f i libcpmt:locale.obj
 0001:0001427c       ?do_tolower@?$ctype@D@std@@MBEDD@Z 0041527c f i libcpmt:locale.obj
 0001:00014290       ?do_tolower@?$ctype@D@std@@MBEPBDPADPBD@Z 00415290 f i libcpmt:locale.obj
 0001:000142bb       ?do_toupper@?$ctype@D@std@@MBEDD@Z 004152bb f i libcpmt:locale.obj
 0001:000142cf       ?do_toupper@?$ctype@D@std@@MBEPBDPADPBD@Z 004152cf f i libcpmt:locale.obj
 0001:000142fa       ??_E?$ctype@D@std@@UAEPAXI@Z 004152fa f i libcpmt:locale.obj
 0001:000142fa       ??_G?$ctype@D@std@@UAEPAXI@Z 004152fa f i libcpmt:locale.obj
 0001:00014316       ??1?$ctype@D@std@@UAE@XZ   00415316 f i libcpmt:locale.obj
 0001:00014336       ??0_Locimp@locale@std@@AAE@ABV012@@Z 00415336 f   libcpmt:locale.obj
 0001:00014456       ?_Addfac@_Locimp@locale@std@@AAEXPAVfacet@23@I@Z 00415456 f   libcpmt:locale.obj
 0001:00014509       ??0_Locinfo@std@@QAE@PBD@Z 00415509 f   libcpmt:locale.obj
 0001:000145c2       ??0_Locinfo@std@@QAE@HPBD@Z 004155c2 f   libcpmt:locale.obj
 0001:00014639       ??1_Locinfo@std@@QAE@XZ    00415639 f   libcpmt:locale.obj
 0001:000146ae       ?_Addcats@_Locinfo@std@@QAEAAV12@HPBD@Z 004156ae f   libcpmt:locale.obj
 0001:0001471d       ?do_in@?$codecvt@DDH@std@@MBEHAAHPBD1AAPBDPAD3AAPAD@Z 0041571d f i libcpmt:locale.obj
 0001:00014737       ?do_out@?$codecvt@DDH@std@@MBEHAAHPBD1AAPBDPAD3AAPAD@Z 00415737 f i libcpmt:locale.obj
 0001:00014751       ?do_length@?$codecvt@DDH@std@@MBEHAAHPBD1I@Z 00415751 f i libcpmt:locale.obj
 0001:00014766       ?do_get@?$num_get@DV?$istreambuf_iterator@DU?$char_traits@D@std@@@std@@@std@@MBE?AV?$istreambuf_iterator@DU?$char_traits@D@std@@@2@V32@0AAVios_base@2@AAHAA_N@Z 00415766 f i libcpmt:locale.obj
 0001:00014910       ?do_get@?$num_get@DV?$istreambuf_iterator@DU?$char_traits@D@std@@@std@@@std@@MBE?AV?$istreambuf_iterator@DU?$char_traits@D@std@@@2@V32@0AAVios_base@2@AAHAAG@Z 00415910 f i libcpmt:locale.obj
 0001:000149dc       ?do_get@?$num_get@DV?$istreambuf_iterator@DU?$char_traits@D@std@@@std@@@std@@MBE?AV?$istreambuf_iterator@DU?$char_traits@D@std@@@2@V32@0AAVios_base@2@AAHAAI@Z 004159dc f i libcpmt:locale.obj
 0001:00014aa4       ?do_get@?$num_get@DV?$istreambuf_iterator@DU?$char_traits@D@std@@@std@@@std@@MBE?AV?$istreambuf_iterator@DU?$char_traits@D@std@@@2@V32@0AAVios_base@2@AAHAAJ@Z 00415aa4 f i libcpmt:locale.obj
 0001:00014b52       ?do_get@?$num_get@DV?$istreambuf_iterator@DU?$char_traits@D@std@@@std@@@std@@MBE?AV?$istreambuf_iterator@DU?$char_traits@D@std@@@2@V32@0AAVios_base@2@AAHAAK@Z 00415b52 f i libcpmt:locale.obj
 0001:00014c00       ?do_get@?$num_get@DV?$istreambuf_iterator@DU?$char_traits@D@std@@@std@@@std@@MBE?AV?$istreambuf_iterator@DU?$char_traits@D@std@@@2@V32@0AAVios_base@2@AAHAAM@Z 00415c00 f i libcpmt:locale.obj
 0001:00014caa       ?do_get@?$num_get@DV?$istreambuf_iterator@DU?$char_traits@D@std@@@std@@@std@@MBE?AV?$istreambuf_iterator@DU?$char_traits@D@std@@@2@V32@0AAVios_base@2@AAHAAN@Z 00415caa f i libcpmt:locale.obj
 0001:00014d54       ?do_get@?$num_get@DV?$istreambuf_iterator@DU?$char_traits@D@std@@@std@@@std@@MBE?AV?$istreambuf_iterator@DU?$char_traits@D@std@@@2@V32@0AAVios_base@2@AAHAAO@Z 00415d54 f i libcpmt:locale.obj
 0001:00014dfe       ?do_get@?$num_get@DV?$istreambuf_iterator@DU?$char_traits@D@std@@@std@@@std@@MBE?AV?$istreambuf_iterator@DU?$char_traits@D@std@@@2@V32@0AAVios_base@2@AAHAAPAX@Z 00415dfe f i libcpmt:locale.obj
 0001:00014ef4       ??_G?$codecvt@DDH@std@@UAEPAXI@Z 00415ef4 f i libcpmt:locale.obj
 0001:00014ef4       ??_E?$codecvt@DDH@std@@UAEPAXI@Z 00415ef4 f i libcpmt:locale.obj
 0001:00014f10       ??1?$codecvt@DDH@std@@UAE@XZ 00415f10 f i libcpmt:locale.obj
 0001:00014f17       ??_G?$num_get@DV?$istreambuf_iterator@DU?$char_traits@D@std@@@std@@@std@@UAEPAXI@Z 00415f17 f i libcpmt:locale.obj
 0001:00014f17       ??_E?$num_get@DV?$istreambuf_iterator@DU?$char_traits@D@std@@@std@@@std@@UAEPAXI@Z 00415f17 f i libcpmt:locale.obj
 0001:00014f33       ??1?$num_get@DV?$istreambuf_iterator@DU?$char_traits@D@std@@@std@@@std@@UAE@XZ 00415f33 f i libcpmt:locale.obj
 0001:00014f3a       ?_Getifld@?$num_get@DV?$istreambuf_iterator@DU?$char_traits@D@std@@@std@@@std@@CAHPADAAV?$istreambuf_iterator@DU?$char_traits@D@std@@@2@1HABVlocale@2@@Z 00415f3a f i libcpmt:locale.obj
 0001:000152cf       ?_Getffld@?$num_get@DV?$istreambuf_iterator@DU?$char_traits@D@std@@@std@@@std@@CAHPADAAV?$istreambuf_iterator@DU?$char_traits@D@std@@@2@1ABVlocale@2@@Z 004162cf f i libcpmt:locale.obj
 0001:000155bb       ?_Ffmt@?$num_put@DV?$ostreambuf_iterator@DU?$char_traits@D@std@@@std@@@std@@KAPADPADDH@Z 004165bb f i libcpmt:locale.obj
 0001:00015619       ?_Ifmt@?$num_put@DV?$ostreambuf_iterator@DU?$char_traits@D@std@@@std@@@std@@KAPADPADDH@Z 00416619 f i libcpmt:locale.obj
 0001:00015673       ?_Init@?$numpunct@D@std@@IAEXABV_Locinfo@2@@Z 00416673 f i libcpmt:locale.obj
 0001:000156bc       ?assign@?$basic_string@DU?$char_traits@D@std@@V?$allocator@D@2@@std@@QAEAAV12@ID@Z 004166bc f i libcpmt:locale.obj
 0001:00015702       ?_Inc@?$istreambuf_iterator@DU?$char_traits@D@std@@@std@@AAEXXZ 00416702 f i libcpmt:locale.obj
 0001:00015724       ?sbumpc@?$basic_streambuf@DU?$char_traits@D@std@@@std@@QAEHXZ 00416724 f i libcpmt:locale.obj
 0001:00015747       ?_Peek@?$istreambuf_iterator@DU?$char_traits@D@std@@@std@@AAEDXZ 00416747 f i libcpmt:locale.obj
 0001:0001576b       ?sgetc@?$basic_streambuf@DU?$char_traits@D@std@@@std@@QAEHXZ 0041676b f i libcpmt:locale.obj
 0001:00015789       ?use_facet@std@@YAABV?$ctype@D@1@ABVlocale@1@PBV21@_N@Z 00416789 f i libcpmt:locale.obj
 0001:00015851       ??0?$ctype@D@std@@QAE@PBF_NI@Z 00416851 f i libcpmt:locale.obj
 0001:000158f0       ?use_facet@std@@YAABV?$num_get@DV?$istreambuf_iterator@DU?$char_traits@D@std@@@std@@@1@ABVlocale@1@PBV21@_N@Z 004168f0 f i libcpmt:locale.obj
 0001:000159cc       ?use_facet@std@@YAABV?$num_put@DV?$ostreambuf_iterator@DU?$char_traits@D@std@@@std@@@1@ABVlocale@1@PBV21@_N@Z 004169cc f i libcpmt:locale.obj
 0001:00015aa8       ?use_facet@std@@YAABV?$numpunct@D@1@ABVlocale@1@PBV21@_N@Z 00416aa8 f i libcpmt:locale.obj
 0001:00015b6c       ?use_facet@std@@YAABV?$codecvt@DDH@1@ABVlocale@1@PBV21@_N@Z 00416b6c f i libcpmt:locale.obj
 0001:00015c30       ?_Getloctxt@std@@YAHAAV?$istreambuf_iterator@DU?$char_traits@D@std@@@1@0IPBD@Z 00416c30 f i libcpmt:locale.obj
 0001:00015de9       ?isdigit@std@@YA_NDABVlocale@1@@Z 00416de9 f i libcpmt:locale.obj
 0001:00015e0a       ?_Maklocstr@std@@YAPADPBDPAD@Z 00416e0a f i libcpmt:locale.obj
 0001:00015e33       ??0?$codecvt@DDH@std@@QAE@I@Z 00416e33 f i libcpmt:locale.obj
 0001:00015e87       ??1codecvt_base@std@@UAE@XZ 00416e87 f i libcpmt:locale.obj
 0001:00015e8e       ?equal@?$istreambuf_iterator@DU?$char_traits@D@std@@@std@@QBE_NABV12@@Z 00416e8e f i libcpmt:locale.obj
 0001:00015ecd       ?_Save@?$_Tidyfac@V?$ctype@D@std@@@std@@SAPAV?$ctype@D@2@PAV32@@Z 00416ecd f i libcpmt:locale.obj
 0001:00015f1b       ?_Save@?$_Tidyfac@V?$num_get@DV?$istreambuf_iterator@DU?$char_traits@D@std@@@std@@@std@@@std@@SAPAV?$num_get@DV?$istreambuf_iterator@DU?$char_traits@D@std@@@std@@@2@PAV32@@Z 00416f1b f i libcpmt:locale.obj
 0001:00015f69       ?_Save@?$_Tidyfac@V?$codecvt@DDH@std@@@std@@SAPAV?$codecvt@DDH@2@PAV32@@Z 00416f69 f i libcpmt:locale.obj
 0001:00015fb7       ?_Tidy@?$_Tidyfac@V?$ctype@D@std@@@std@@SAXXZ 00416fb7 f i libcpmt:locale.obj
 0001:00016004       ?_Tidy@?$_Tidyfac@V?$num_get@DV?$istreambuf_iterator@DU?$char_traits@D@std@@@std@@@std@@@std@@SAXXZ 00417004 f i libcpmt:locale.obj
 0001:00016051       ?_Tidy@?$_Tidyfac@V?$codecvt@DDH@std@@@std@@SAXXZ 00417051 f i libcpmt:locale.obj
 0001:000160e0       __Mbrtowc                  004170e0 f   libcpmt:xmbtowc.obj
 0001:00016256       _btowc                     00417256 f   libcpmt:xmbtowc.obj
 0001:00016297       _mbrlen                    00417297 f   libcpmt:xmbtowc.obj
 0001:00016302       _mbrtowc                   00417302 f   libcpmt:xmbtowc.obj
 0001:00016393       _mbsrtowcs                 00417393 f   libcpmt:xmbtowc.obj
 0001:00016488       ?_Nomemory@std@@YAXXZ      00417488 f   libcpmt:nomemory.obj
 0001:000164d3       ??0bad_alloc@std@@QAE@PBD@Z 004174d3 f i libcpmt:nomemory.obj
 0001:000164ec       ??1bad_alloc@std@@UAE@XZ   004174ec f i libcpmt:nomemory.obj
 0001:000164f7       ?_Doraise@bad_alloc@std@@MBEXXZ 004174f7 f i libcpmt:nomemory.obj
 0001:00016514       ??_Gbad_alloc@std@@UAEPAXI@Z 00417514 f i libcpmt:nomemory.obj
 0001:00016514       ??_Ebad_alloc@std@@UAEPAXI@Z 00417514 f i libcpmt:nomemory.obj
 0001:00016530       ??0bad_alloc@std@@QAE@ABV01@@Z 00417530 f i libcpmt:nomemory.obj
 0001:00016552       ?_Makewloc@_Locimp@locale@std@@CAXABV_Locinfo@3@HPAV123@PBV23@@Z 00417552 f   libcpmt:wlocale.obj
 0001:00016aa4       ??1_Timevec@std@@QAE@XZ    00417aa4 f i libcpmt:wlocale.obj
 0001:00016aad       ?do_in@?$codecvt@GDH@std@@MBEHAAHPBD1AAPBDPAG3AAPAG@Z 00417aad f i libcpmt:wlocale.obj
 0001:00016b2f       ?do_out@?$codecvt@GDH@std@@MBEHAAHPBG1AAPBGPAD3AAPAD@Z 00417b2f f i libcpmt:wlocale.obj
 0001:00016c02       ?do_length@?$codecvt@GDH@std@@MBEHAAHPBG1I@Z 00417c02 f i libcpmt:wlocale.obj
 0001:00016c51       ?do_always_noconv@?$codecvt@GDH@std@@MBE_NXZ 00417c51 f i libcpmt:wlocale.obj
 0001:00016c54       ?do_max_length@?$codecvt@GDH@std@@MBEHXZ 00417c54 f i libcpmt:wlocale.obj
 0001:00016c58       ?do_encoding@?$codecvt@GDH@std@@MBEHXZ 00417c58 f i libcpmt:wlocale.obj
 0001:00016c5b       ??_G?$codecvt@GDH@std@@UAEPAXI@Z 00417c5b f i libcpmt:wlocale.obj
 0001:00016c5b       ??_E?$codecvt@GDH@std@@UAEPAXI@Z 00417c5b f i libcpmt:wlocale.obj
 0001:00016c77       ??1?$codecvt@GDH@std@@UAE@XZ 00417c77 f i libcpmt:wlocale.obj
 0001:00016c7e       ??1time_base@std@@UAE@XZ   00417c7e f i libcpmt:wlocale.obj
 0001:00016c85       ??1messages_base@std@@UAE@XZ 00417c85 f i libcpmt:wlocale.obj
 0001:00016c8c       ?do_is@?$ctype@G@std@@MBE_NFG@Z 00417c8c f i libcpmt:wlocale.obj
 0001:00016cb3       ?do_is@?$ctype@G@std@@MBEPBGPBG0PAF@Z 00417cb3 f i libcpmt:wlocale.obj
 0001:00016cf2       ?do_scan_is@?$ctype@G@std@@MBEPBGFPBG0@Z 00417cf2 f i libcpmt:wlocale.obj
 0001:00016d1e       ?do_scan_not@?$ctype@G@std@@MBEPBGFPBG0@Z 00417d1e f i libcpmt:wlocale.obj
 0001:00016d4a       ?do_tolower@?$ctype@G@std@@MBEGG@Z 00417d4a f i libcpmt:wlocale.obj
 0001:00016d7b       ?do_tolower@?$ctype@G@std@@MBEPBGPAGPBG@Z 00417d7b f i libcpmt:wlocale.obj
 0001:00016da8       ?do_toupper@?$ctype@G@std@@MBEGG@Z 00417da8 f i libcpmt:wlocale.obj
 0001:00016dd9       ?do_toupper@?$ctype@G@std@@MBEPBGPAGPBG@Z 00417dd9 f i libcpmt:wlocale.obj
 0001:00016e06       ?do_widen@?$ctype@G@std@@MBEGD@Z 00417e06 f i libcpmt:wlocale.obj
 0001:00016e15       ?do_widen@?$ctype@G@std@@MBEPBDPBD0PAG@Z 00417e15 f i libcpmt:wlocale.obj
 0001:00016e42       ?do_narrow@?$ctype@G@std@@MBEDGD@Z 00417e42 f i libcpmt:wlocale.obj
 0001:00016e4f       ?do_narrow@?$ctype@G@std@@MBEPBGPBG0DPAD@Z 00417e4f f i libcpmt:wlocale.obj
 0001:00016e7b       ?do_put@?$time_put@GV?$ostreambuf_iterator@GU?$char_traits@G@std@@@std@@@std@@MBE?AV?$ostreambuf_iterator@GU?$char_traits@G@std@@@2@V32@AAVios_base@2@PBUtm@@DD@Z 00417e7b f i libcpmt:wlocale.obj
 0001:00016f57       ?do_get@?$num_get@GV?$istreambuf_iterator@GU?$char_traits@G@std@@@std@@@std@@MBE?AV?$istreambuf_iterator@GU?$char_traits@G@std@@@2@V32@0AAVios_base@2@AAHAA_N@Z 00417f57 f i libcpmt:wlocale.obj
 0001:00017101       ?do_get@?$num_get@GV?$istreambuf_iterator@GU?$char_traits@G@std@@@std@@@std@@MBE?AV?$istreambuf_iterator@GU?$char_traits@G@std@@@2@V32@0AAVios_base@2@AAHAAG@Z 00418101 f i libcpmt:wlocale.obj
 0001:000171cd       ?do_get@?$num_get@GV?$istreambuf_iterator@GU?$char_traits@G@std@@@std@@@std@@MBE?AV?$istreambuf_iterator@GU?$char_traits@G@std@@@2@V32@0AAVios_base@2@AAHAAI@Z 004181cd f i libcpmt:wlocale.obj
 0001:00017295       ?do_get@?$num_get@GV?$istreambuf_iterator@GU?$char_traits@G@std@@@std@@@std@@MBE?AV?$istreambuf_iterator@GU?$char_traits@G@std@@@2@V32@0AAVios_base@2@AAHAAJ@Z 00418295 f i libcpmt:wlocale.obj
 0001:00017343       ?do_get@?$num_get@GV?$istreambuf_iterator@GU?$char_traits@G@std@@@std@@@std@@MBE?AV?$istreambuf_iterator@GU?$char_traits@G@std@@@2@V32@0AAVios_base@2@AAHAAK@Z 00418343 f i libcpmt:wlocale.obj
 0001:000173f1       ?do_get@?$num_get@GV?$istreambuf_iterator@GU?$char_traits@G@std@@@std@@@std@@MBE?AV?$istreambuf_iterator@GU?$char_traits@G@std@@@2@V32@0AAVios_base@2@AAHAAM@Z 004183f1 f i libcpmt:wlocale.obj
 0001:0001749b       ?do_get@?$num_get@GV?$istreambuf_iterator@GU?$char_traits@G@std@@@std@@@std@@MBE?AV?$istreambuf_iterator@GU?$char_traits@G@std@@@2@V32@0AAVios_base@2@AAHAAN@Z 0041849b f i libcpmt:wlocale.obj
 0001:00017545       ?do_get@?$num_get@GV?$istreambuf_iterator@GU?$char_traits@G@std@@@std@@@std@@MBE?AV?$istreambuf_iterator@GU?$char_traits@G@std@@@2@V32@0AAVios_base@2@AAHAAO@Z 00418545 f i libcpmt:wlocale.obj
 0001:000175ef       ?do_get@?$num_get@GV?$istreambuf_iterator@GU?$char_traits@G@std@@@std@@@std@@MBE?AV?$istreambuf_iterator@GU?$char_traits@G@std@@@2@V32@0AAVios_base@2@AAHAAPAX@Z 004185ef f i libcpmt:wlocale.obj
 0001:000176ed       ?do_put@?$num_put@GV?$ostreambuf_iterator@GU?$char_traits@G@std@@@std@@@std@@MBE?AV?$ostreambuf_iterator@GU?$char_traits@G@std@@@2@V32@AAVios_base@2@G_N@Z 004186ed f i libcpmt:wlocale.obj
 0001:000178a0       ?do_put@?$num_put@GV?$ostreambuf_iterator@GU?$char_traits@G@std@@@std@@@std@@MBE?AV?$ostreambuf_iterator@GU?$char_traits@G@std@@@2@V32@AAVios_base@2@GJ@Z 004188a0 f i libcpmt:wlocale.obj
 0001:000178f8       ?do_put@?$num_put@GV?$ostreambuf_iterator@GU?$char_traits@G@std@@@std@@@std@@MBE?AV?$ostreambuf_iterator@GU?$char_traits@G@std@@@2@V32@AAVios_base@2@GK@Z 004188f8 f i libcpmt:wlocale.obj
 0001:00017950       ?do_put@?$num_put@GV?$ostreambuf_iterator@GU?$char_traits@G@std@@@std@@@std@@MBE?AV?$ostreambuf_iterator@GU?$char_traits@G@std@@@2@V32@AAVios_base@2@GN@Z 00418950 f i libcpmt:wlocale.obj
 0001:000179ce       ?do_put@?$num_put@GV?$ostreambuf_iterator@GU?$char_traits@G@std@@@std@@@std@@MBE?AV?$ostreambuf_iterator@GU?$char_traits@G@std@@@2@V32@AAVios_base@2@GO@Z 004189ce f i libcpmt:wlocale.obj
 0001:00017a4c       ?do_put@?$num_put@GV?$ostreambuf_iterator@GU?$char_traits@G@std@@@std@@@std@@MBE?AV?$ostreambuf_iterator@GU?$char_traits@G@std@@@2@V32@AAVios_base@2@GPBX@Z 00418a4c f i libcpmt:wlocale.obj
 0001:00017b1e       ?do_decimal_point@?$numpunct@G@std@@MBEGXZ 00418b1e f i libcpmt:wlocale.obj
 0001:00017b23       ?do_thousands_sep@?$numpunct@G@std@@MBEGXZ 00418b23 f i libcpmt:wlocale.obj
 0001:00017b28       ?do_grouping@?$numpunct@G@std@@MBE?AV?$basic_string@DU?$char_traits@D@std@@V?$allocator@D@2@@2@XZ 00418b28 f i libcpmt:wlocale.obj
 0001:00017b5e       ?do_falsename@?$numpunct@G@std@@MBE?AV?$basic_string@GU?$char_traits@G@std@@V?$allocator@G@2@@2@XZ 00418b5e f i libcpmt:wlocale.obj
 0001:00017b94       ?do_truename@?$numpunct@G@std@@MBE?AV?$basic_string@GU?$char_traits@G@std@@V?$allocator@G@2@@2@XZ 00418b94 f i libcpmt:wlocale.obj
 0001:00017bca       ?do_compare@?$collate@G@std@@MBEHPBG000@Z 00418bca f i libcpmt:wlocale.obj
 0001:00017c0d       ?do_transform@?$collate@G@std@@MBE?AV?$basic_string@GU?$char_traits@G@std@@V?$allocator@G@2@@2@PBG0@Z 00418c0d f i libcpmt:wlocale.obj
 0001:00017ce4       ?do_hash@?$collate@G@std@@MBEJPBG0@Z 00418ce4 f i libcpmt:wlocale.obj
 0001:00017d06       ?do_open@?$messages@G@std@@MBEHABV?$basic_string@DU?$char_traits@D@std@@V?$allocator@D@2@@2@ABVlocale@2@@Z 00418d06 f i libcpmt:wlocale.obj
 0001:00017d0b       ?do_get@?$messages@G@std@@MBE?AV?$basic_string@GU?$char_traits@G@std@@V?$allocator@G@2@@2@HHHABV32@@Z 00418d0b f i libcpmt:wlocale.obj
 0001:00017d7c       ?do_close@?$messages@G@std@@MBEXH@Z 00418d7c f i libcpmt:wlocale.obj
 0001:00017d7f       ?do_get@?$money_get@GV?$istreambuf_iterator@GU?$char_traits@G@std@@@std@@@std@@MBE?AV?$istreambuf_iterator@GU?$char_traits@G@std@@@2@V32@0_NAAVios_base@2@AAHAAO@Z 00418d7f f i libcpmt:wlocale.obj
 0001:00017eb4       ?do_get@?$money_get@GV?$istreambuf_iterator@GU?$char_traits@G@std@@@std@@@std@@MBE?AV?$istreambuf_iterator@GU?$char_traits@G@std@@@2@V32@0_NAAVios_base@2@AAHAAV?$basic_string@GU?$char_traits@G@std@@V?$allocator@G@2@@2@@Z 00418eb4 f i libcpmt:wlocale.obj
 0001:00017f3e       ?do_put@?$money_put@GV?$ostreambuf_iterator@GU?$char_traits@G@std@@@std@@@std@@MBE?AV?$ostreambuf_iterator@GU?$char_traits@G@std@@@2@V32@_NAAVios_base@2@GO@Z 00418f3e f i libcpmt:wlocale.obj
 0001:00018072       ?do_put@?$money_put@GV?$ostreambuf_iterator@GU?$char_traits@G@std@@@std@@@std@@MBE?AV?$ostreambuf_iterator@GU?$char_traits@G@std@@@2@V32@_NAAVios_base@2@GABV?$basic_string@GU?$char_traits@G@std@@V?$allocator@G@2@@2@@Z 00419072 f i libcpmt:wlocale.obj
 0001:000181ae       ?do_decimal_point@?$_Mpunct@G@std@@MBEGXZ 004191ae f i libcpmt:wlocale.obj
 0001:000181b3       ?do_thousands_sep@?$_Mpunct@G@std@@MBEGXZ 004191b3 f i libcpmt:wlocale.obj
 0001:000181b8       ?do_grouping@?$_Mpunct@G@std@@MBE?AV?$basic_string@DU?$char_traits@D@std@@V?$allocator@D@2@@2@XZ 004191b8 f i libcpmt:wlocale.obj
 0001:000181ee       ?do_curr_symbol@?$_Mpunct@G@std@@MBE?AV?$basic_string@GU?$char_traits@G@std@@V?$allocator@G@2@@2@XZ 004191ee f i libcpmt:wlocale.obj
 0001:00018224       ?do_positive_sign@?$_Mpunct@G@std@@MBE?AV?$basic_string@GU?$char_traits@G@std@@V?$allocator@G@2@@2@XZ 00419224 f i libcpmt:wlocale.obj
 0001:0001825a       ?do_negative_sign@?$_Mpunct@G@std@@MBE?AV?$basic_string@GU?$char_traits@G@std@@V?$allocator@G@2@@2@XZ 0041925a f i libcpmt:wlocale.obj
 0001:00018290       ?do_frac_digits@?$_Mpunct@G@std@@MBEHXZ 00419290 f i libcpmt:wlocale.obj
 0001:00018294       ?do_pos_format@?$_Mpunct@G@std@@MBE?AUpattern@money_base@2@XZ 00419294 f i libcpmt:wlocale.obj
 0001:000182a0       ?do_neg_format@?$_Mpunct@G@std@@MBE?AUpattern@money_base@2@XZ 004192a0 f i libcpmt:wlocale.obj
 0001:000182ac       ?do_date_order@?$time_get@GV?$istreambuf_iterator@GU?$char_traits@G@std@@@std@@@std@@MBEHXZ 004192ac f i libcpmt:wlocale.obj
 0001:000182b0       ?do_get_time@?$time_get@GV?$istreambuf_iterator@GU?$char_traits@G@std@@@std@@@std@@MBE?AV?$istreambuf_iterator@GU?$char_traits@G@std@@@2@V32@0AAVios_base@2@AAHPAUtm@@@Z 004192b0 f i libcpmt:wlocale.obj
 0001:00018374       ?do_get_date@?$time_get@GV?$istreambuf_iterator@GU?$char_traits@G@std@@@std@@@std@@MBE?AV?$istreambuf_iterator@GU?$char_traits@G@std@@@2@V32@0AAVios_base@2@AAHPAUtm@@@Z 00419374 f i libcpmt:wlocale.obj
 0001:000184a5       ?do_get_weekday@?$time_get@GV?$istreambuf_iterator@GU?$char_traits@G@std@@@std@@@std@@MBE?AV?$istreambuf_iterator@GU?$char_traits@G@std@@@2@V32@0AAVios_base@2@AAHPAUtm@@@Z 004194a5 f i libcpmt:wlocale.obj
 0001:000184e3       ?do_get_monthname@?$time_get@GV?$istreambuf_iterator@GU?$char_traits@G@std@@@std@@@std@@MBE?AV?$istreambuf_iterator@GU?$char_traits@G@std@@@2@V32@0AAVios_base@2@AAHPAUtm@@@Z 004194e3 f i libcpmt:wlocale.obj
 0001:00018521       ?do_get_year@?$time_get@GV?$istreambuf_iterator@GU?$char_traits@G@std@@@std@@@std@@MBE?AV?$istreambuf_iterator@GU?$char_traits@G@std@@@2@V32@0AAVios_base@2@AAHPAUtm@@@Z 00419521 f i libcpmt:wlocale.obj
 0001:00018587       ??_G?$ctype@G@std@@UAEPAXI@Z 00419587 f i libcpmt:wlocale.obj
 0001:00018587       ??_E?$ctype@G@std@@UAEPAXI@Z 00419587 f i libcpmt:wlocale.obj
 0001:000185a3       ??1?$ctype@G@std@@UAE@XZ   004195a3 f i libcpmt:wlocale.obj
 0001:000185c3       ??_G?$time_put@GV?$ostreambuf_iterator@GU?$char_traits@G@std@@@std@@@std@@UAEPAXI@Z 004195c3 f i libcpmt:wlocale.obj
 0001:000185c3       ??_E?$time_put@GV?$ostreambuf_iterator@GU?$char_traits@G@std@@@std@@@std@@UAEPAXI@Z 004195c3 f i libcpmt:wlocale.obj
 0001:000185df       ??1?$time_put@GV?$ostreambuf_iterator@GU?$char_traits@G@std@@@std@@@std@@UAE@XZ 004195df f i libcpmt:wlocale.obj
 0001:000185f9       ??_E?$num_get@GV?$istreambuf_iterator@GU?$char_traits@G@std@@@std@@@std@@UAEPAXI@Z 004195f9 f i libcpmt:wlocale.obj
 0001:000185f9       ??_G?$num_get@GV?$istreambuf_iterator@GU?$char_traits@G@std@@@std@@@std@@UAEPAXI@Z 004195f9 f i libcpmt:wlocale.obj
 0001:00018615       ??1?$num_get@GV?$istreambuf_iterator@GU?$char_traits@G@std@@@std@@@std@@UAE@XZ 00419615 f i libcpmt:wlocale.obj
 0001:0001861c       ??_G?$num_put@GV?$ostreambuf_iterator@GU?$char_traits@G@std@@@std@@@std@@UAEPAXI@Z 0041961c f i libcpmt:wlocale.obj
 0001:0001861c       ??_E?$num_put@GV?$ostreambuf_iterator@GU?$char_traits@G@std@@@std@@@std@@UAEPAXI@Z 0041961c f i libcpmt:wlocale.obj
 0001:00018638       ??1?$num_put@GV?$ostreambuf_iterator@GU?$char_traits@G@std@@@std@@@std@@UAE@XZ 00419638 f i libcpmt:wlocale.obj
 0001:0001863f       ??_G?$numpunct@G@std@@UAEPAXI@Z 0041963f f i libcpmt:wlocale.obj
 0001:0001863f       ??_E?$numpunct@G@std@@UAEPAXI@Z 0041963f f i libcpmt:wlocale.obj
 0001:0001865b       ??1?$numpunct@G@std@@UAE@XZ 0041965b f i libcpmt:wlocale.obj
 0001:00018687       ??_G?$collate@G@std@@UAEPAXI@Z 00419687 f i libcpmt:wlocale.obj
 0001:00018687       ??_E?$collate@G@std@@UAEPAXI@Z 00419687 f i libcpmt:wlocale.obj
 0001:000186a3       ??1?$collate@G@std@@UAE@XZ 004196a3 f i libcpmt:wlocale.obj
 0001:000186aa       ??_E?$messages@G@std@@UAEPAXI@Z 004196aa f i libcpmt:wlocale.obj
[...]
 0001:0000f330       _$E47                      00410330 f   Common:Utils.obj
 0001:0000f590       _$E49                      00410590 f   Common:Utils.obj
 0001:0000f9a0       _$E51                      004109a0 f   Common:Utils.obj
 0001:00011640       _$E58                      00412640 f   Common:Utils.obj
 0001:00011660       _$E57                      00412660 f   Common:Utils.obj
 0001:0000da20       _$E19                      0040ea20 f   Common:Exception.obj
 0001:0000da40       _$E18                      0040ea40 f   Common:Exception.obj
 0001:0000d580       _$E21                      0040e580 f   Common:Win32Exception.obj
 0001:0000d5a0       _$E20                      0040e5a0 f   Common:Win32Exception.obj
 0001:0000d270       _$E23                      0040e270 f   Common:Buffer.obj
 0001:0000d290       _$E22                      0040e290 f   Common:Buffer.obj
 0001:0000af40       _$E19                      0040bf40 f   Common:UsesWinsock.obj
 0001:0000af60       _$E18                      0040bf60 f   Common:UsesWinsock.obj
 0001:0000a950       _$E19                      0040b950 f   Common:Library.obj
 0001:0000a970       _$E18                      0040b970 f   Common:Library.obj
 0001:0001f5ff       _$E37                      004205ff f   libcpmt:xlocale.obj
 0001:0001f614       _$E36                      00420614 f   libcpmt:xlocale.obj
 0001:0001c736       _$E47                      0041d736 f   libcpmt:wlocale.obj
 0001:0001c74b       _$E46                      0041d74b f   libcpmt:wlocale.obj
 0001:00016548       _$E2                       00417548 f   libcpmt:nomemory.obj
 0001:00016143       __Mbrtowc_lk               00417143 f   libcpmt:xmbtowc.obj
 0001:0001609e       _$E32                      0041709e f   libcpmt:locale.obj
 0001:000160c8       _$E28                      004170c8 f   libcpmt:locale.obj
 0001:000160d4       _$E31                      004170d4 f   libcpmt:locale.obj
 0001:000135fa       _$E18                      004145fa f   libcpmt:locale0.obj
 0001:00013604       _$E15                      00414604 f   libcpmt:locale0.obj
 0001:00013605       _$E17                      00414605 f   libcpmt:locale0.obj
 0001:00013611       _$E16                      00414611 f   libcpmt:locale0.obj
 0001:00013ac8       _$E29                      00414ac8 f   libcpmt:locale0.obj
 0001:00013af2       _$E25                      00414af2 f   libcpmt:locale0.obj
 0001:00013afe       _$E28                      00414afe f   libcpmt:locale0.obj
 0001:000135b5       _$E24                      004145b5 f   libcpmt:string.obj
 0001:000135df       _$E20                      004145df f   libcpmt:string.obj
 0001:000135eb       _$E23                      004145eb f   libcpmt:string.obj
 0001:00012c79       ?_CleanUp@std@@YAXXZ       00413c79 f   libcpmt:xlock.obj
 0001:00011d34       _$E18                      00412d34 f   libcpmt:wiostrea.obj
 0001:00011d3e       _$E15                      00412d3e f   libcpmt:wiostrea.obj
 0001:00011d48       _$E17                      00412d48 f   libcpmt:wiostrea.obj
 0001:00011d54       _$E16                      00412d54 f   libcpmt:wiostrea.obj
 0001:00011d5e       _$E24                      00412d5e f   libcpmt:wiostrea.obj
 0001:00011d68       _$E21                      00412d68 f   libcpmt:wiostrea.obj
 0001:00011d72       _$E23                      00412d72 f   libcpmt:wiostrea.obj
 0001:00011d7e       _$E22                      00412d7e f   libcpmt:wiostrea.obj
 0001:00011d88       _$E29                      00412d88 f   libcpmt:wiostrea.obj
 0001:00011d92       _$E26                      00412d92 f   libcpmt:wiostrea.obj
 0001:00011d9f       _$E28                      00412d9f f   libcpmt:wiostrea.obj
 0001:00011dab       _$E27                      00412dab f   libcpmt:wiostrea.obj
 0001:00011db5       _$E34                      00412db5 f   libcpmt:wiostrea.obj
 0001:00011dbf       _$E31                      00412dbf f   libcpmt:wiostrea.obj
 0001:00011dcc       _$E33                      00412dcc f   libcpmt:wiostrea.obj
 0001:00011dd8       _$E32                      00412dd8 f   libcpmt:wiostrea.obj
 0001:00011de2       _$E39                      00412de2 f   libcpmt:wiostrea.obj
 0001:00011dec       _$E36                      00412dec f   libcpmt:wiostrea.obj
 0001:00011df9       _$E38                      00412df9 f   libcpmt:wiostrea.obj
 0001:00011e05       _$E37                      00412e05 f   libcpmt:wiostrea.obj
 0001:00011e0f       _$E44                      00412e0f f   libcpmt:wiostrea.obj
 0001:00011e19       _$E41                      00412e19 f   libcpmt:wiostrea.obj
 0001:00011e28       _$E43                      00412e28 f   libcpmt:wiostrea.obj
 0001:00011e34       _$E42                      00412e34 f   libcpmt:wiostrea.obj
 0001:00011e53       _$E49                      00412e53 f   libcpmt:wiostrea.obj
 0001:00011e5d       _$E46                      00412e5d f   libcpmt:wiostrea.obj
 0001:00011e6c       _$E48                      00412e6c f   libcpmt:wiostrea.obj
 0001:00011e78       _$E47                      00412e78 f   libcpmt:wiostrea.obj
 0001:00011e97       _$E54                      00412e97 f   libcpmt:wiostrea.obj
 0001:00011ea1       _$E51                      00412ea1 f   libcpmt:wiostrea.obj
 0001:00011eb0       _$E53                      00412eb0 f   libcpmt:wiostrea.obj
 0001:00011ebc       _$E52                      00412ebc f   libcpmt:wiostrea.obj
 0001:00011ec6       _$E59                      00412ec6 f   libcpmt:wiostrea.obj
 0001:00011ed0       _$E56                      00412ed0 f   libcpmt:wiostrea.obj
 0001:00011edf       _$E58                      00412edf f   libcpmt:wiostrea.obj
 0001:00011eeb       _$E57                      00412eeb f   libcpmt:wiostrea.obj
 0001:00012bb9       _$E70                      00413bb9 f   libcpmt:wiostrea.obj
 0001:00012be3       _$E66                      00413be3 f   libcpmt:wiostrea.obj
 0001:00012bef       _$E69                      00413bef f   libcpmt:wiostrea.obj
 0001:00011742       _$E18                      00412742 f   libcpmt:iostream.obj
 0001:0001174c       _$E15                      0041274c f   libcpmt:iostream.obj
 0001:00011759       _$E17                      00412759 f   libcpmt:iostream.obj
 0001:00011765       _$E16                      00412765 f   libcpmt:iostream.obj
 0001:0001176f       _$E23                      0041276f f   libcpmt:iostream.obj
 0001:00011779       _$E20                      00412779 f   libcpmt:iostream.obj
 0001:00011786       _$E22                      00412786 f   libcpmt:iostream.obj
 0001:00011792       _$E21                      00412792 f   libcpmt:iostream.obj
 0001:0001179c       _$E28                      0041279c f   libcpmt:iostream.obj
 0001:000117a6       _$E25                      004127a6 f   libcpmt:iostream.obj
 0001:000117b5       _$E27                      004127b5 f   libcpmt:iostream.obj
 0001:000117c1       _$E26                      004127c1 f   libcpmt:iostream.obj
 0001:000117e0       _$E33                      004127e0 f   libcpmt:iostream.obj
 0001:000117ea       _$E30                      004127ea f   libcpmt:iostream.obj
 0001:000117f9       _$E32                      004127f9 f   libcpmt:iostream.obj
 0001:00011805       _$E31                      00412805 f   libcpmt:iostream.obj
 0001:00011824       _$E38                      00412824 f   libcpmt:iostream.obj
 0001:0001182e       _$E35                      0041282e f   libcpmt:iostream.obj
 0001:0001183b       _$E37                      0041283b f   libcpmt:iostream.obj
 0001:00011847       _$E36                      00412847 f   libcpmt:iostream.obj
 0001:00011851       _$E43                      00412851 f   libcpmt:iostream.obj
 0001:0001185b       _$E40                      0041285b f   libcpmt:iostream.obj
 0001:0001186a       _$E42                      0041286a f   libcpmt:iostream.obj
 0001:00011876       _$E41                      00412876 f   libcpmt:iostream.obj
 0001:00011880       _$E48                      00412880 f   libcpmt:iostream.obj
 0001:0001188a       _$E45                      0041288a f   libcpmt:iostream.obj
 0001:00011899       _$E47                      00412899 f   libcpmt:iostream.obj
 0001:000118a5       _$E46                      004128a5 f   libcpmt:iostream.obj
 0001:00011cf1       _$E60                      00412cf1 f   libcpmt:iostream.obj
 0001:00011d1b       _$E56                      00412d1b f   libcpmt:iostream.obj
 0001:00011d27       _$E59                      00412d27 f   libcpmt:iostream.obj
 0001:0002d476       _findenv                   0042e476 f   LIBCMT:setenv.obj
 0001:0002d4ce       _copy_environ              0042e4ce f   LIBCMT:setenv.obj
 0001:0002c70e       _ctrlevent_capture@4       0042d70e f   LIBCMT:winsig.obj
 0001:0002c8f2       _siglookup                 0042d8f2 f   LIBCMT:winsig.obj
 0001:0002bd6d       _xtoa                      0042cd6d f   LIBCMT:xtoa.obj
 0001:0002be3f       _x64toa@20                 0042ce3f f   LIBCMT:xtoa.obj
 0001:0002b0a7       _getSystemCP               0042c0a7 f   LIBCMT:mbctype.obj
 0001:0002b0f1       _CPtoLCID                  0042c0f1 f   LIBCMT:mbctype.obj
 0001:0002b124       _setSBCS                   0042c124 f   LIBCMT:mbctype.obj
 0001:0002b14d       _setSBUpLow                0042c14d f   LIBCMT:mbctype.obj
 0001:0002a642       __abstract_cw              0042b642 f   LIBCMT:ieee87.obj
 0001:0002a6d4       __hw_cw                    0042b6d4 f   LIBCMT:ieee87.obj
 0001:0002a75d       __abstract_sw              0042b75d f   LIBCMT:ieee87.obj
 0001:00029bfa       __tzset_lk                 0042abfa f   LIBCMT:tzset.obj
 0001:00029ea2       __isindst_lk               0042aea2 f   LIBCMT:tzset.obj
 0001:0002a04e       _cvtdate                   0042b04e f   LIBCMT:tzset.obj
 0001:00029447       _TranslateName             0042a447 f   LIBCMT:getqloc.obj
 0001:0002949f       _GetLcidFromLangCountry    0042a49f f   LIBCMT:getqloc.obj
 0001:00029526       _LangCountryEnumProc@4     0042a526 f   LIBCMT:getqloc.obj
 0001:0002972a       _GetLcidFromLanguage       0042a72a f   LIBCMT:getqloc.obj
 0001:00029780       _LanguageEnumProc@4        0042a780 f   LIBCMT:getqloc.obj
 0001:0002983d       _GetLcidFromCountry        0042a83d f   LIBCMT:getqloc.obj
 0001:00029874       _CountryEnumProc@4         0042a874 f   LIBCMT:getqloc.obj
 0001:000298fa       _GetLcidFromDefault        0042a8fa f   LIBCMT:getqloc.obj
 0001:00029914       _ProcessCodePage           0042a914 f   LIBCMT:getqloc.obj
 0001:0002997a       _TestDefaultCountry        0042a97a f   LIBCMT:getqloc.obj
 0001:00029999       _TestDefaultLanguage       0042a999 f   LIBCMT:getqloc.obj
 0001:000299fb       _IsThisWindowsNT           0042a9fb f   LIBCMT:getqloc.obj
 0001:00029a31       _crtGetLocaleInfoA@16      0042aa31 f   LIBCMT:getqloc.obj
 0001:00029b17       _LcidFromHexString         0042ab17 f   LIBCMT:getqloc.obj
 0001:00029b50       _GetPrimaryLen             0042ab50 f   LIBCMT:getqloc.obj
 0001:00028d54       __get_lc_lconv             00429d54 f   LIBCMT:initmon.obj
 0001:00028e76       _fix_grouping              00429e76 f   LIBCMT:initmon.obj
 0001:00028ead       __free_lc_lconv            00429ead f   LIBCMT:initmon.obj
 0001:00028c52       _fix_grouping              00429c52 f   LIBCMT:initnum.obj
 0001:0002859f       __get_lc_time              0042959f f   LIBCMT:inittime.obj
 0001:000288ed       __free_lc_time             004298ed f   LIBCMT:inittime.obj
 0001:00025ee9       _parse_cmdline             00426ee9 f   LIBCMT:stdargv.obj
 0001:00025d5d       _xcptlookup                00426d5d f   LIBCMT:winxfltr.obj
 0001:00025958       __cftoe2                   00426958 f   LIBCMT:cvt.obj
 0001:00025a6f       __cftof2                   00426a6f f   LIBCMT:cvt.obj
 0001:00025bfa       __shift                    00426bfa f   LIBCMT:cvt.obj
 0001:000253bb       _write_char                004263bb f   LIBCMT:output.obj
 0001:000253f0       _write_multi_char          004263f0 f   LIBCMT:output.obj
 0001:00025421       _write_string              00426421 f   LIBCMT:output.obj
 0001:00025459       _get_int_arg               00426459 f   LIBCMT:output.obj
 0001:00025466       _get_int64_arg             00426466 f   LIBCMT:output.obj
 0001:00025476       _get_short_arg             00426476 f   LIBCMT:output.obj
 0001:00024192       ?FindHandler@@YAXPAUEHExceptionRecord@@PAUEHRegistrationNode@@PAU_CONTEXT@@PAXPBU_s_FuncInfo@@EH1@Z 00425192 f   LIBCMT:frame.obj
 0001:00024345       ?FindHandlerForForeignException@@YAXPAUEHExceptionRecord@@PAUEHRegistrationNode@@PAU_CONTEXT@@PAXPBU_s_FuncInfo@@HH1@Z 00425345 f   LIBCMT:frame.obj
 0001:000243ef       ?TypeMatch@@YAHPBU_s_HandlerType@@PBU_s_CatchableType@@PBU_s_ThrowInfo@@@Z 004253ef f   LIBCMT:frame.obj
 0001:000244ea       ?FrameUnwindFilter@@YAHPAU_EXCEPTION_POINTERS@@@Z 004254ea f   LIBCMT:frame.obj
 0001:00024500       ?CatchIt@@YAXPAUEHExceptionRecord@@PAUEHRegistrationNode@@PAU_CONTEXT@@PAXPBU_s_FuncInfo@@PBU_s_HandlerType@@PBU_s_CatchableType@@PBU_s_TryBlockMapEntry@@H1E@Z 00425500 f   LIBCMT:frame.obj
 0001:0002457b       ?CallCatchBlock@@YAPAXPAUEHExceptionRecord@@PAUEHRegistrationNode@@PAU_CONTEXT@@PBU_s_FuncInfo@@PAXHK@Z 0042557b f   LIBCMT:frame.obj
 0001:00024696       ?ExFilterRethrow@@YAHPAU_EXCEPTION_POINTERS@@@Z 00425696 f   LIBCMT:frame.obj
 0001:000246c0       ?BuildCatchObject@@YAXPAUEHExceptionRecord@@PAUEHRegistrationNode@@PBU_s_HandlerType@@PBU_s_CatchableType@@@Z 004256c0 f   LIBCMT:frame.obj
 0001:000248eb       ?AdjustPointer@@YAPAXPAXABUPMD@@@Z 004258eb f   LIBCMT:frame.obj
 0001:00023fe1       _doexit                    00424fe1 f   LIBCMT:crt0dat.obj
 0001:00024098       __initterm                 00425098 f   LIBCMT:crt0dat.obj
 0001:00023f14       _strncnt                   00424f14 f   LIBCMT:a_cmp.obj
 0001:00023b4d       _strncnt                   00424b4d f   LIBCMT:a_map.obj
 0001:0002316f       __expandtime               0042416f f   LIBCMT:strftime.obj
 0001:0002355e       __store_str                0042455e f   LIBCMT:strftime.obj
 0001:00023585       __store_num                00424585 f   LIBCMT:strftime.obj
 0001:000235f4       __store_number             004245f4 f   LIBCMT:strftime.obj
 0001:0002363d       __store_winword            0042463d f   LIBCMT:strftime.obj
 0001:00022940       _strtoxl                   00423940 f   LIBCMT:strtol.obj
 0001:00022332       __setlocale_set_cat        00423332 f   LIBCMT:setlocal.obj
 0001:0002244d       __setlocale_get_all        0042344d f   LIBCMT:setlocal.obj
 0001:000218e0       LeadUp1                    004228e0 f   LIBCMT:memcpy.obj
 0001:0002190c       LeadUp2                    0042290c f   LIBCMT:memcpy.obj
 0001:00021930       LeadUp3                    00422930 f   LIBCMT:memcpy.obj
 0001:000219af       UnwindUp0                  004229af f   LIBCMT:memcpy.obj
 0001:0002199c       UnwindUp1                  0042299c f   LIBCMT:memcpy.obj
 0001:00021994       UnwindUp2                  00422994 f   LIBCMT:memcpy.obj
 0001:0002198c       UnwindUp3                  0042298c f   LIBCMT:memcpy.obj
 0001:00021984       UnwindUp4                  00422984 f   LIBCMT:memcpy.obj
 0001:0002197c       UnwindUp5                  0042297c f   LIBCMT:memcpy.obj
 0001:00021974       UnwindUp6                  00422974 f   LIBCMT:memcpy.obj
 0001:0002196c       UnwindUp7                  0042296c f   LIBCMT:memcpy.obj
 0001:000219c8       TrailUp0                   004229c8 f   LIBCMT:memcpy.obj
 0001:000219d0       TrailUp1                   004229d0 f   LIBCMT:memcpy.obj
 0001:000219dc       TrailUp2                   004229dc f   LIBCMT:memcpy.obj
 0001:000219f0       TrailUp3                   004229f0 f   LIBCMT:memcpy.obj
 0001:00021a68       LeadDown1                  00422a68 f   LIBCMT:memcpy.obj
 0001:00021a88       LeadDown2                  00422a88 f   LIBCMT:memcpy.obj
 0001:00021ab0       LeadDown3                  00422ab0 f   LIBCMT:memcpy.obj
 0001:00021b04       UnwindDown7                00422b04 f   LIBCMT:memcpy.obj
 0001:00021b0c       UnwindDown6                00422b0c f   LIBCMT:memcpy.obj
 0001:00021b14       UnwindDown5                00422b14 f   LIBCMT:memcpy.obj
 0001:00021b1c       UnwindDown4                00422b1c f   LIBCMT:memcpy.obj
 0001:00021b24       UnwindDown3                00422b24 f   LIBCMT:memcpy.obj
 0001:00021b2c       UnwindDown2                00422b2c f   LIBCMT:memcpy.obj
 0001:00021b34       UnwindDown1                00422b34 f   LIBCMT:memcpy.obj
 0001:00021b47       UnwindDown0                00422b47 f   LIBCMT:memcpy.obj
 0001:00021b60       TrailDown0                 00422b60 f   LIBCMT:memcpy.obj
 0001:00021b68       TrailDown1                 00422b68 f   LIBCMT:memcpy.obj
 0001:00021b78       TrailDown2                 00422b78 f   LIBCMT:memcpy.obj
 0001:00021b8c       TrailDown3                 00422b8c f   LIBCMT:memcpy.obj
 0001:0002164a       _flsall                    0042264a f   LIBCMT:fflush.obj
 0001:00020ca3       _fast_error_exit           00421ca3 f   LIBCMT:crt0.obj
 0001:00020720       LeadUp1                    00421720 f   LIBCMT:memmove.obj
 0001:0002074c       LeadUp2                    0042174c f   LIBCMT:memmove.obj
 0001:00020770       LeadUp3                    00421770 f   LIBCMT:memmove.obj
 0001:000207ef       UnwindUp0                  004217ef f   LIBCMT:memmove.obj
 0001:000207dc       UnwindUp1                  004217dc f   LIBCMT:memmove.obj
 0001:000207d4       UnwindUp2                  004217d4 f   LIBCMT:memmove.obj
 0001:000207cc       UnwindUp3                  004217cc f   LIBCMT:memmove.obj
 0001:000207c4       UnwindUp4                  004217c4 f   LIBCMT:memmove.obj
 0001:000207bc       UnwindUp5                  004217bc f   LIBCMT:memmove.obj
 0001:000207b4       UnwindUp6                  004217b4 f   LIBCMT:memmove.obj
 0001:000207ac       UnwindUp7                  004217ac f   LIBCMT:memmove.obj
 0001:00020808       TrailUp0                   00421808 f   LIBCMT:memmove.obj
 0001:00020810       TrailUp1                   00421810 f   LIBCMT:memmove.obj
 0001:0002081c       TrailUp2                   0042181c f   LIBCMT:memmove.obj
 0001:00020830       TrailUp3                   00421830 f   LIBCMT:memmove.obj
 0001:000208a8       LeadDown1                  004218a8 f   LIBCMT:memmove.obj
 0001:000208c8       LeadDown2                  004218c8 f   LIBCMT:memmove.obj
 0001:000208f0       LeadDown3                  004218f0 f   LIBCMT:memmove.obj
 0001:00020944       UnwindDown7                00421944 f   LIBCMT:memmove.obj
 0001:0002094c       UnwindDown6                0042194c f   LIBCMT:memmove.obj
 0001:00020954       UnwindDown5                00421954 f   LIBCMT:memmove.obj
 0001:0002095c       UnwindDown4                0042195c f   LIBCMT:memmove.obj
 0001:00020964       UnwindDown3                00421964 f   LIBCMT:memmove.obj
 0001:0002096c       UnwindDown2                0042196c f   LIBCMT:memmove.obj
 0001:00020974       UnwindDown1                00421974 f   LIBCMT:memmove.obj
 0001:00020987       UnwindDown0                00421987 f   LIBCMT:memmove.obj
 0001:000209a0       TrailDown0                 004219a0 f   LIBCMT:memmove.obj
 0001:000209a8       TrailDown1                 004219a8 f   LIBCMT:memmove.obj
 0001:000209b8       TrailDown2                 004219b8 f   LIBCMT:memmove.obj
 0001:000209cc       TrailDown3                 004219cc f   LIBCMT:memmove.obj
 0001:00020370       _gu_return                 00421370 f   LIBCMT:exsup.obj
 0001:00020378       __unwind_handler           00421378 f   LIBCMT:exsup.obj
 0001:0002018d       ?CatchGuardHandler@@YA?AW4_EXCEPTION_DISPOSITION@@PAUEHExceptionRecord@@PAUCatchGuardRN@@PAX2@Z 0042118d f   LIBCMT:trnsctrl.obj
 0001:00020268       ?TranslatorGuardHandler@@YA?AW4_EXCEPTION_DISPOSITION@@PAUEHExceptionRecord@@PAUTranslatorGuardRN@@PAX2@Z 00421268 f   LIBCMT:trnsctrl.obj
