 S3Relay

 Timestamp is 53ecd336 (Thu Aug 14 22:18:14 2014)

 Preferred load address is 00400000

 Start         Length     Name                   Class
 0001:00000000 000b6120H .text                   CODE
 0001:000b6120 000037eaH .text$x                 CODE
 0002:00000000 00000294H .idata$5                DATA
 0002:00000298 000044dcH .rdata                  DATA
 0002:00004778 0000017cH .rdata$r                DATA
 0002:000048f8 000047e8H .xdata$x                DATA
 0002:000090e0 00000064H .idata$2                DATA
 0002:00009144 00000014H .idata$3                DATA
 0002:00009158 00000294H .idata$4                DATA
 0002:000093ec 00000bd6H .idata$6                DATA
 0002:00009fc2 00000000H .edata                  DATA
 0003:00000000 00000004H .CRT$XCA                DATA
 0003:00000004 0000010cH .CRT$XCU                DATA
 0003:00000110 00000004H .CRT$XCZ                DATA
 0003:00000114 00000004H .CRT$XIA                DATA
 0003:00000118 0000000cH .CRT$XIC                DATA
 0003:00000124 00000004H .CRT$XIY                DATA
 0003:00000128 00000004H .CRT$XIZ                DATA
 0003:0000012c 00000004H .CRT$XPA                DATA
 0003:00000130 00000004H .CRT$XPX                DATA
 0003:00000134 00000004H .CRT$XPZ                DATA
 0003:00000138 00000004H .CRT$XTA                DATA
 0003:0000013c 00000004H .CRT$XTB                DATA
 0003:00000140 00000004H .CRT$XTZ                DATA
 0003:00000150 0000b10cH .data                   DATA
 0003:0000b260 0025a6a8H .bss                    DATA
 0004:00000000 00000280H .rsrc$01                DATA
 0004:00000280 00000bc0H .rsrc$02                DATA

  Address         Publics by Value              Rva+Base     Lib:Object

 0001:00000000       ??0CChannelMgr@@QAE@XZ     00401000 f   ChannelMgr.obj
 0001:00000240       ??_GCChannelMgr@@UAEPAXI@Z 00401240 f i ChannelMgr.obj
 0001:00000240       ??_ECChannelMgr@@UAEPAXI@Z 00401240 f i ChannelMgr.obj
 0001:00000260       ??1?$map@KUCHANNINFO@CChannelMgr@@U?$less@K@std@@V?$allocator@UCHANNINFO@CChannelMgr@@@4@@std@@QAE@XZ 00401260 f i ChannelMgr.obj
 0001:000002d0       ??1?$map@V?$basic_string@DU?$char_traits@D@std@@V?$allocator@D@2@@std@@KU_tstring_less@@V?$allocator@K@2@@std@@QAE@XZ 004012d0 f i ChannelMgr.obj
 0001:00000340       ??1?$map@KV?$list@PAU_BLOCKCHANNELOP@CChannelMgr@@V?$allocator@PAU_BLOCKCHANNELOP@CChannelMgr@@@std@@@std@@U?$less@K@2@V?$allocator@V?$list@PAU_BLOCKCHANNELOP@CChannelMgr@@V?$allocator@PAU_BLOCKCHANNELOP@CChannelMgr@@@std@@@std@@@2@@std@@QAE@XZ 00401340 f i ChannelMgr.obj
 0001:000003b0       ??1CChannelMgr@@UAE@XZ     004013b0 f   ChannelMgr.obj
 0001:00000540       ?Initialize@CChannelMgr@@QAEHXZ 00401540 f   ChannelMgr.obj
 0001:00000bf0       ?Uninitialize@CChannelMgr@@QAEHXZ 00401bf0 f   ChannelMgr.obj
 0001:00000c70       ?GenChannID@CChannelMgr@@AAEKXZ 00401c70 f   ChannelMgr.obj
 0001:00000cc0       ?GetChannelName@CChannelMgr@@QAE?AV?$basic_string@DU?$char_traits@D@std@@V?$allocator@D@2@@std@@KH@Z 00401cc0 f   ChannelMgr.obj
 0001:00000e60       ?GetChannelID@CChannelMgr@@QAEKABV?$basic_string@DU?$char_traits@D@std@@V?$allocator@D@2@@std@@K@Z 00401e60 f   ChannelMgr.obj
 0001:00001000       ?IsSubscribed@CChannelMgr@@QAEHKKK@Z 00402000 f   ChannelMgr.obj
 0001:000010d0       ?GmSubscribe@CChannelMgr@@QAEHK@Z 004020d0 f   ChannelMgr.obj
 0001:00001160       ?GmUnsubscribe@CChannelMgr@@QAEHK@Z 00402160 f   ChannelMgr.obj
 0001:000011f0       ?IsGmSubscribed@CChannelMgr@@QAEHK@Z 004021f0 f   ChannelMgr.obj
 0001:00001260       ?GmQueryChannelID@CChannelMgr@@QAEHABV?$basic_string@DU?$char_traits@D@std@@V?$allocator@D@2@@std@@H@Z 00402260 f   ChannelMgr.obj
 0001:00001410       ?GmFreeChannID@CChannelMgr@@QAEHK@Z 00402410 f   ChannelMgr.obj
 0001:00001500       ?IsUsed@CChannelMgr@@QAEHKKK@Z 00402500 f   ChannelMgr.obj
 0001:000015e0       ?IsGmUsed@CChannelMgr@@QAEHK@Z 004025e0 f   ChannelMgr.obj
 0001:00001640       ?MakeChannelName@CChannelMgr@@QAE?AV?$basic_string@DU?$char_traits@D@std@@V?$allocator@D@2@@std@@ABV23@K@Z 00402640 f   ChannelMgr.obj
 0001:00001b50       ??R_tstring_less@@QBE_NABV?$basic_string@DU?$char_traits@D@std@@V?$allocator@D@2@@std@@0@Z 00402b50 f i ChannelMgr.obj
 0001:00001ba0       ?ReduceChannelName@CChannelMgr@@QAE?AV?$basic_string@DU?$char_traits@D@std@@V?$allocator@D@2@@std@@ABV23@@Z 00402ba0 f   ChannelMgr.obj
 0001:00001e40       ?ParseChannelName@CChannelMgr@@QAEKABV?$basic_string@DU?$char_traits@D@std@@V?$allocator@D@2@@std@@PAK@Z 00402e40 f   ChannelMgr.obj
 0001:000020f0       ?GainPreCost@CChannelMgr@@QAEEABV?$basic_string@DU?$char_traits@D@std@@V?$allocator@D@2@@std@@@Z 004030f0 f   ChannelMgr.obj
 0001:000021b0       ?GetGMChannID@CChannelMgr@@QAEKXZ 004031b0 f   ChannelMgr.obj
 0001:000021c0       ?IsGodChannel@CChannelMgr@@QAEHK@Z 004031c0 f   ChannelMgr.obj
 0001:00002220       ?IsStockChannel@CChannelMgr@@QAEHK@Z 00403220 f   ChannelMgr.obj
 0001:00002280       ?PassToSpecMan@CChannelMgr@@AAEHKKKPBXI@Z 00403280 f   ChannelMgr.obj
 0001:00002350       ??1CNetConnectDup@@UAE@XZ  00403350 f i ChannelMgr.obj
 0001:00002370       ??_ECNetConnectDup@@UAEPAXI@Z 00403370 f i ChannelMgr.obj
 0001:00002370       ??_GCNetConnectDup@@UAEPAXI@Z 00403370 f i ChannelMgr.obj
 0001:000023b0       ?PassToGroupMan@CChannelMgr@@AAEHKHABV?$list@UtagPlusSrcInfo@@V?$allocator@UtagPlusSrcInfo@@@std@@@std@@PBXIE@Z 004033b0 f   ChannelMgr.obj
 0001:00002560       ?PassToGM@CChannelMgr@@AAEHPBXI@Z 00403560 f   ChannelMgr.obj
 0001:000025d0       ?IsValidTeamID@CChannelMgr@@AAEHK@Z 004035d0 f   ChannelMgr.obj
 0001:00002600       ?IsValidFacID@CChannelMgr@@AAEHK@Z 00403600 f   ChannelMgr.obj
 0001:00002630       ?IsValidTongID@CChannelMgr@@AAEHK@Z 00403630 f   ChannelMgr.obj
 0001:00002660       ?SomeoneChat@CChannelMgr@@QAEHKABUtagPlusSrcInfo@@PBUCHAT_SOMEONECHAT_CMD@@@Z 00403660 f   ChannelMgr.obj
 0001:00002920       ?ChannelChat@CChannelMgr@@QAEHKABUtagPlusSrcInfo@@PBUCHAT_CHANNELCHAT_CMD@@E@Z 00403920 f   ChannelMgr.obj
 0001:000030b0       ?IsNeedRelegate@CChannelMgr@@AAEHABV?$basic_string@DU?$char_traits@D@std@@V?$allocator@D@2@@std@@H@Z 004040b0 f   ChannelMgr.obj
 0001:00003100       ?QueryChannelID@CChannelMgr@@QAEHABV?$basic_string@DU?$char_traits@D@std@@V?$allocator@D@2@@std@@KKK@Z 00404100 f   ChannelMgr.obj
 0001:00003110       ?Subscribe@CChannelMgr@@QAEHKKK@Z 00404110 f   ChannelMgr.obj
 0001:00003120       ?Unsubscribe@CChannelMgr@@QAEHKKK@Z 00404120 f   ChannelMgr.obj
 0001:00003130       ?FreeChannID@CChannelMgr@@QAEHKKK@Z 00404130 f   ChannelMgr.obj
 0001:00003140       ?ClearPlayer@CChannelMgr@@QAEHKK@Z 00404140 f   ChannelMgr.obj
 0001:00003150       ?DoBlockOp@CChannelMgr@@QAEKK@Z 00404150 f   ChannelMgr.obj
 0001:00003160       ?Block_QueryChannelID@CChannelMgr@@AAEHABV?$basic_string@DU?$char_traits@D@std@@V?$allocator@D@2@@std@@KKK@Z 00404160 f   ChannelMgr.obj
 0001:00003600       ?Block_Subscribe@CChannelMgr@@AAEHKKK@Z 00404600 f   ChannelMgr.obj
 0001:00003700       ?Block_Unsubscribe@CChannelMgr@@AAEHKKK@Z 00404700 f   ChannelMgr.obj
 0001:00003800       ?Block_FreeChannID@CChannelMgr@@AAEHKKK@Z 00404800 f   ChannelMgr.obj
 0001:000039b0       ?Block_ClearPlayer@CChannelMgr@@AAEHKK@Z 004049b0 f   ChannelMgr.obj
 0001:00003b30       ?B_QueryChannelID@CChannelMgr@@QAEHABV?$basic_string@DU?$char_traits@D@std@@V?$allocator@D@2@@std@@KKK@Z 00404b30 f   ChannelMgr.obj
 0001:00003b50       ?B_Subscribe@CChannelMgr@@QAEHKKK@Z 00404b50 f   ChannelMgr.obj
 0001:00003b70       ?B_Unsubscribe@CChannelMgr@@QAEHKKK@Z 00404b70 f   ChannelMgr.obj
 0001:00003b90       ?B_FreeChannID@CChannelMgr@@QAEHKKK@Z 00404b90 f   ChannelMgr.obj
 0001:00003bb0       ?B_ClearPlayer@CChannelMgr@@QAEHKK@Z 00404bb0 f   ChannelMgr.obj
 0001:00003bd0       ?GetChannelCount@CChannelMgr@@QAEIXZ 00404bd0 f   ChannelMgr.obj
 0001:00003be0       ?SayOnSomeone@CChannelMgr@@QAEHKKKABV?$basic_string@DU?$char_traits@D@std@@V?$allocator@D@2@@std@@0@Z 00404be0 f   ChannelMgr.obj
 0001:00003d40       ?SayOnChannel@CChannelMgr@@QAEHKHABV?$basic_string@DU?$char_traits@D@std@@V?$allocator@D@2@@std@@00@Z 00404d40 f   ChannelMgr.obj
 0001:000043c0       ??0?$basic_string@DU?$char_traits@D@std@@V?$allocator@D@2@@std@@QAE@ABV?$allocator@D@1@@Z 004053c0 f i ChannelMgr.obj
 0001:000043e0       ??0?$basic_string@DU?$char_traits@D@std@@V?$allocator@D@2@@std@@QAE@ABV01@@Z 004053e0 f i ChannelMgr.obj
 0001:00004500       ??1?$basic_string@DU?$char_traits@D@std@@V?$allocator@D@2@@std@@QAE@XZ 00405500 f i ChannelMgr.obj
 0001:00004540       ??A?$map@KV?$map@KUPLAYERINFO@CChannelMgr@@U?$less@K@std@@V?$allocator@UPLAYERINFO@CChannelMgr@@@4@@std@@U?$less@K@2@V?$allocator@V?$map@KUPLAYERINFO@CChannelMgr@@U?$less@K@std@@V?$allocator@UPLAYERINFO@CChannelMgr@@@4@@std@@@2@@std@@QAEAAV?$map@KUPLAYERINFO@CChannelMgr@@U?$less@K@std@@V?$allocator@UPLAYERINFO@CChannelMgr@@@4@@1@ABK@Z 00405540 f i ChannelMgr.obj
 0001:000046d0       ??A?$map@KUCHANNINFO@CChannelMgr@@U?$less@K@std@@V?$allocator@UCHANNINFO@CChannelMgr@@@4@@std@@QAEAAUCHANNINFO@CChannelMgr@@ABK@Z 004056d0 f i ChannelMgr.obj
 0001:00004830       ??A?$map@V?$basic_string@DU?$char_traits@D@std@@V?$allocator@D@2@@std@@KU_tstring_less@@V?$allocator@K@2@@std@@QAEAAKABV?$basic_string@DU?$char_traits@D@std@@V?$allocator@D@2@@1@@Z 00405830 f i ChannelMgr.obj
 0001:000048e0       ??1?$list@UtagPlusSrcInfo@@V?$allocator@UtagPlusSrcInfo@@@std@@@std@@QAE@XZ 004058e0 f i ChannelMgr.obj
 0001:00004930       ??1?$map@KUPLAYERINFO@CChannelMgr@@U?$less@K@std@@V?$allocator@UPLAYERINFO@CChannelMgr@@@4@@std@@QAE@XZ 00405930 f i ChannelMgr.obj
 0001:000049a0       ??1?$pair@$$CBKV?$map@KUPLAYERINFO@CChannelMgr@@U?$less@K@std@@V?$allocator@UPLAYERINFO@CChannelMgr@@@4@@std@@@std@@QAE@XZ 004059a0 f i ChannelMgr.obj
 0001:00004a10       ??0CHANNINFO@CChannelMgr@@QAE@XZ 00405a10 f i ChannelMgr.obj
 0001:00004af0       ??1CHANNINFO@CChannelMgr@@QAE@XZ 00405af0 f i ChannelMgr.obj
 0001:00004bc0       ??1?$pair@$$CBKUCHANNINFO@CChannelMgr@@@std@@QAE@XZ 00405bc0 f i ChannelMgr.obj
 0001:00004c90       ??1?$pair@$$CBV?$basic_string@DU?$char_traits@D@std@@V?$allocator@D@2@@std@@K@std@@QAE@XZ 00405c90 f i ChannelMgr.obj
 0001:00004cd0       ?append@?$basic_string@DU?$char_traits@D@std@@V?$allocator@D@2@@std@@QAEAAV12@ID@Z 00405cd0 f i ChannelMgr.obj
 0001:00004da0       ?assign@?$basic_string@DU?$char_traits@D@std@@V?$allocator@D@2@@std@@QAEAAV12@ABV12@II@Z 00405da0 f i ChannelMgr.obj
 0001:00004fa0       ?assign@?$basic_string@DU?$char_traits@D@std@@V?$allocator@D@2@@std@@QAEAAV12@PBDI@Z 00405fa0 f i ChannelMgr.obj
 0001:00005040       ?rfind@?$basic_string@DU?$char_traits@D@std@@V?$allocator@D@2@@std@@QBEIPBDII@Z 00406040 f i ChannelMgr.obj
 0001:000050c0       ?find_last_not_of@?$basic_string@DU?$char_traits@D@std@@V?$allocator@D@2@@std@@QBEIPBDII@Z 004060c0 f i ChannelMgr.obj
 0001:00005130       ?_Freeze@?$basic_string@DU?$char_traits@D@std@@V?$allocator@D@2@@std@@AAEXXZ 00406130 f i ChannelMgr.obj
 0001:000051b0       ?_Tidy@?$basic_string@DU?$char_traits@D@std@@V?$allocator@D@2@@std@@AAEX_N@Z 004061b0 f i ChannelMgr.obj
 0001:00005200       ??0?$map@KV?$map@KUPLAYERINFO@CChannelMgr@@U?$less@K@std@@V?$allocator@UPLAYERINFO@CChannelMgr@@@4@@std@@U?$less@K@2@V?$allocator@V?$map@KUPLAYERINFO@CChannelMgr@@U?$less@K@std@@V?$allocator@UPLAYERINFO@CChannelMgr@@@4@@std@@@2@@std@@QAE@ABU?$less@K@1@ABV?$allocator@V?$map@KUPLAYERINFO@CChannelMgr@@U?$less@K@std@@V?$allocator@UPLAYERINFO@CChannelMgr@@@4@@std@@@1@@Z 00406200 f i ChannelMgr.obj
 0001:000052d0       ?insert@?$map@KV?$map@KUPLAYERINFO@CChannelMgr@@U?$less@K@std@@V?$allocator@UPLAYERINFO@CChannelMgr@@@4@@std@@U?$less@K@2@V?$allocator@V?$map@KUPLAYERINFO@CChannelMgr@@U?$less@K@std@@V?$allocator@UPLAYERINFO@CChannelMgr@@@4@@std@@@2@@std@@QAE?AU?$pair@Viterator@?$_Tree@KU?$pair@$$CBKV?$map@KUPLAYERINFO@CChannelMgr@@U?$less@K@std@@V?$allocator@UPLAYERINFO@CChannelMgr@@@4@@std@@@std@@U_Kfn@?$map@KV?$map@KUPLAYERINFO@CChannelMgr@@U?$less@K@std@@V?$allocator@UPLAYERINFO@CChannelMgr@@@4@@std@@U?$less@K@2@V?$allocator@V?$map@KUPLAYERINFO@CChannelMgr@@U?$less@K@std@@V?$allocator@UPLAYERINFO@CChannelMgr@@@4@@std@@@2@@2@U?$less@K@2@V?$allocator@V?$map@KUPLAYERINFO@CChannelMgr@@U?$less@K@std@@V?$allocator@UPLAYERINFO@CChannelMgr@@@4@@std@@@2@@std@@_N@2@ABU?$pair@$$CBKV?$map@KUPLAYERINFO@CChannelMgr@@U?$less@K@std@@V?$allocator@UPLAYERINFO@CChannelMgr@@@4@@std@@@2@@Z 004062d0 f i ChannelMgr.obj
 0001:00005300       ??1?$_Tree@KU?$pair@$$CBKV?$map@KUPLAYERINFO@CChannelMgr@@U?$less@K@std@@V?$allocator@UPLAYERINFO@CChannelMgr@@@4@@std@@@std@@U_Kfn@?$map@KV?$map@KUPLAYERINFO@CChannelMgr@@U?$less@K@std@@V?$allocator@UPLAYERINFO@CChannelMgr@@@4@@std@@U?$less@K@2@V?$allocator@V?$map@KUPLAYERINFO@CChannelMgr@@U?$less@K@std@@V?$allocator@UPLAYERINFO@CChannelMgr@@@4@@std@@@2@@2@U?$less@K@2@V?$allocator@V?$map@KUPLAYERINFO@CChannelMgr@@U?$less@K@std@@V?$allocator@UPLAYERINFO@CChannelMgr@@@4@@std@@@2@@std@@QAE@XZ 00406300 f i ChannelMgr.obj
 0001:00005370       ?erase@?$_Tree@KU?$pair@$$CBKV?$map@KUPLAYERINFO@CChannelMgr@@U?$less@K@std@@V?$allocator@UPLAYERINFO@CChannelMgr@@@4@@std@@@std@@U_Kfn@?$map@KV?$map@KUPLAYERINFO@CChannelMgr@@U?$less@K@std@@V?$allocator@UPLAYERINFO@CChannelMgr@@@4@@std@@U?$less@K@2@V?$allocator@V?$map@KUPLAYERINFO@CChannelMgr@@U?$less@K@std@@V?$allocator@UPLAYERINFO@CChannelMgr@@@4@@std@@@2@@2@U?$less@K@2@V?$allocator@V?$map@KUPLAYERINFO@CChannelMgr@@U?$less@K@std@@V?$allocator@UPLAYERINFO@CChannelMgr@@@4@@std@@@2@@std@@QAE?AViterator@12@V312@@Z 00406370 f i ChannelMgr.obj
 0001:000058f0       ?find@?$_Tree@KU?$pair@$$CBKV?$map@KUPLAYERINFO@CChannelMgr@@U?$less@K@std@@V?$allocator@UPLAYERINFO@CChannelMgr@@@4@@std@@@std@@U_Kfn@?$map@KV?$map@KUPLAYERINFO@CChannelMgr@@U?$less@K@std@@V?$allocator@UPLAYERINFO@CChannelMgr@@@4@@std@@U?$less@K@2@V?$allocator@V?$map@KUPLAYERINFO@CChannelMgr@@U?$less@K@std@@V?$allocator@UPLAYERINFO@CChannelMgr@@@4@@std@@@2@@2@U?$less@K@2@V?$allocator@V?$map@KUPLAYERINFO@CChannelMgr@@U?$less@K@std@@V?$allocator@UPLAYERINFO@CChannelMgr@@@4@@std@@@2@@std@@QAE?AViterator@12@ABK@Z 004068f0 f i ChannelMgr.obj
 0001:00005940       ??0?$pair@$$CBKV?$map@KUPLAYERINFO@CChannelMgr@@U?$less@K@std@@V?$allocator@UPLAYERINFO@CChannelMgr@@@4@@std@@@std@@QAE@ABKABV?$map@KUPLAYERINFO@CChannelMgr@@U?$less@K@std@@V?$allocator@UPLAYERINFO@CChannelMgr@@@4@@1@@Z 00406940 f i ChannelMgr.obj
 0001:00005b50       ??1?$_Tree@KU?$pair@$$CBKUPLAYERINFO@CChannelMgr@@@std@@U_Kfn@?$map@KUPLAYERINFO@CChannelMgr@@U?$less@K@std@@V?$allocator@UPLAYERINFO@CChannelMgr@@@4@@2@U?$less@K@2@V?$allocator@UPLAYERINFO@CChannelMgr@@@2@@std@@QAE@XZ 00406b50 f i ChannelMgr.obj
 0001:00005bc0       ?begin@?$_Tree@KU?$pair@$$CBKUPLAYERINFO@CChannelMgr@@@std@@U_Kfn@?$map@KUPLAYERINFO@CChannelMgr@@U?$less@K@std@@V?$allocator@UPLAYERINFO@CChannelMgr@@@4@@2@U?$less@K@2@V?$allocator@UPLAYERINFO@CChannelMgr@@@2@@std@@QAE?AViterator@12@XZ 00406bc0 f i ChannelMgr.obj
 0001:00005bd0       ?insert@?$map@KUCHANNINFO@CChannelMgr@@U?$less@K@std@@V?$allocator@UCHANNINFO@CChannelMgr@@@4@@std@@QAE?AU?$pair@Viterator@?$_Tree@KU?$pair@$$CBKUCHANNINFO@CChannelMgr@@@std@@U_Kfn@?$map@KUCHANNINFO@CChannelMgr@@U?$less@K@std@@V?$allocator@UCHANNINFO@CChannelMgr@@@4@@2@U?$less@K@2@V?$allocator@UCHANNINFO@CChannelMgr@@@2@@std@@_N@2@ABU?$pair@$$CBKUCHANNINFO@CChannelMgr@@@2@@Z 00406bd0 f i ChannelMgr.obj
 0001:00005c00       ?erase@?$_Tree@KU?$pair@$$CBKUCHANNINFO@CChannelMgr@@@std@@U_Kfn@?$map@KUCHANNINFO@CChannelMgr@@U?$less@K@std@@V?$allocator@UCHANNINFO@CChannelMgr@@@4@@2@U?$less@K@2@V?$allocator@UCHANNINFO@CChannelMgr@@@2@@std@@QAE?AViterator@12@V312@@Z 00406c00 f i ChannelMgr.obj
 0001:000061f0       ?erase@?$_Tree@KU?$pair@$$CBKUCHANNINFO@CChannelMgr@@@std@@U_Kfn@?$map@KUCHANNINFO@CChannelMgr@@U?$less@K@std@@V?$allocator@UCHANNINFO@CChannelMgr@@@4@@2@U?$less@K@2@V?$allocator@UCHANNINFO@CChannelMgr@@@2@@std@@QAE?AViterator@12@V312@0@Z 004071f0 f i ChannelMgr.obj
 0001:00006330       ?find@?$_Tree@KU?$pair@$$CBKUCHANNINFO@CChannelMgr@@@std@@U_Kfn@?$map@KUCHANNINFO@CChannelMgr@@U?$less@K@std@@V?$allocator@UCHANNINFO@CChannelMgr@@@4@@2@U?$less@K@2@V?$allocator@UCHANNINFO@CChannelMgr@@@2@@std@@QAE?AViterator@12@ABK@Z 00407330 f i ChannelMgr.obj
 0001:00006380       ??0?$pair@$$CBKUCHANNINFO@CChannelMgr@@@std@@QAE@ABKABUCHANNINFO@CChannelMgr@@@Z 00407380 f i ChannelMgr.obj
 0001:00006520       ?insert@?$map@V?$basic_string@DU?$char_traits@D@std@@V?$allocator@D@2@@std@@KU_tstring_less@@V?$allocator@K@2@@std@@QAE?AU?$pair@Viterator@?$_Tree@V?$basic_string@DU?$char_traits@D@std@@V?$allocator@D@2@@std@@U?$pair@$$CBV?$basic_string@DU?$char_traits@D@std@@V?$allocator@D@2@@std@@K@2@U_Kfn@?$map@V?$basic_string@DU?$char_traits@D@std@@V?$allocator@D@2@@std@@KU_tstring_less@@V?$allocator@K@2@@2@U_tstring_less@@V?$allocator@K@2@@std@@_N@2@ABU?$pair@$$CBV?$basic_string@DU?$char_traits@D@std@@V?$allocator@D@2@@std@@K@2@@Z 00407520 f i ChannelMgr.obj
 0001:00006550       ?erase@?$_Tree@V?$basic_string@DU?$char_traits@D@std@@V?$allocator@D@2@@std@@U?$pair@$$CBV?$basic_string@DU?$char_traits@D@std@@V?$allocator@D@2@@std@@K@2@U_Kfn@?$map@V?$basic_string@DU?$char_traits@D@std@@V?$allocator@D@2@@std@@KU_tstring_less@@V?$allocator@K@2@@2@U_tstring_less@@V?$allocator@K@2@@std@@QAE?AViterator@12@V312@0@Z 00407550 f i ChannelMgr.obj
 0001:00006690       ?find@?$_Tree@V?$basic_string@DU?$char_traits@D@std@@V?$allocator@D@2@@std@@U?$pair@$$CBV?$basic_string@DU?$char_traits@D@std@@V?$allocator@D@2@@std@@K@2@U_Kfn@?$map@V?$basic_string@DU?$char_traits@D@std@@V?$allocator@D@2@@std@@KU_tstring_less@@V?$allocator@K@2@@2@U_tstring_less@@V?$allocator@K@2@@std@@QAE?AViterator@12@ABV?$basic_string@DU?$char_traits@D@std@@V?$allocator@D@2@@2@@Z 00407690 f i ChannelMgr.obj
 0001:00006710       ?erase@?$_Tree@KU?$pair@$$CBKV?$list@PAU_BLOCKCHANNELOP@CChannelMgr@@V?$allocator@PAU_BLOCKCHANNELOP@CChannelMgr@@@std@@@std@@@std@@U_Kfn@?$map@KV?$list@PAU_BLOCKCHANNELOP@CChannelMgr@@V?$allocator@PAU_BLOCKCHANNELOP@CChannelMgr@@@std@@@std@@U?$less@K@2@V?$allocator@V?$list@PAU_BLOCKCHANNELOP@CChannelMgr@@V?$allocator@PAU_BLOCKCHANNELOP@CChannelMgr@@@std@@@std@@@2@@2@U?$less@K@2@V?$allocator@V?$list@PAU_BLOCKCHANNELOP@CChannelMgr@@V?$allocator@PAU_BLOCKCHANNELOP@CChannelMgr@@@std@@@std@@@2@@std@@QAE?AViterator@12@V312@0@Z 00407710 f i ChannelMgr.obj
 0001:00006850       ??1?$list@PAU_BLOCKCHANNELOP@CChannelMgr@@V?$allocator@PAU_BLOCKCHANNELOP@CChannelMgr@@@std@@@std@@QAE@XZ 00407850 f i ChannelMgr.obj
 0001:000068a0       ??0CHANNINFO@CChannelMgr@@QAE@ABU01@@Z 004078a0 f i ChannelMgr.obj
 0001:00006a70       ??0?$map@KV?$map@KUPLAYERINFO@CChannelMgr@@U?$less@K@std@@V?$allocator@UPLAYERINFO@CChannelMgr@@@4@@std@@U?$less@K@2@V?$allocator@V?$map@KUPLAYERINFO@CChannelMgr@@U?$less@K@std@@V?$allocator@UPLAYERINFO@CChannelMgr@@@4@@std@@@2@@std@@QAE@ABV01@@Z 00407a70 f i ChannelMgr.obj
 0001:00006c70       ?append@?$basic_string@DU?$char_traits@D@std@@V?$allocator@D@2@@std@@QAEAAV12@PBDI@Z 00407c70 f i ChannelMgr.obj
 0001:00006d30       ?erase@?$basic_string@DU?$char_traits@D@std@@V?$allocator@D@2@@std@@QAEAAV12@II@Z 00407d30 f i ChannelMgr.obj
 0001:00006e50       ?_Eos@?$basic_string@DU?$char_traits@D@std@@V?$allocator@D@2@@std@@AAEXI@Z 00407e50 f i ChannelMgr.obj
 0001:00006e70       ?_Grow@?$basic_string@DU?$char_traits@D@std@@V?$allocator@D@2@@std@@AAE_NI_N@Z 00407e70 f i ChannelMgr.obj
 0001:00006f90       ??0?$_Tree@KU?$pair@$$CBKV?$map@KUPLAYERINFO@CChannelMgr@@U?$less@K@std@@V?$allocator@UPLAYERINFO@CChannelMgr@@@4@@std@@@std@@U_Kfn@?$map@KV?$map@KUPLAYERINFO@CChannelMgr@@U?$less@K@std@@V?$allocator@UPLAYERINFO@CChannelMgr@@@4@@std@@U?$less@K@2@V?$allocator@V?$map@KUPLAYERINFO@CChannelMgr@@U?$less@K@std@@V?$allocator@UPLAYERINFO@CChannelMgr@@@4@@std@@@2@@2@U?$less@K@2@V?$allocator@V?$map@KUPLAYERINFO@CChannelMgr@@U?$less@K@std@@V?$allocator@UPLAYERINFO@CChannelMgr@@@4@@std@@@2@@std@@QAE@ABU?$less@K@1@_NABV?$allocator@V?$map@KUPLAYERINFO@CChannelMgr@@U?$less@K@std@@V?$allocator@UPLAYERINFO@CChannelMgr@@@4@@std@@@1@@Z 00407f90 f i ChannelMgr.obj
 0001:00006fc0       ?insert@?$_Tree@KU?$pair@$$CBKV?$map@KUPLAYERINFO@CChannelMgr@@U?$less@K@std@@V?$allocator@UPLAYERINFO@CChannelMgr@@@4@@std@@@std@@U_Kfn@?$map@KV?$map@KUPLAYERINFO@CChannelMgr@@U?$less@K@std@@V?$allocator@UPLAYERINFO@CChannelMgr@@@4@@std@@U?$less@K@2@V?$allocator@V?$map@KUPLAYERINFO@CChannelMgr@@U?$less@K@std@@V?$allocator@UPLAYERINFO@CChannelMgr@@@4@@std@@@2@@2@U?$less@K@2@V?$allocator@V?$map@KUPLAYERINFO@CChannelMgr@@U?$less@K@std@@V?$allocator@UPLAYERINFO@CChannelMgr@@@4@@std@@@2@@std@@QAE?AU?$pair@Viterator@?$_Tree@KU?$pair@$$CBKV?$map@KUPLAYERINFO@CChannelMgr@@U?$less@K@std@@V?$allocator@UPLAYERINFO@CChannelMgr@@@4@@std@@@std@@U_Kfn@?$map@KV?$map@KUPLAYERINFO@CChannelMgr@@U?$less@K@std@@V?$allocator@UPLAYERINFO@CChannelMgr@@@4@@std@@U?$less@K@2@V?$allocator@V?$map@KUPLAYERINFO@CChannelMgr@@U?$less@K@std@@V?$allocator@UPLAYERINFO@CChannelMgr@@@4@@std@@@2@@2@U?$less@K@2@V?$allocator@V?$map@KUPLAYERINFO@CChannelMgr@@U?$less@K@std@@V?$allocator@UPLAYERINFO@CChannelMgr@@@4@@std@@@2@@std@@_N@2@ABU?$pair@$$CBKV?$map@KUPLAYERINFO@CChannelMgr@@U?$less@K@std@@V?$allocator@UPLAYERINFO@CChannelMgr@@@4@@std@@@2@@Z 00407fc0 f i ChannelMgr.obj
 0001:000070f0       ?erase@?$_Tree@KU?$pair@$$CBKV?$map@KUPLAYERINFO@CChannelMgr@@U?$less@K@std@@V?$allocator@UPLAYERINFO@CChannelMgr@@@4@@std@@@std@@U_Kfn@?$map@KV?$map@KUPLAYERINFO@CChannelMgr@@U?$less@K@std@@V?$allocator@UPLAYERINFO@CChannelMgr@@@4@@std@@U?$less@K@2@V?$allocator@V?$map@KUPLAYERINFO@CChannelMgr@@U?$less@K@std@@V?$allocator@UPLAYERINFO@CChannelMgr@@@4@@std@@@2@@2@U?$less@K@2@V?$allocator@V?$map@KUPLAYERINFO@CChannelMgr@@U?$less@K@std@@V?$allocator@UPLAYERINFO@CChannelMgr@@@4@@std@@@2@@std@@QAE?AViterator@12@V312@0@Z 004080f0 f i ChannelMgr.obj
 0001:00007230       ?lower_bound@?$_Tree@KU?$pair@$$CBKV?$map@KUPLAYERINFO@CChannelMgr@@U?$less@K@std@@V?$allocator@UPLAYERINFO@CChannelMgr@@@4@@std@@@std@@U_Kfn@?$map@KV?$map@KUPLAYERINFO@CChannelMgr@@U?$less@K@std@@V?$allocator@UPLAYERINFO@CChannelMgr@@@4@@std@@U?$less@K@2@V?$allocator@V?$map@KUPLAYERINFO@CChannelMgr@@U?$less@K@std@@V?$allocator@UPLAYERINFO@CChannelMgr@@@4@@std@@@2@@2@U?$less@K@2@V?$allocator@V?$map@KUPLAYERINFO@CChannelMgr@@U?$less@K@std@@V?$allocator@UPLAYERINFO@CChannelMgr@@@4@@std@@@2@@std@@QAE?AViterator@12@ABK@Z 00408230 f i ChannelMgr.obj
 0001:00007250       ?_Lmost@?$_Tree@KU?$pair@$$CBKV?$map@KUPLAYERINFO@CChannelMgr@@U?$less@K@std@@V?$allocator@UPLAYERINFO@CChannelMgr@@@4@@std@@@std@@U_Kfn@?$map@KV?$map@KUPLAYERINFO@CChannelMgr@@U?$less@K@std@@V?$allocator@UPLAYERINFO@CChannelMgr@@@4@@std@@U?$less@K@2@V?$allocator@V?$map@KUPLAYERINFO@CChannelMgr@@U?$less@K@std@@V?$allocator@UPLAYERINFO@CChannelMgr@@@4@@std@@@2@@2@U?$less@K@2@V?$allocator@V?$map@KUPLAYERINFO@CChannelMgr@@U?$less@K@std@@V?$allocator@UPLAYERINFO@CChannelMgr@@@4@@std@@@2@@std@@IAEAAPAU_Node@12@XZ 00408250 f i ChannelMgr.obj
 0001:00007260       ?_Max@?$_Tree@KU?$pair@$$CBKV?$map@KUPLAYERINFO@CChannelMgr@@U?$less@K@std@@V?$allocator@UPLAYERINFO@CChannelMgr@@@4@@std@@@std@@U_Kfn@?$map@KV?$map@KUPLAYERINFO@CChannelMgr@@U?$less@K@std@@V?$allocator@UPLAYERINFO@CChannelMgr@@@4@@std@@U?$less@K@2@V?$allocator@V?$map@KUPLAYERINFO@CChannelMgr@@U?$less@K@std@@V?$allocator@UPLAYERINFO@CChannelMgr@@@4@@std@@@2@@2@U?$less@K@2@V?$allocator@V?$map@KUPLAYERINFO@CChannelMgr@@U?$less@K@std@@V?$allocator@UPLAYERINFO@CChannelMgr@@@4@@std@@@2@@std@@KAPAU_Node@12@PAU312@@Z 00408260 f i ChannelMgr.obj
 0001:000072a0       ?_Min@?$_Tree@KU?$pair@$$CBKV?$map@KUPLAYERINFO@CChannelMgr@@U?$less@K@std@@V?$allocator@UPLAYERINFO@CChannelMgr@@@4@@std@@@std@@U_Kfn@?$map@KV?$map@KUPLAYERINFO@CChannelMgr@@U?$less@K@std@@V?$allocator@UPLAYERINFO@CChannelMgr@@@4@@std@@U?$less@K@2@V?$allocator@V?$map@KUPLAYERINFO@CChannelMgr@@U?$less@K@std@@V?$allocator@UPLAYERINFO@CChannelMgr@@@4@@std@@@2@@2@U?$less@K@2@V?$allocator@V?$map@KUPLAYERINFO@CChannelMgr@@U?$less@K@std@@V?$allocator@UPLAYERINFO@CChannelMgr@@@4@@std@@@2@@std@@KAPAU_Node@12@PAU312@@Z 004082a0 f i ChannelMgr.obj
 0001:000072e0       ??0?$_Tree@KU?$pair@$$CBKUPLAYERINFO@CChannelMgr@@@std@@U_Kfn@?$map@KUPLAYERINFO@CChannelMgr@@U?$less@K@std@@V?$allocator@UPLAYERINFO@CChannelMgr@@@4@@2@U?$less@K@2@V?$allocator@UPLAYERINFO@CChannelMgr@@@2@@std@@QAE@ABU?$less@K@1@_NABV?$allocator@UPLAYERINFO@CChannelMgr@@@1@@Z 004082e0 f i ChannelMgr.obj
 0001:00007310       ?insert@?$_Tree@KU?$pair@$$CBKUPLAYERINFO@CChannelMgr@@@std@@U_Kfn@?$map@KUPLAYERINFO@CChannelMgr@@U?$less@K@std@@V?$allocator@UPLAYERINFO@CChannelMgr@@@4@@2@U?$less@K@2@V?$allocator@UPLAYERINFO@CChannelMgr@@@2@@std@@QAE?AU?$pair@Viterator@?$_Tree@KU?$pair@$$CBKUPLAYERINFO@CChannelMgr@@@std@@U_Kfn@?$map@KUPLAYERINFO@CChannelMgr@@U?$less@K@std@@V?$allocator@UPLAYERINFO@CChannelMgr@@@4@@2@U?$less@K@2@V?$allocator@UPLAYERINFO@CChannelMgr@@@2@@std@@_N@2@ABU?$pair@$$CBKUPLAYERINFO@CChannelMgr@@@2@@Z 00408310 f i ChannelMgr.obj
 0001:00007440       ?erase@?$_Tree@KU?$pair@$$CBKUPLAYERINFO@CChannelMgr@@@std@@U_Kfn@?$map@KUPLAYERINFO@CChannelMgr@@U?$less@K@std@@V?$allocator@UPLAYERINFO@CChannelMgr@@@4@@2@U?$less@K@2@V?$allocator@UPLAYERINFO@CChannelMgr@@@2@@std@@QAE?AViterator@12@V312@0@Z 00408440 f i ChannelMgr.obj
 0001:00007570       ?equal_range@?$_Tree@KU?$pair@$$CBKUPLAYERINFO@CChannelMgr@@@std@@U_Kfn@?$map@KUPLAYERINFO@CChannelMgr@@U?$less@K@std@@V?$allocator@UPLAYERINFO@CChannelMgr@@@4@@2@U?$less@K@2@V?$allocator@UPLAYERINFO@CChannelMgr@@@2@@std@@QAE?AU?$pair@Viterator@?$_Tree@KU?$pair@$$CBKUPLAYERINFO@CChannelMgr@@@std@@U_Kfn@?$map@KUPLAYERINFO@CChannelMgr@@U?$less@K@std@@V?$allocator@UPLAYERINFO@CChannelMgr@@@4@@2@U?$less@K@2@V?$allocator@UPLAYERINFO@CChannelMgr@@@2@@std@@V123@@2@ABK@Z 00408570 f i ChannelMgr.obj
 0001:000075a0       ?_Inc@const_iterator@?$_Tree@KU?$pair@$$CBKUPLAYERINFO@CChannelMgr@@@std@@U_Kfn@?$map@KUPLAYERINFO@CChannelMgr@@U?$less@K@std@@V?$allocator@UPLAYERINFO@CChannelMgr@@@4@@2@U?$less@K@2@V?$allocator@UPLAYERINFO@CChannelMgr@@@2@@std@@QAEXXZ 004085a0 f i ChannelMgr.obj
 0001:00007650       ?_Inc@const_iterator@?$_Tree@KU?$pair@$$CBKV?$map@KUPLAYERINFO@CChannelMgr@@U?$less@K@std@@V?$allocator@UPLAYERINFO@CChannelMgr@@@4@@std@@@std@@U_Kfn@?$map@KV?$map@KUPLAYERINFO@CChannelMgr@@U?$less@K@std@@V?$allocator@UPLAYERINFO@CChannelMgr@@@4@@std@@U?$less@K@2@V?$allocator@V?$map@KUPLAYERINFO@CChannelMgr@@U?$less@K@std@@V?$allocator@UPLAYERINFO@CChannelMgr@@@4@@std@@@2@@2@U?$less@K@2@V?$allocator@V?$map@KUPLAYERINFO@CChannelMgr@@U?$less@K@std@@V?$allocator@UPLAYERINFO@CChannelMgr@@@4@@std@@@2@@std@@QAEXXZ 00408650 f i ChannelMgr.obj
 0001:00007700       ??0iterator@?$_Tree@KU?$pair@$$CBKV?$map@KUPLAYERINFO@CChannelMgr@@U?$less@K@std@@V?$allocator@UPLAYERINFO@CChannelMgr@@@4@@std@@@std@@U_Kfn@?$map@KV?$map@KUPLAYERINFO@CChannelMgr@@U?$less@K@std@@V?$allocator@UPLAYERINFO@CChannelMgr@@@4@@std@@U?$less@K@2@V?$allocator@V?$map@KUPLAYERINFO@CChannelMgr@@U?$less@K@std@@V?$allocator@UPLAYERINFO@CChannelMgr@@@4@@std@@@2@@2@U?$less@K@2@V?$allocator@V?$map@KUPLAYERINFO@CChannelMgr@@U?$less@K@std@@V?$allocator@UPLAYERINFO@CChannelMgr@@@4@@std@@@2@@std@@QAE@PAU_Node@12@@Z 00408700 f i ChannelMgr.obj
 0001:00007710       ?insert@?$_Tree@KU?$pair@$$CBKUCHANNINFO@CChannelMgr@@@std@@U_Kfn@?$map@KUCHANNINFO@CChannelMgr@@U?$less@K@std@@V?$allocator@UCHANNINFO@CChannelMgr@@@4@@2@U?$less@K@2@V?$allocator@UCHANNINFO@CChannelMgr@@@2@@std@@QAE?AU?$pair@Viterator@?$_Tree@KU?$pair@$$CBKUCHANNINFO@CChannelMgr@@@std@@U_Kfn@?$map@KUCHANNINFO@CChannelMgr@@U?$less@K@std@@V?$allocator@UCHANNINFO@CChannelMgr@@@4@@2@U?$less@K@2@V?$allocator@UCHANNINFO@CChannelMgr@@@2@@std@@_N@2@ABU?$pair@$$CBKUCHANNINFO@CChannelMgr@@@2@@Z 00408710 f i ChannelMgr.obj
 0001:00007840       ?lower_bound@?$_Tree@KU?$pair@$$CBKUCHANNINFO@CChannelMgr@@@std@@U_Kfn@?$map@KUCHANNINFO@CChannelMgr@@U?$less@K@std@@V?$allocator@UCHANNINFO@CChannelMgr@@@4@@2@U?$less@K@2@V?$allocator@UCHANNINFO@CChannelMgr@@@2@@std@@QAE?AViterator@12@ABK@Z 00408840 f i ChannelMgr.obj
 0001:00007860       ?_Erase@?$_Tree@KU?$pair@$$CBKUCHANNINFO@CChannelMgr@@@std@@U_Kfn@?$map@KUCHANNINFO@CChannelMgr@@U?$less@K@std@@V?$allocator@UCHANNINFO@CChannelMgr@@@4@@2@U?$less@K@2@V?$allocator@UCHANNINFO@CChannelMgr@@@2@@std@@IAEXPAU_Node@12@@Z 00408860 f i ChannelMgr.obj
 0001:000079d0       ?_Inc@const_iterator@?$_Tree@KU?$pair@$$CBKUCHANNINFO@CChannelMgr@@@std@@U_Kfn@?$map@KUCHANNINFO@CChannelMgr@@U?$less@K@std@@V?$allocator@UCHANNINFO@CChannelMgr@@@4@@2@U?$less@K@2@V?$allocator@UCHANNINFO@CChannelMgr@@@2@@std@@QAEXXZ 004089d0 f i ChannelMgr.obj
 0001:00007a80       ?insert@?$_Tree@V?$basic_string@DU?$char_traits@D@std@@V?$allocator@D@2@@std@@U?$pair@$$CBV?$basic_string@DU?$char_traits@D@std@@V?$allocator@D@2@@std@@K@2@U_Kfn@?$map@V?$basic_string@DU?$char_traits@D@std@@V?$allocator@D@2@@std@@KU_tstring_less@@V?$allocator@K@2@@2@U_tstring_less@@V?$allocator@K@2@@std@@QAE?AU?$pair@Viterator@?$_Tree@V?$basic_string@DU?$char_traits@D@std@@V?$allocator@D@2@@std@@U?$pair@$$CBV?$basic_string@DU?$char_traits@D@std@@V?$allocator@D@2@@std@@K@2@U_Kfn@?$map@V?$basic_string@DU?$char_traits@D@std@@V?$allocator@D@2@@std@@KU_tstring_less@@V?$allocator@K@2@@2@U_tstring_less@@V?$allocator@K@2@@std@@_N@2@ABU?$pair@$$CBV?$basic_string@DU?$char_traits@D@std@@V?$allocator@D@2@@std@@K@2@@Z 00408a80 f i ChannelMgr.obj
 0001:00007c00       ?erase@?$_Tree@V?$basic_string@DU?$char_traits@D@std@@V?$allocator@D@2@@std@@U?$pair@$$CBV?$basic_string@DU?$char_traits@D@std@@V?$allocator@D@2@@std@@K@2@U_Kfn@?$map@V?$basic_string@DU?$char_traits@D@std@@V?$allocator@D@2@@std@@KU_tstring_less@@V?$allocator@K@2@@2@U_tstring_less@@V?$allocator@K@2@@std@@QAE?AViterator@12@V312@@Z 00408c00 f i ChannelMgr.obj
 0001:00008130       ?lower_bound@?$_Tree@V?$basic_string@DU?$char_traits@D@std@@V?$allocator@D@2@@std@@U?$pair@$$CBV?$basic_string@DU?$char_traits@D@std@@V?$allocator@D@2@@std@@K@2@U_Kfn@?$map@V?$basic_string@DU?$char_traits@D@std@@V?$allocator@D@2@@std@@KU_tstring_less@@V?$allocator@K@2@@2@U_tstring_less@@V?$allocator@K@2@@std@@QAE?AViterator@12@ABV?$basic_string@DU?$char_traits@D@std@@V?$allocator@D@2@@2@@Z 00409130 f i ChannelMgr.obj
 0001:00008150       ?_Erase@?$_Tree@V?$basic_string@DU?$char_traits@D@std@@V?$allocator@D@2@@std@@U?$pair@$$CBV?$basic_string@DU?$char_traits@D@std@@V?$allocator@D@2@@std@@K@2@U_Kfn@?$map@V?$basic_string@DU?$char_traits@D@std@@V?$allocator@D@2@@std@@KU_tstring_less@@V?$allocator@K@2@@2@U_tstring_less@@V?$allocator@K@2@@std@@IAEXPAU_Node@12@@Z 00409150 f i ChannelMgr.obj
 0001:00008200       ?erase@?$_Tree@KU?$pair@$$CBKV?$list@PAU_BLOCKCHANNELOP@CChannelMgr@@V?$allocator@PAU_BLOCKCHANNELOP@CChannelMgr@@@std@@@std@@@std@@U_Kfn@?$map@KV?$list@PAU_BLOCKCHANNELOP@CChannelMgr@@V?$allocator@PAU_BLOCKCHANNELOP@CChannelMgr@@@std@@@std@@U?$less@K@2@V?$allocator@V?$list@PAU_BLOCKCHANNELOP@CChannelMgr@@V?$allocator@PAU_BLOCKCHANNELOP@CChannelMgr@@@std@@@std@@@2@@2@U?$less@K@2@V?$allocator@V?$list@PAU_BLOCKCHANNELOP@CChannelMgr@@V?$allocator@PAU_BLOCKCHANNELOP@CChannelMgr@@@std@@@std@@@2@@std@@QAE?AViterator@12@V312@@Z 00409200 f i ChannelMgr.obj
 0001:00008740       ?_Next@_Acc@?$list@PAU_BLOCKCHANNELOP@CChannelMgr@@V?$allocator@PAU_BLOCKCHANNELOP@CChannelMgr@@@std@@@std@@SAAAPAU_Node@23@PAU423@@Z 00409740 f i ChannelMgr.obj
 0001:00008750       ?_Erase@?$_Tree@KU?$pair@$$CBKV?$list@PAU_BLOCKCHANNELOP@CChannelMgr@@V?$allocator@PAU_BLOCKCHANNELOP@CChannelMgr@@@std@@@std@@@std@@U_Kfn@?$map@KV?$list@PAU_BLOCKCHANNELOP@CChannelMgr@@V?$allocator@PAU_BLOCKCHANNELOP@CChannelMgr@@@std@@@std@@U?$less@K@2@V?$allocator@V?$list@PAU_BLOCKCHANNELOP@CChannelMgr@@V?$allocator@PAU_BLOCKCHANNELOP@CChannelMgr@@@std@@@std@@@2@@2@U?$less@K@2@V?$allocator@V?$list@PAU_BLOCKCHANNELOP@CChannelMgr@@V?$allocator@PAU_BLOCKCHANNELOP@CChannelMgr@@@std@@@std@@@2@@std@@IAEXPAU_Node@12@@Z 00409750 f i ChannelMgr.obj
 0001:00008830       ?_Inc@const_iterator@?$_Tree@KU?$pair@$$CBKV?$list@PAU_BLOCKCHANNELOP@CChannelMgr@@V?$allocator@PAU_BLOCKCHANNELOP@CChannelMgr@@@std@@@std@@@std@@U_Kfn@?$map@KV?$list@PAU_BLOCKCHANNELOP@CChannelMgr@@V?$allocator@PAU_BLOCKCHANNELOP@CChannelMgr@@@std@@@std@@U?$less@K@2@V?$allocator@V?$list@PAU_BLOCKCHANNELOP@CChannelMgr@@V?$allocator@PAU_BLOCKCHANNELOP@CChannelMgr@@@std@@@std@@@2@@2@U?$less@K@2@V?$allocator@V?$list@PAU_BLOCKCHANNELOP@CChannelMgr@@V?$allocator@PAU_BLOCKCHANNELOP@CChannelMgr@@@std@@@std@@@2@@std@@QAEXXZ 00409830 f i ChannelMgr.obj
 0001:000088e0       ??0?$pair@Viterator@?$_Tree@KU?$pair@$$CBKUPLAYERINFO@CChannelMgr@@@std@@U_Kfn@?$map@KUPLAYERINFO@CChannelMgr@@U?$less@K@std@@V?$allocator@UPLAYERINFO@CChannelMgr@@@4@@2@U?$less@K@2@V?$allocator@UPLAYERINFO@CChannelMgr@@@2@@std@@_N@std@@QAE@ABViterator@?$_Tree@KU?$pair@$$CBKUPLAYERINFO@CChannelMgr@@@std@@U_Kfn@?$map@KUPLAYERINFO@CChannelMgr@@U?$less@K@std@@V?$allocator@UPLAYERINFO@CChannelMgr@@@4@@2@U?$less@K@2@V?$allocator@UPLAYERINFO@CChannelMgr@@@2@@1@AB_N@Z 004098e0 f i ChannelMgr.obj
 0001:00008900       ??0?$pair@Viterator@?$_Tree@V?$basic_string@DU?$char_traits@D@std@@V?$allocator@D@2@@std@@U?$pair@$$CBV?$basic_string@DU?$char_traits@D@std@@V?$allocator@D@2@@std@@K@2@U_Kfn@?$map@V?$basic_string@DU?$char_traits@D@std@@V?$allocator@D@2@@std@@KU_tstring_less@@V?$allocator@K@2@@2@U_tstring_less@@V?$allocator@K@2@@std@@_N@std@@QAE@ABViterator@?$_Tree@V?$basic_string@DU?$char_traits@D@std@@V?$allocator@D@2@@std@@U?$pair@$$CBV?$basic_string@DU?$char_traits@D@std@@V?$allocator@D@2@@std@@K@2@U_Kfn@?$map@V?$basic_string@DU?$char_traits@D@std@@V?$allocator@D@2@@std@@KU_tstring_less@@V?$allocator@K@2@@2@U_tstring_less@@V?$allocator@K@2@@1@AB_N@Z 00409900 f i ChannelMgr.obj
 0001:00008920       ?max_size@?$basic_string@DU?$char_traits@D@std@@V?$allocator@D@2@@std@@QBEIXZ 00409920 f i ChannelMgr.obj
 0001:00008930       ?_Copy@?$basic_string@DU?$char_traits@D@std@@V?$allocator@D@2@@std@@AAEXI@Z 00409930 f i ChannelMgr.obj
 0001:00008a40       ?_Split@?$basic_string@DU?$char_traits@D@std@@V?$allocator@D@2@@std@@AAEXXZ 00409a40 f i ChannelMgr.obj
 0001:00008b10       ?deallocate@?$allocator@V?$map@KUPLAYERINFO@CChannelMgr@@U?$less@K@std@@V?$allocator@UPLAYERINFO@CChannelMgr@@@4@@std@@@std@@QAEXPAXI@Z 00409b10 f i ChannelMgr.obj
 0001:00008b20       ?_Copy@?$_Tree@KU?$pair@$$CBKV?$map@KUPLAYERINFO@CChannelMgr@@U?$less@K@std@@V?$allocator@UPLAYERINFO@CChannelMgr@@@4@@std@@@std@@U_Kfn@?$map@KV?$map@KUPLAYERINFO@CChannelMgr@@U?$less@K@std@@V?$allocator@UPLAYERINFO@CChannelMgr@@@4@@std@@U?$less@K@2@V?$allocator@V?$map@KUPLAYERINFO@CChannelMgr@@U?$less@K@std@@V?$allocator@UPLAYERINFO@CChannelMgr@@@4@@std@@@2@@2@U?$less@K@2@V?$allocator@V?$map@KUPLAYERINFO@CChannelMgr@@U?$less@K@std@@V?$allocator@UPLAYERINFO@CChannelMgr@@@4@@std@@@2@@std@@IAEXABV12@@Z 00409b20 f i ChannelMgr.obj
 0001:00008ca0       ?_Erase@?$_Tree@KU?$pair@$$CBKV?$map@KUPLAYERINFO@CChannelMgr@@U?$less@K@std@@V?$allocator@UPLAYERINFO@CChannelMgr@@@4@@std@@@std@@U_Kfn@?$map@KV?$map@KUPLAYERINFO@CChannelMgr@@U?$less@K@std@@V?$allocator@UPLAYERINFO@CChannelMgr@@@4@@std@@U?$less@K@2@V?$allocator@V?$map@KUPLAYERINFO@CChannelMgr@@U?$less@K@std@@V?$allocator@UPLAYERINFO@CChannelMgr@@@4@@std@@@2@@2@U?$less@K@2@V?$allocator@V?$map@KUPLAYERINFO@CChannelMgr@@U?$less@K@std@@V?$allocator@UPLAYERINFO@CChannelMgr@@@4@@std@@@2@@std@@IAEXPAU_Node@12@@Z 00409ca0 f i ChannelMgr.obj
 0001:00008dc0       ?_Init@?$_Tree@KU?$pair@$$CBKV?$map@KUPLAYERINFO@CChannelMgr@@U?$less@K@std@@V?$allocator@UPLAYERINFO@CChannelMgr@@@4@@std@@@std@@U_Kfn@?$map@KV?$map@KUPLAYERINFO@CChannelMgr@@U?$less@K@std@@V?$allocator@UPLAYERINFO@CChannelMgr@@@4@@std@@U?$less@K@2@V?$allocator@V?$map@KUPLAYERINFO@CChannelMgr@@U?$less@K@std@@V?$allocator@UPLAYERINFO@CChannelMgr@@@4@@std@@@2@@2@U?$less@K@2@V?$allocator@V?$map@KUPLAYERINFO@CChannelMgr@@U?$less@K@std@@V?$allocator@UPLAYERINFO@CChannelMgr@@@4@@std@@@2@@std@@IAEXXZ 00409dc0 f i ChannelMgr.obj
 0001:00008e70       ?_Insert@?$_Tree@KU?$pair@$$CBKV?$map@KUPLAYERINFO@CChannelMgr@@U?$less@K@std@@V?$allocator@UPLAYERINFO@CChannelMgr@@@4@@std@@@std@@U_Kfn@?$map@KV?$map@KUPLAYERINFO@CChannelMgr@@U?$less@K@std@@V?$allocator@UPLAYERINFO@CChannelMgr@@@4@@std@@U?$less@K@2@V?$allocator@V?$map@KUPLAYERINFO@CChannelMgr@@U?$less@K@std@@V?$allocator@UPLAYERINFO@CChannelMgr@@@4@@std@@@2@@2@U?$less@K@2@V?$allocator@V?$map@KUPLAYERINFO@CChannelMgr@@U?$less@K@std@@V?$allocator@UPLAYERINFO@CChannelMgr@@@4@@std@@@2@@std@@IAE?AViterator@12@PAU_Node@12@0ABU?$pair@$$CBKV?$map@KUPLAYERINFO@CChannelMgr@@U?$less@K@std@@V?$allocator@UPLAYERINFO@CChannelMgr@@@4@@std@@@2@@Z 00409e70 f i ChannelMgr.obj
 0001:00009170       ?_Lbound@?$_Tree@KU?$pair@$$CBKV?$map@KUPLAYERINFO@CChannelMgr@@U?$less@K@std@@V?$allocator@UPLAYERINFO@CChannelMgr@@@4@@std@@@std@@U_Kfn@?$map@KV?$map@KUPLAYERINFO@CChannelMgr@@U?$less@K@std@@V?$allocator@UPLAYERINFO@CChannelMgr@@@4@@std@@U?$less@K@2@V?$allocator@V?$map@KUPLAYERINFO@CChannelMgr@@U?$less@K@std@@V?$allocator@UPLAYERINFO@CChannelMgr@@@4@@std@@@2@@2@U?$less@K@2@V?$allocator@V?$map@KUPLAYERINFO@CChannelMgr@@U?$less@K@std@@V?$allocator@UPLAYERINFO@CChannelMgr@@@4@@std@@@2@@std@@IBEPAU_Node@12@ABK@Z 0040a170 f i ChannelMgr.obj
 0001:000091c0       ?_Left@?$_Tree@KU?$pair@$$CBKUPLAYERINFO@CChannelMgr@@@std@@U_Kfn@?$map@KUPLAYERINFO@CChannelMgr@@U?$less@K@std@@V?$allocator@UPLAYERINFO@CChannelMgr@@@4@@2@U?$less@K@2@V?$allocator@UPLAYERINFO@CChannelMgr@@@2@@std@@KAAAPAU_Node@12@PAU312@@Z 0040a1c0 f i ChannelMgr.obj
 0001:000091d0       ?erase@?$_Tree@KU?$pair@$$CBKUPLAYERINFO@CChannelMgr@@@std@@U_Kfn@?$map@KUPLAYERINFO@CChannelMgr@@U?$less@K@std@@V?$allocator@UPLAYERINFO@CChannelMgr@@@4@@2@U?$less@K@2@V?$allocator@UPLAYERINFO@CChannelMgr@@@2@@std@@QAE?AViterator@12@V312@@Z 0040a1d0 f i ChannelMgr.obj
 0001:000096f0       ?_Copy@?$_Tree@KU?$pair@$$CBKUPLAYERINFO@CChannelMgr@@@std@@U_Kfn@?$map@KUPLAYERINFO@CChannelMgr@@U?$less@K@std@@V?$allocator@UPLAYERINFO@CChannelMgr@@@4@@2@U?$less@K@2@V?$allocator@UPLAYERINFO@CChannelMgr@@@2@@std@@IAEXABV12@@Z 0040a6f0 f i ChannelMgr.obj
 0001:00009870       ?_Erase@?$_Tree@KU?$pair@$$CBKUPLAYERINFO@CChannelMgr@@@std@@U_Kfn@?$map@KUPLAYERINFO@CChannelMgr@@U?$less@K@std@@V?$allocator@UPLAYERINFO@CChannelMgr@@@4@@2@U?$less@K@2@V?$allocator@UPLAYERINFO@CChannelMgr@@@2@@std@@IAEXPAU_Node@12@@Z 0040a870 f i ChannelMgr.obj
 0001:00009900       ?_Init@?$_Tree@KU?$pair@$$CBKUPLAYERINFO@CChannelMgr@@@std@@U_Kfn@?$map@KUPLAYERINFO@CChannelMgr@@U?$less@K@std@@V?$allocator@UPLAYERINFO@CChannelMgr@@@4@@2@U?$less@K@2@V?$allocator@UPLAYERINFO@CChannelMgr@@@2@@std@@IAEXXZ 0040a900 f i ChannelMgr.obj
 0001:000099b0       ?_Insert@?$_Tree@KU?$pair@$$CBKUPLAYERINFO@CChannelMgr@@@std@@U_Kfn@?$map@KUPLAYERINFO@CChannelMgr@@U?$less@K@std@@V?$allocator@UPLAYERINFO@CChannelMgr@@@4@@2@U?$less@K@2@V?$allocator@UPLAYERINFO@CChannelMgr@@@2@@std@@IAE?AViterator@12@PAU_Node@12@0ABU?$pair@$$CBKUPLAYERINFO@CChannelMgr@@@2@@Z 0040a9b0 f i ChannelMgr.obj
 0001:00009cb0       ?_Lbound@?$_Tree@KU?$pair@$$CBKUPLAYERINFO@CChannelMgr@@@std@@U_Kfn@?$map@KUPLAYERINFO@CChannelMgr@@U?$less@K@std@@V?$allocator@UPLAYERINFO@CChannelMgr@@@4@@2@U?$less@K@2@V?$allocator@UPLAYERINFO@CChannelMgr@@@2@@std@@IBEPAU_Node@12@ABK@Z 0040acb0 f i ChannelMgr.obj
 0001:00009d00       ??0const_iterator@?$_Tree@KU?$pair@$$CBKUPLAYERINFO@CChannelMgr@@@std@@U_Kfn@?$map@KUPLAYERINFO@CChannelMgr@@U?$less@K@std@@V?$allocator@UPLAYERINFO@CChannelMgr@@@4@@2@U?$less@K@2@V?$allocator@UPLAYERINFO@CChannelMgr@@@2@@std@@QAE@PAU_Node@12@@Z 0040ad00 f i ChannelMgr.obj
 0001:00009d10       ?_Insert@?$_Tree@KU?$pair@$$CBKUCHANNINFO@CChannelMgr@@@std@@U_Kfn@?$map@KUCHANNINFO@CChannelMgr@@U?$less@K@std@@V?$allocator@UCHANNINFO@CChannelMgr@@@4@@2@U?$less@K@2@V?$allocator@UCHANNINFO@CChannelMgr@@@2@@std@@IAE?AViterator@12@PAU_Node@12@0ABU?$pair@$$CBKUCHANNINFO@CChannelMgr@@@2@@Z 0040ad10 f i ChannelMgr.obj
 0001:0000a010       ?_Lbound@?$_Tree@KU?$pair@$$CBKUCHANNINFO@CChannelMgr@@@std@@U_Kfn@?$map@KUCHANNINFO@CChannelMgr@@U?$less@K@std@@V?$allocator@UCHANNINFO@CChannelMgr@@@4@@2@U?$less@K@2@V?$allocator@UCHANNINFO@CChannelMgr@@@2@@std@@IBEPAU_Node@12@ABK@Z 0040b010 f i ChannelMgr.obj
 0001:0000a060       ?_Buynode@?$_Tree@KU?$pair@$$CBKUCHANNINFO@CChannelMgr@@@std@@U_Kfn@?$map@KUCHANNINFO@CChannelMgr@@U?$less@K@std@@V?$allocator@UCHANNINFO@CChannelMgr@@@4@@2@U?$less@K@2@V?$allocator@UCHANNINFO@CChannelMgr@@@2@@std@@IAEPAU_Node@12@PAU312@W4_Redbl@12@@Z 0040b060 f i ChannelMgr.obj
 0001:0000a080       ?_Insert@?$_Tree@V?$basic_string@DU?$char_traits@D@std@@V?$allocator@D@2@@std@@U?$pair@$$CBV?$basic_string@DU?$char_traits@D@std@@V?$allocator@D@2@@std@@K@2@U_Kfn@?$map@V?$basic_string@DU?$char_traits@D@std@@V?$allocator@D@2@@std@@KU_tstring_less@@V?$allocator@K@2@@2@U_tstring_less@@V?$allocator@K@2@@std@@IAE?AViterator@12@PAU_Node@12@0ABU?$pair@$$CBV?$basic_string@DU?$char_traits@D@std@@V?$allocator@D@2@@std@@K@2@@Z 0040b080 f i ChannelMgr.obj
 0001:0000a3b0       ?_Lbound@?$_Tree@V?$basic_string@DU?$char_traits@D@std@@V?$allocator@D@2@@std@@U?$pair@$$CBV?$basic_string@DU?$char_traits@D@std@@V?$allocator@D@2@@std@@K@2@U_Kfn@?$map@V?$basic_string@DU?$char_traits@D@std@@V?$allocator@D@2@@std@@KU_tstring_less@@V?$allocator@K@2@@2@U_tstring_less@@V?$allocator@K@2@@std@@IBEPAU_Node@12@ABV?$basic_string@DU?$char_traits@D@std@@V?$allocator@D@2@@2@@Z 0040b3b0 f i ChannelMgr.obj
 0001:0000a430       ?_Buynode@?$_Tree@V?$basic_string@DU?$char_traits@D@std@@V?$allocator@D@2@@std@@U?$pair@$$CBV?$basic_string@DU?$char_traits@D@std@@V?$allocator@D@2@@std@@K@2@U_Kfn@?$map@V?$basic_string@DU?$char_traits@D@std@@V?$allocator@D@2@@std@@KU_tstring_less@@V?$allocator@K@2@@2@U_tstring_less@@V?$allocator@K@2@@std@@IAEPAU_Node@12@PAU312@W4_Redbl@12@@Z 0040b430 f i ChannelMgr.obj
 0001:0000a450       ?_Buynode@?$_Tree@KU?$pair@$$CBKV?$list@PAU_BLOCKCHANNELOP@CChannelMgr@@V?$allocator@PAU_BLOCKCHANNELOP@CChannelMgr@@@std@@@std@@@std@@U_Kfn@?$map@KV?$list@PAU_BLOCKCHANNELOP@CChannelMgr@@V?$allocator@PAU_BLOCKCHANNELOP@CChannelMgr@@@std@@@std@@U?$less@K@2@V?$allocator@V?$list@PAU_BLOCKCHANNELOP@CChannelMgr@@V?$allocator@PAU_BLOCKCHANNELOP@CChannelMgr@@@std@@@std@@@2@@2@U?$less@K@2@V?$allocator@V?$list@PAU_BLOCKCHANNELOP@CChannelMgr@@V?$allocator@PAU_BLOCKCHANNELOP@CChannelMgr@@@std@@@std@@@2@@std@@IAEPAU_Node@12@PAU312@W4_Redbl@12@@Z 0040b450 f i ChannelMgr.obj
 0001:0000a470       ?erase@?$list@PAU_BLOCKCHANNELOP@CChannelMgr@@V?$allocator@PAU_BLOCKCHANNELOP@CChannelMgr@@@std@@@std@@QAE?AViterator@12@V312@@Z 0040b470 f i ChannelMgr.obj
 0001:0000a4b0       ?_Copy@?$_Tree@KU?$pair@$$CBKV?$map@KUPLAYERINFO@CChannelMgr@@U?$less@K@std@@V?$allocator@UPLAYERINFO@CChannelMgr@@@4@@std@@@std@@U_Kfn@?$map@KV?$map@KUPLAYERINFO@CChannelMgr@@U?$less@K@std@@V?$allocator@UPLAYERINFO@CChannelMgr@@@4@@std@@U?$less@K@2@V?$allocator@V?$map@KUPLAYERINFO@CChannelMgr@@U?$less@K@std@@V?$allocator@UPLAYERINFO@CChannelMgr@@@4@@std@@@2@@2@U?$less@K@2@V?$allocator@V?$map@KUPLAYERINFO@CChannelMgr@@U?$less@K@std@@V?$allocator@UPLAYERINFO@CChannelMgr@@@4@@std@@@2@@std@@IAEPAU_Node@12@PAU312@0@Z 0040b4b0 f i ChannelMgr.obj
 0001:0000a5c0       ??3@YAXPAX0@Z              0040b5c0 f i ChannelMgr.obj
 0001:0000a5d0       ?_Buynode@?$_Tree@KU?$pair@$$CBKV?$map@KUPLAYERINFO@CChannelMgr@@U?$less@K@std@@V?$allocator@UPLAYERINFO@CChannelMgr@@@4@@std@@@std@@U_Kfn@?$map@KV?$map@KUPLAYERINFO@CChannelMgr@@U?$less@K@std@@V?$allocator@UPLAYERINFO@CChannelMgr@@@4@@std@@U?$less@K@2@V?$allocator@V?$map@KUPLAYERINFO@CChannelMgr@@U?$less@K@std@@V?$allocator@UPLAYERINFO@CChannelMgr@@@4@@std@@@2@@2@U?$less@K@2@V?$allocator@V?$map@KUPLAYERINFO@CChannelMgr@@U?$less@K@std@@V?$allocator@UPLAYERINFO@CChannelMgr@@@4@@std@@@2@@std@@IAEPAU_Node@12@PAU312@W4_Redbl@12@@Z 0040b5d0 f i ChannelMgr.obj
 0001:0000a5f0       ?_Copy@?$_Tree@KU?$pair@$$CBKUPLAYERINFO@CChannelMgr@@@std@@U_Kfn@?$map@KUPLAYERINFO@CChannelMgr@@U?$less@K@std@@V?$allocator@UPLAYERINFO@CChannelMgr@@@4@@2@U?$less@K@2@V?$allocator@UPLAYERINFO@CChannelMgr@@@2@@std@@IAEPAU_Node@12@PAU312@0@Z 0040b5f0 f i ChannelMgr.obj
 0001:0000a6d0       ?_Ubound@?$_Tree@KU?$pair@$$CBKUPLAYERINFO@CChannelMgr@@@std@@U_Kfn@?$map@KUPLAYERINFO@CChannelMgr@@U?$less@K@std@@V?$allocator@UPLAYERINFO@CChannelMgr@@@4@@2@U?$less@K@2@V?$allocator@UPLAYERINFO@CChannelMgr@@@2@@std@@IBEPAU_Node@12@ABK@Z 0040b6d0 f i ChannelMgr.obj
 0001:0000a720       ?_Buynode@?$_Tree@KU?$pair@$$CBKUPLAYERINFO@CChannelMgr@@@std@@U_Kfn@?$map@KUPLAYERINFO@CChannelMgr@@U?$less@K@std@@V?$allocator@UPLAYERINFO@CChannelMgr@@@4@@2@U?$less@K@2@V?$allocator@UPLAYERINFO@CChannelMgr@@@2@@std@@IAEPAU_Node@12@PAU312@W4_Redbl@12@@Z 0040b720 f i ChannelMgr.obj
 0001:0000a740       ?_Dec@const_iterator@?$_Tree@KU?$pair@$$CBKUPLAYERINFO@CChannelMgr@@@std@@U_Kfn@?$map@KUPLAYERINFO@CChannelMgr@@U?$less@K@std@@V?$allocator@UPLAYERINFO@CChannelMgr@@@4@@2@U?$less@K@2@V?$allocator@UPLAYERINFO@CChannelMgr@@@2@@std@@QAEXXZ 0040b740 f i ChannelMgr.obj
 0001:0000a800       ?_Dec@const_iterator@?$_Tree@KU?$pair@$$CBKV?$map@KUPLAYERINFO@CChannelMgr@@U?$less@K@std@@V?$allocator@UPLAYERINFO@CChannelMgr@@@4@@std@@@std@@U_Kfn@?$map@KV?$map@KUPLAYERINFO@CChannelMgr@@U?$less@K@std@@V?$allocator@UPLAYERINFO@CChannelMgr@@@4@@std@@U?$less@K@2@V?$allocator@V?$map@KUPLAYERINFO@CChannelMgr@@U?$less@K@std@@V?$allocator@UPLAYERINFO@CChannelMgr@@@4@@std@@@2@@2@U?$less@K@2@V?$allocator@V?$map@KUPLAYERINFO@CChannelMgr@@U?$less@K@std@@V?$allocator@UPLAYERINFO@CChannelMgr@@@4@@std@@@2@@std@@QAEXXZ 0040b800 f i ChannelMgr.obj
 0001:0000a8c0       ?_Dec@const_iterator@?$_Tree@KU?$pair@$$CBKUCHANNINFO@CChannelMgr@@@std@@U_Kfn@?$map@KUCHANNINFO@CChannelMgr@@U?$less@K@std@@V?$allocator@UCHANNINFO@CChannelMgr@@@4@@2@U?$less@K@2@V?$allocator@UCHANNINFO@CChannelMgr@@@2@@std@@QAEXXZ 0040b8c0 f i ChannelMgr.obj
 0001:0000a980       ?_Ubound@?$_Tree@V?$basic_string@DU?$char_traits@D@std@@V?$allocator@D@2@@std@@U?$pair@$$CBV?$basic_string@DU?$char_traits@D@std@@V?$allocator@D@2@@std@@K@2@U_Kfn@?$map@V?$basic_string@DU?$char_traits@D@std@@V?$allocator@D@2@@std@@KU_tstring_less@@V?$allocator@K@2@@2@U_tstring_less@@V?$allocator@K@2@@std@@IBEPAU_Node@12@ABV?$basic_string@DU?$char_traits@D@std@@V?$allocator@D@2@@2@@Z 0040b980 f i ChannelMgr.obj
 0001:0000aa00       ?_Dec@const_iterator@?$_Tree@V?$basic_string@DU?$char_traits@D@std@@V?$allocator@D@2@@std@@U?$pair@$$CBV?$basic_string@DU?$char_traits@D@std@@V?$allocator@D@2@@std@@K@2@U_Kfn@?$map@V?$basic_string@DU?$char_traits@D@std@@V?$allocator@D@2@@std@@KU_tstring_less@@V?$allocator@K@2@@2@U_tstring_less@@V?$allocator@K@2@@std@@QAEXXZ 0040ba00 f i ChannelMgr.obj
 0001:0000aac0       ?_Inc@const_iterator@?$_Tree@V?$basic_string@DU?$char_traits@D@std@@V?$allocator@D@2@@std@@U?$pair@$$CBV?$basic_string@DU?$char_traits@D@std@@V?$allocator@D@2@@std@@K@2@U_Kfn@?$map@V?$basic_string@DU?$char_traits@D@std@@V?$allocator@D@2@@std@@KU_tstring_less@@V?$allocator@K@2@@2@U_tstring_less@@V?$allocator@K@2@@std@@QAEXXZ 0040bac0 f i ChannelMgr.obj
 0001:0000ab70       ?_Distance@std@@YAXViterator@?$_Tree@KU?$pair@$$CBKUPLAYERINFO@CChannelMgr@@@std@@U_Kfn@?$map@KUPLAYERINFO@CChannelMgr@@U?$less@K@std@@V?$allocator@UPLAYERINFO@CChannelMgr@@@4@@2@U?$less@K@2@V?$allocator@UPLAYERINFO@CChannelMgr@@@2@@1@0AAI@Z 0040bb70 f i ChannelMgr.obj
 0001:0000aba0       ?_Construct@std@@YAXPAU?$pair@$$CBKV?$map@KUPLAYERINFO@CChannelMgr@@U?$less@K@std@@V?$allocator@UPLAYERINFO@CChannelMgr@@@4@@std@@@1@ABU21@@Z 0040bba0 f i ChannelMgr.obj
 0001:0000adb0       ?_Construct@std@@YAXPAU?$pair@$$CBKUPLAYERINFO@CChannelMgr@@@1@ABU21@@Z 0040bdb0 f i ChannelMgr.obj
 0001:0000add0       ?_Construct@std@@YAXPAU?$pair@$$CBKUCHANNINFO@CChannelMgr@@@1@ABU21@@Z 0040bdd0 f i ChannelMgr.obj
 0001:0000af10       ?_Construct@std@@YAXPAU?$pair@$$CBV?$basic_string@DU?$char_traits@D@std@@V?$allocator@D@2@@std@@K@1@ABU21@@Z 0040bf10 f i ChannelMgr.obj
 0001:0000b060       ?_Distance@std@@YAXViterator@?$_Tree@KU?$pair@$$CBKUPLAYERINFO@CChannelMgr@@@std@@U_Kfn@?$map@KUPLAYERINFO@CChannelMgr@@U?$less@K@std@@V?$allocator@UPLAYERINFO@CChannelMgr@@@4@@2@U?$less@K@2@V?$allocator@UPLAYERINFO@CChannelMgr@@@2@@1@0AAIUbidirectional_iterator_tag@1@@Z 0040c060 f i ChannelMgr.obj
 0001:0000b0c0       ?id@?$ctype@G@std@@$E      0040c0c0 f i ChannelMgr.obj
 0001:0000b0d0       ??0CChatConnect@@QAE@PAVCChatServer@@K@Z 0040c0d0 f   ChatConnect.obj
 0001:0000b100       ?BeginRoute@CNetConnect@@MAEXXZ 0040c100 f i ChatConnect.obj
 0001:0000b110       ?EndRoute@CNetConnect@@MAEXXZ 0040c110 f i ChatConnect.obj
 0001:0000b120       ??_GCChatConnect@@UAEPAXI@Z 0040c120 f i ChatConnect.obj
 0001:0000b120       ??_ECChatConnect@@UAEPAXI@Z 0040c120 f i ChatConnect.obj
 0001:0000b140       ??1CChatConnect@@UAE@XZ    0040c140 f   ChatConnect.obj
 0001:0000b160       ?OnClientConnectCreate@CChatConnect@@MAEXXZ 0040c160 f   ChatConnect.obj
 0001:0000b180       ?OnClientConnectClose@CChatConnect@@MAEXXZ 0040c180 f   ChatConnect.obj
 0001:0000b1a0       ?RecvPackage@CChatConnect@@MAEXPBXI@Z 0040c1a0 f   ChatConnect.obj
 0001:0000b1d0       ?Proc0_SomeoneChat@CChatConnect@@AAEXPBXI@Z 0040c1d0 f   ChatConnect.obj
 0001:0000b1f0       ?Proc0_ChannelChat@CChatConnect@@AAEXPBXI@Z 0040c1f0 f   ChatConnect.obj
 0001:0000b220       ?Proc0_GroupMan@CChatConnect@@AAEXPBXI@Z 0040c220 f   ChatConnect.obj
 0001:0000b370       ??0CChatServer@@QAE@XZ     0040c370 f   ChatServer.obj
 0001:0000b450       ??_ECChatServer@@UAEPAXI@Z 0040c450 f i ChatServer.obj
 0001:0000b450       ??_GCChatServer@@UAEPAXI@Z 0040c450 f i ChatServer.obj
 0001:0000b470       ??1?$map@KPAVCChatConnect@@U?$less@K@std@@V?$allocator@PAVCChatConnect@@@3@@std@@QAE@XZ 0040c470 f i ChatServer.obj
 0001:0000b4e0       ??1CChatServer@@UAE@XZ     0040c4e0 f   ChatServer.obj
 0001:0000b5a0       ?CreateConnect@CChatServer@@MAEPAVCNetConnect@@PAVCNetServer@@K@Z 0040c5a0 f   ChatServer.obj
 0001:0000b610       ?DestroyConnect@CChatServer@@MAEXPAVCNetConnect@@@Z 0040c610 f   ChatServer.obj
 0001:0000b630       ?OnBuildup@CChatServer@@MAEXXZ 0040c630 f   ChatServer.obj
 0001:0000b690       ??1KAutoLockWrite@@QAE@XZ  0040c690 f i ChatServer.obj
 0001:0000b6a0       ?OnClearup@CChatServer@@MAEXXZ 0040c6a0 f   ChatServer.obj
 0001:0000b720       ?OnClientConnectCreate@CChatServer@@MAEXPAVCNetConnect@@@Z 0040c720 f   ChatServer.obj
 0001:0000b7b0       ?OnClientConnectClose@CChatServer@@MAEXPAVCNetConnect@@@Z 0040c7b0 f   ChatServer.obj
 0001:0000b860       ?FindChatConnectByIP@CChatServer@@QAE?AVCNetConnectDup@@K@Z 0040c860 f   ChatServer.obj
 0001:0000b940       ??1KAutoLockRead@@QAE@XZ   0040c940 f i ChatServer.obj
 0001:0000b950       ?TraceInfo@CChatServer@@QAEHXZ 0040c950 f   ChatServer.obj
 0001:0000bba0       ?erase@?$_Tree@KU?$pair@$$CBKPAVCChatConnect@@@std@@U_Kfn@?$map@KPAVCChatConnect@@U?$less@K@std@@V?$allocator@PAVCChatConnect@@@3@@2@U?$less@K@2@V?$allocator@PAVCChatConnect@@@2@@std@@QAE?AViterator@12@V312@0@Z 0040cba0 f i ChatServer.obj
 0001:0000bcd0       ?find@?$_Tree@KU?$pair@$$CBKPAVCChatConnect@@@std@@U_Kfn@?$map@KPAVCChatConnect@@U?$less@K@std@@V?$allocator@PAVCChatConnect@@@3@@2@U?$less@K@2@V?$allocator@PAVCChatConnect@@@2@@std@@QAE?AViterator@12@ABK@Z 0040ccd0 f i ChatServer.obj
 0001:0000bd20       ?insert@?$_Tree@KU?$pair@$$CBKPAVCChatConnect@@@std@@U_Kfn@?$map@KPAVCChatConnect@@U?$less@K@std@@V?$allocator@PAVCChatConnect@@@3@@2@U?$less@K@2@V?$allocator@PAVCChatConnect@@@2@@std@@QAE?AU?$pair@Viterator@?$_Tree@KU?$pair@$$CBKPAVCChatConnect@@@std@@U_Kfn@?$map@KPAVCChatConnect@@U?$less@K@std@@V?$allocator@PAVCChatConnect@@@3@@2@U?$less@K@2@V?$allocator@PAVCChatConnect@@@2@@std@@_N@2@ABU?$pair@$$CBKPAVCChatConnect@@@2@@Z 0040cd20 f i ChatServer.obj
 0001:0000be50       ?erase@?$_Tree@KU?$pair@$$CBKPAVCChatConnect@@@std@@U_Kfn@?$map@KPAVCChatConnect@@U?$less@K@std@@V?$allocator@PAVCChatConnect@@@3@@2@U?$less@K@2@V?$allocator@PAVCChatConnect@@@2@@std@@QAE?AViterator@12@V312@@Z 0040ce50 f i ChatServer.obj
 0001:0000c370       ?_Erase@?$_Tree@KU?$pair@$$CBKPAVCChatConnect@@@std@@U_Kfn@?$map@KPAVCChatConnect@@U?$less@K@std@@V?$allocator@PAVCChatConnect@@@3@@2@U?$less@K@2@V?$allocator@PAVCChatConnect@@@2@@std@@IAEXPAU_Node@12@@Z 0040d370 f i ChatServer.obj
 0001:0000c400       ?_Inc@const_iterator@?$_Tree@KU?$pair@$$CBKPAVCChatConnect@@@std@@U_Kfn@?$map@KPAVCChatConnect@@U?$less@K@std@@V?$allocator@PAVCChatConnect@@@3@@2@U?$less@K@2@V?$allocator@PAVCChatConnect@@@2@@std@@QAEXXZ 0040d400 f i ChatServer.obj
 0001:0000c4b0       ?_Insert@?$_Tree@KU?$pair@$$CBKPAVCChatConnect@@@std@@U_Kfn@?$map@KPAVCChatConnect@@U?$less@K@std@@V?$allocator@PAVCChatConnect@@@3@@2@U?$less@K@2@V?$allocator@PAVCChatConnect@@@2@@std@@IAE?AViterator@12@PAU_Node@12@0ABU?$pair@$$CBKPAVCChatConnect@@@2@@Z 0040d4b0 f i ChatServer.obj
 0001:0000c7b0       ?_Lbound@?$_Tree@KU?$pair@$$CBKPAVCChatConnect@@@std@@U_Kfn@?$map@KPAVCChatConnect@@U?$less@K@std@@V?$allocator@PAVCChatConnect@@@3@@2@U?$less@K@2@V?$allocator@PAVCChatConnect@@@2@@std@@IBEPAU_Node@12@ABK@Z 0040d7b0 f i ChatServer.obj
 0001:0000c800       ?_Ubound@?$_Tree@KU?$pair@$$CBKPAVCChatConnect@@@std@@U_Kfn@?$map@KPAVCChatConnect@@U?$less@K@std@@V?$allocator@PAVCChatConnect@@@3@@2@U?$less@K@2@V?$allocator@PAVCChatConnect@@@2@@std@@IBEPAU_Node@12@ABK@Z 0040d800 f i ChatServer.obj
 0001:0000c850       ?_Dec@const_iterator@?$_Tree@KU?$pair@$$CBKPAVCChatConnect@@@std@@U_Kfn@?$map@KPAVCChatConnect@@U?$less@K@std@@V?$allocator@PAVCChatConnect@@@3@@2@U?$less@K@2@V?$allocator@PAVCChatConnect@@@2@@std@@QAEXXZ 0040d850 f i ChatServer.obj
 0001:0000c910       ?_Construct@std@@YAXPAU?$pair@$$CBKPAVCChatConnect@@@1@ABU21@@Z 0040d910 f i ChatServer.obj
 0001:0000c960       ??0CDBCenter@@QAE@XZ       0040d960 f   DBConnect.obj
 0001:0000c980       ?OnBuildup@CNetCenter@@MAEXXZ 0040d980 f i DBConnect.obj
 0001:0000c990       ?OnClearup@CNetCenter@@MAEXXZ 0040d990 f i DBConnect.obj
 0001:0000c9a0       ?OnServerEventCreate@CNetCenter@@MAEXPAVCNetClient@@@Z 0040d9a0 f i DBConnect.obj
 0001:0000c9b0       ?OnServerEventClose@CNetCenter@@MAEXPAVCNetClient@@@Z 0040d9b0 f i DBConnect.obj
 0001:0000c9c0       ??_GCDBCenter@@UAEPAXI@Z   0040d9c0 f i DBConnect.obj
 0001:0000c9c0       ??_ECDBCenter@@UAEPAXI@Z   0040d9c0 f i DBConnect.obj
 0001:0000c9e0       ??1CDBCenter@@UAE@XZ       0040d9e0 f   DBConnect.obj
 0001:0000c9f0       ?TraceInfo@CDBCenter@@QAEHXZ 0040d9f0 f   DBConnect.obj
 0001:0000cbf0       ??0CDBClient@@QAE@PAVCDBCenter@@H@Z 0040dbf0 f   DBConnect.obj
 0001:0000cc10       ?OnStartupFail@CNetClient@@MAEXXZ 0040dc10 f i DBConnect.obj
 0001:0000cc20       ?OnShutdownFail@CNetClient@@MAEXXZ 0040dc20 f i DBConnect.obj
 0001:0000cc30       ?BeginRoute@CNetClient@@MAEXXZ 0040dc30 f i DBConnect.obj
 0001:0000cc40       ?EndRoute@CNetClient@@MAEXXZ 0040dc40 f i DBConnect.obj
 0001:0000cc50       ?DeleteThis@CNetClient@@MAEXXZ 0040dc50 f i DBConnect.obj
 0001:0000cc60       ??_GCDBClient@@UAEPAXI@Z   0040dc60 f i DBConnect.obj
 0001:0000cc60       ??_ECDBClient@@UAEPAXI@Z   0040dc60 f i DBConnect.obj
 0001:0000cc80       ??1CDBClient@@UAE@XZ       0040dc80 f   DBConnect.obj
 0001:0000cc90       ?OnServerEventCreate@CDBClient@@MAEXXZ 0040dc90 f   DBConnect.obj
 0001:0000ccc0       ?OnServerEventClose@CDBClient@@MAEXXZ 0040dcc0 f   DBConnect.obj
 0001:0000cce0       ?RecvPackage@CDBClient@@MAEXPBXI@Z 0040dce0 f   DBConnect.obj
 0001:0000ce00       ??0ZDBTable@@QAE@PBD0@Z    0040de00 f   DBTable.obj
 0001:0000cf10       ??_EZDBTable@@UAEPAXI@Z    0040df10 f i DBTable.obj
 0001:0000cf10       ??_GZDBTable@@UAEPAXI@Z    0040df10 f i DBTable.obj
 0001:0000cf30       ??1ZDBTable@@UAE@XZ        0040df30 f   DBTable.obj
 0001:0000cf50       ?addIndex@ZDBTable@@QAEHP6AHPAU__db@@PBU__db_dbt@@1PAU3@@Z_N@Z 0040df50 f   DBTable.obj
 0001:0000cfa0       ?open@ZDBTable@@QAE_NXZ    0040dfa0 f   DBTable.obj
 0001:0000d110       ?close@ZDBTable@@QAEXXZ    0040e110 f   DBTable.obj
 0001:0000d160       ?commit@ZDBTable@@QAE_NXZ  0040e160 f   DBTable.obj
 0001:0000d170       ?add@ZDBTable@@QAE_NPBDH0H@Z 0040e170 f   DBTable.obj
 0001:0000d1e0       ?remove@ZDBTable@@QAE_NPBDHH@Z 0040e1e0 f   DBTable.obj
 0001:0000d230       ?_search@ZDBTable@@IAEPAD_NPBDHAAHH@Z 0040e230 f   DBTable.obj
 0001:0000d400       ?_next@ZDBTable@@IAEPAD_NAAH@Z 0040e400 f   DBTable.obj
 0001:0000d510       ?GetRecord@ZDBTable@@QAEPADAAHW4CursorPointer@1@H@Z 0040e510 f   DBTable.obj
 0001:0000d5e0       ?GetRecord_key@ZDBTable@@QAEPADAAHW4CursorPointer@1@H@Z 0040e5e0 f   DBTable.obj
 0001:0000d6b0       ?GetRecordEx@ZDBTable@@QAE_NPADAAH01W4CursorPointer@1@H@Z 0040e6b0 f   DBTable.obj
 0001:0000d790       ??0CDBTableReadOnly@@QAE@PBD0@Z 0040e790 f   DBTable.obj
 0001:0000d890       ??_ECDBTableReadOnly@@UAEPAXI@Z 0040e890 f i DBTable.obj
 0001:0000d890       ??_GCDBTableReadOnly@@UAEPAXI@Z 0040e890 f i DBTable.obj
 0001:0000d8b0       ??1CDBTableReadOnly@@UAE@XZ 0040e8b0 f   DBTable.obj
 0001:0000d8d0       ?open@CDBTableReadOnly@@QAE_NXZ 0040e8d0 f   DBTable.obj
 0001:0000d920       ?close@CDBTableReadOnly@@QAEXXZ 0040e920 f   DBTable.obj
 0001:0000d940       ?_search@CDBTableReadOnly@@IAEPAD_NPBDHAAH@Z 0040e940 f   DBTable.obj
 0001:0000da10       ?_next@CDBTableReadOnly@@IAEPAD_NAAH@Z 0040ea10 f   DBTable.obj
 0001:0000db30       ?GetRecord@CDBTableReadOnly@@QAEPADAAHW4CursorPointer@1@@Z 0040eb30 f   DBTable.obj
 0001:0000dbf0       ?GetRecord_key@CDBTableReadOnly@@QAEPADAAHW4CursorPointer@1@@Z 0040ebf0 f   DBTable.obj
 0001:0000dcb0       ?GetRecordEx@CDBTableReadOnly@@QAE_NPADAAH01W4CursorPointer@1@@Z 0040ecb0 f   DBTable.obj
 0001:0000ddb0       ?_Proc2_Relay_AskWay_AccountRoleID@dealrelay@@YAXABVCNetSockDupEx@@PBXI@Z 0040edb0 f   DealRelay.obj
 0001:0000df70       ?_Proc1_Relay_Data@dealrelay@@YAXABVCNetSockDupEx@@PBXI@Z 0040ef70 f   DealRelay.obj
 0001:0000e070       ?_Proc1_Relay_AskWay@dealrelay@@YAXABVCNetSockDupEx@@PBXI@Z 0040f070 f   DealRelay.obj
 0001:0000e090       ?_Proc1_Relay_LoseWay@dealrelay@@YAXABVCNetSockDupEx@@PBXI@Z 0040f090 f   DealRelay.obj
 0001:0000e170       ?_Proc0_Relay@dealrelay@@YAXABVCNetSockDupEx@@PBXI@Z 0040f170 f   DealRelay.obj
 0001:0000e1c0       ?_RecvPackage@dealrelay@@YAXABVCNetSockDupEx@@PBXI@Z 0040f1c0 f   DealRelay.obj
 0001:0000e1e0       ?DoRecvPackage@dealrelay@@YAXPAVCRelayConnect@@PBXI@Z 0040f1e0 f   DealRelay.obj
 0001:0000e270       ?DoRecvPackage@dealrelay@@YAXPAVCRelayClient@@PBXI@Z 0040f270 f   DealRelay.obj
 0001:0000e300       ??1CNetClientDup@@UAE@XZ   0040f300 f i DealRelay.obj
 0001:0000e320       ??_GCNetClientDup@@UAEPAXI@Z 0040f320 f i DealRelay.obj
 0001:0000e320       ??_ECNetClientDup@@UAEPAXI@Z 0040f320 f i DealRelay.obj
 0001:0000e360       ?FindRelaySockByIP@dealrelay@@YA?AVCNetSockDupEx@@K@Z 0040f360 f   DealRelay.obj
 0001:0000e4c0       ?BroadPackage@dealrelay@@YAHPBXI@Z 0040f4c0 f   DealRelay.obj
 0001:0000e520       ?BroadGlobal@@YAXPBXIKK@Z  0040f520 f   DoScript.obj
 0001:0000e5b0       ?BroadGame@@YAXKPBXIKK@Z   0040f5b0 f   DoScript.obj
 0001:0000e6a0       ?RootSend@@YAXKKPBXI@Z     0040f6a0 f   DoScript.obj
 0001:0000e770       ?LuaGlobalExecute@@YAHPAUlua_State@@@Z 0040f770 f   DoScript.obj
 0001:0000e850       ?LuaGameExecute@@YAHPAUlua_State@@@Z 0040f850 f   DoScript.obj
 0001:0000e940       ?LuaMsg2IP@@YAHPAUlua_State@@@Z 0040f940 f   DoScript.obj
 0001:0000eaa0       ?LuaGetIP@@YAHPAUlua_State@@@Z 0040faa0 f   DoScript.obj
 0001:0000eb50       ?g_GetGameScriptFunNum@@YAHXZ 0040fb50 f   DoScript.obj
 0001:0000eb60       ?InitScript@@YAHXZ         0040fb60 f   DoScript.obj
 0001:0000eba0       ?ExcuteScript@@YAHKKPBD@Z  0040fba0 f   DoScript.obj
 0001:0000ebf0       ?UninitScript@@YAHXZ       0040fbf0 f   DoScript.obj
 0001:0000ed70       ??0CFriendMgr@@QAE@XZ      0040fd70 f   FriendMgr.obj
 0001:0000ee80       ??_GCFriendMgr@@UAEPAXI@Z  0040fe80 f i FriendMgr.obj
 0001:0000ee80       ??_ECFriendMgr@@UAEPAXI@Z  0040fe80 f i FriendMgr.obj
 0001:0000eea0       ??1?$map@V?$basic_string@DU?$char_traits@D@std@@V?$allocator@D@2@@std@@UPLAYERINFO@CFriendMgr@@U_tstring_less@@V?$allocator@UPLAYERINFO@CFriendMgr@@@2@@std@@QAE@XZ 0040fea0 f i FriendMgr.obj
 0001:0000ef10       ??1?$map@UADDFRIENDKEY@CFriendMgr@@UADDFRIENDVALUE@2@U?$less@UADDFRIENDKEY@CFriendMgr@@@std@@V?$allocator@UADDFRIENDVALUE@CFriendMgr@@@5@@std@@QAE@XZ 0040ff10 f i FriendMgr.obj
 0001:0000ef80       ??1CFriendMgr@@UAE@XZ      0040ff80 f   FriendMgr.obj
 0001:0000f0d0       ?Initialize@CFriendMgr@@QAEHXZ 004100d0 f   FriendMgr.obj
 0001:0000f220       ?Uninitialize@CFriendMgr@@QAEHXZ 00410220 f   FriendMgr.obj
 0001:0000f390       ?SomeoneLogin@CFriendMgr@@QAEHABV?$basic_string@DU?$char_traits@D@std@@V?$allocator@D@2@@std@@@Z 00410390 f   FriendMgr.obj
 0001:0000f980       ??1?$map@KV?$list@UtagPlusSrcInfo@@V?$allocator@UtagPlusSrcInfo@@@std@@@std@@U?$less@K@2@V?$allocator@V?$list@UtagPlusSrcInfo@@V?$allocator@UtagPlusSrcInfo@@@std@@@std@@@2@@std@@QAE@XZ 00410980 f i FriendMgr.obj
 0001:0000f9f0       ?SomeoneLogout@CFriendMgr@@QAEHABV?$basic_string@DU?$char_traits@D@std@@V?$allocator@D@2@@std@@@Z 004109f0 f   FriendMgr.obj
 0001:0000fcc0       ?SomeoneSyncFriends@CFriendMgr@@QAEHABV?$basic_string@DU?$char_traits@D@std@@V?$allocator@D@2@@std@@KKABVCNetConnectDup@@HE@Z 00410cc0 f   FriendMgr.obj
 0001:000102a0       ??1?$map@V?$basic_string@DU?$char_traits@D@std@@V?$allocator@D@2@@std@@V?$list@U?$pair@EV?$basic_string@DU?$char_traits@D@std@@V?$allocator@D@2@@std@@@std@@V?$allocator@U?$pair@EV?$basic_string@DU?$char_traits@D@std@@V?$allocator@D@2@@std@@@std@@@2@@2@U_tstring_less@@V?$allocator@V?$list@U?$pair@EV?$basic_string@DU?$char_traits@D@std@@V?$allocator@D@2@@std@@@std@@V?$allocator@U?$pair@EV?$basic_string@DU?$char_traits@D@std@@V?$allocator@D@2@@std@@@std@@@2@@std@@@2@@std@@QAE@XZ 004112a0 f i FriendMgr.obj
 0001:00010310       ??1?$pair@EV?$basic_string@DU?$char_traits@D@std@@V?$allocator@D@2@@std@@@std@@QAE@XZ 00411310 f i FriendMgr.obj
 0001:00010350       ?PlayerAddFriend@CFriendMgr@@QAEHABV?$basic_string@DU?$char_traits@D@std@@V?$allocator@D@2@@std@@0@Z 00411350 f   FriendMgr.obj
 0001:000106a0       ??0FRIENDINFO@CFriendMgr@@QAE@XZ 004116a0 f i FriendMgr.obj
 0001:000106d0       ??0PLAYERINFO@CFriendMgr@@QAE@XZ 004116d0 f i FriendMgr.obj
 0001:000107a0       ?PlayerDelFriend@CFriendMgr@@QAEHABV?$basic_string@DU?$char_traits@D@std@@V?$allocator@D@2@@std@@0E@Z 004117a0 f   FriendMgr.obj
 0001:00010b30       ?PlayerIsFriend@CFriendMgr@@QAEHABV?$basic_string@DU?$char_traits@D@std@@V?$allocator@D@2@@std@@0H@Z 00411b30 f   FriendMgr.obj
 0001:00010c30       ?SetFriendGroup@CFriendMgr@@QAEHABV?$basic_string@DU?$char_traits@D@std@@V?$allocator@D@2@@std@@00@Z 00411c30 f   FriendMgr.obj
 0001:00010c40       ?GetFriendGroup@CFriendMgr@@QAE?AV?$basic_string@DU?$char_traits@D@std@@V?$allocator@D@2@@std@@ABV23@0@Z 00411c40 f   FriendMgr.obj
 0001:00010ec0       ?TrackAddFriend@CFriendMgr@@QAEHABV?$basic_string@DU?$char_traits@D@std@@V?$allocator@D@2@@std@@0E@Z 00411ec0 f   FriendMgr.obj
 0001:00011030       ??1ADDFRIENDKEY@CFriendMgr@@QAE@XZ 00412030 f i FriendMgr.obj
 0001:00011070       ?ExtractAddFriend@CFriendMgr@@QAEHABV?$basic_string@DU?$char_traits@D@std@@V?$allocator@D@2@@std@@0E@Z 00412070 f   FriendMgr.obj
 0001:000111a0       ?TidyAddFriend@CFriendMgr@@QAEHXZ 004121a0 f   FriendMgr.obj
 0001:000111b0       ?_LoadSomeone@CFriendMgr@@AAE?AViterator@?$_Tree@V?$basic_string@DU?$char_traits@D@std@@V?$allocator@D@2@@std@@U?$pair@$$CBV?$basic_string@DU?$char_traits@D@std@@V?$allocator@D@2@@std@@UPLAYERINFO@CFriendMgr@@@2@U_Kfn@?$map@V?$basic_string@DU?$char_traits@D@std@@V?$allocator@D@2@@std@@UPLAYERINFO@CFriendMgr@@U_tstring_less@@V?$allocator@UPLAYERINFO@CFriendMgr@@@2@@2@U_tstring_less@@V?$allocator@UPLAYERINFO@CFriendMgr@@@2@@std@@ABV?$basic_string@DU?$char_traits@D@std@@V?$allocator@D@2@@4@@Z 004121b0 f   FriendMgr.obj
 0001:00011530       ??1PLAYERINFO@CFriendMgr@@QAE@XZ 00412530 f i FriendMgr.obj
 0001:000115a0       ??1?$pair@$$CBV?$basic_string@DU?$char_traits@D@std@@V?$allocator@D@2@@std@@UPLAYERINFO@CFriendMgr@@@std@@QAE@XZ 004125a0 f i FriendMgr.obj
 0001:00011670       ??1FRIENDINFO@CFriendMgr@@QAE@XZ 00412670 f i FriendMgr.obj
 0001:000116b0       ??1?$pair@$$CBV?$basic_string@DU?$char_traits@D@std@@V?$allocator@D@2@@std@@UFRIENDINFO@CFriendMgr@@@std@@QAE@XZ 004126b0 f i FriendMgr.obj
 0001:00011720       ?_StoreSomeone@CFriendMgr@@AAEHViterator@?$_Tree@V?$basic_string@DU?$char_traits@D@std@@V?$allocator@D@2@@std@@U?$pair@$$CBV?$basic_string@DU?$char_traits@D@std@@V?$allocator@D@2@@std@@UPLAYERINFO@CFriendMgr@@@2@U_Kfn@?$map@V?$basic_string@DU?$char_traits@D@std@@V?$allocator@D@2@@std@@UPLAYERINFO@CFriendMgr@@U_tstring_less@@V?$allocator@UPLAYERINFO@CFriendMgr@@@2@@2@U_tstring_less@@V?$allocator@UPLAYERINFO@CFriendMgr@@@2@@std@@@Z 00412720 f   FriendMgr.obj
 0001:00011a00       ??1MEM_FRIENDRECORD@CFriendMgr@@QAE@XZ 00412a00 f i FriendMgr.obj
 0001:00011a70       ?NameToDBKey@CFriendMgr@@AAE?AV?$basic_string@DU?$char_traits@D@std@@V?$allocator@D@2@@std@@ABV23@@Z 00412a70 f   FriendMgr.obj
 0001:00011ba0       ?DB_AddSomeone@CFriendMgr@@AAEHABV?$basic_string@DU?$char_traits@D@std@@V?$allocator@D@2@@std@@ABV?$list@UMEM_FRIENDRECORD@CFriendMgr@@V?$allocator@UMEM_FRIENDRECORD@CFriendMgr@@@std@@@3@@Z 00412ba0 f   FriendMgr.obj
 0001:00011bc0       ?DB_DeleteSomeone@CFriendMgr@@AAEHABV?$basic_string@DU?$char_traits@D@std@@V?$allocator@D@2@@std@@@Z 00412bc0 f   FriendMgr.obj
 0001:00011c80       ?DB_LoadSomeone@CFriendMgr@@AAEHABV?$basic_string@DU?$char_traits@D@std@@V?$allocator@D@2@@std@@PAV?$list@UMEM_FRIENDRECORD@CFriendMgr@@V?$allocator@UMEM_FRIENDRECORD@CFriendMgr@@@std@@@3@@Z 00412c80 f   FriendMgr.obj
 0001:00011ec0       ?DB_StoreSomeone@CFriendMgr@@AAEHABV?$basic_string@DU?$char_traits@D@std@@V?$allocator@D@2@@std@@ABV?$list@UMEM_FRIENDRECORD@CFriendMgr@@V?$allocator@UMEM_FRIENDRECORD@CFriendMgr@@@std@@@3@@Z 00412ec0 f   FriendMgr.obj
 0001:00012050       ?BkgrndUpdateDB@CFriendMgr@@QAEHXZ 00413050 f   FriendMgr.obj
 0001:00012150       ?GetPlayerCount@CFriendMgr@@QAEIXZ 00413150 f   FriendMgr.obj
 0001:00012170       ?GetAFQSize@CFriendMgr@@QAEIXZ 00413170 f   FriendMgr.obj
 0001:00012190       ?PlayerAssociate@CFriendMgr@@QAEHABV?$basic_string@DU?$char_traits@D@std@@V?$allocator@D@2@@std@@00E@Z 00413190 f   FriendMgr.obj
 0001:000124d0       ?PlayerAssociateBevy@CFriendMgr@@QAEHABV?$basic_string@DU?$char_traits@D@std@@V?$allocator@D@2@@std@@00@Z 004134d0 f   FriendMgr.obj
 0001:000127f0       ??0?$map@V?$basic_string@DU?$char_traits@D@std@@V?$allocator@D@2@@std@@UFRIENDINFO@CFriendMgr@@U_tstring_less@@V?$allocator@UFRIENDINFO@CFriendMgr@@@2@@std@@QAE@ABU_tstring_less@@ABV?$allocator@UFRIENDINFO@CFriendMgr@@@1@@Z 004137f0 f i FriendMgr.obj
 0001:000128c0       ?insert@?$map@V?$basic_string@DU?$char_traits@D@std@@V?$allocator@D@2@@std@@UFRIENDINFO@CFriendMgr@@U_tstring_less@@V?$allocator@UFRIENDINFO@CFriendMgr@@@2@@std@@QAE?AU?$pair@Viterator@?$_Tree@V?$basic_string@DU?$char_traits@D@std@@V?$allocator@D@2@@std@@U?$pair@$$CBV?$basic_string@DU?$char_traits@D@std@@V?$allocator@D@2@@std@@UFRIENDINFO@CFriendMgr@@@2@U_Kfn@?$map@V?$basic_string@DU?$char_traits@D@std@@V?$allocator@D@2@@std@@UFRIENDINFO@CFriendMgr@@U_tstring_less@@V?$allocator@UFRIENDINFO@CFriendMgr@@@2@@2@U_tstring_less@@V?$allocator@UFRIENDINFO@CFriendMgr@@@2@@std@@_N@2@ABU?$pair@$$CBV?$basic_string@DU?$char_traits@D@std@@V?$allocator@D@2@@std@@UFRIENDINFO@CFriendMgr@@@2@@Z 004138c0 f i FriendMgr.obj
 0001:000128f0       ??1?$_Tree@V?$basic_string@DU?$char_traits@D@std@@V?$allocator@D@2@@std@@U?$pair@$$CBV?$basic_string@DU?$char_traits@D@std@@V?$allocator@D@2@@std@@UFRIENDINFO@CFriendMgr@@@2@U_Kfn@?$map@V?$basic_string@DU?$char_traits@D@std@@V?$allocator@D@2@@std@@UFRIENDINFO@CFriendMgr@@U_tstring_less@@V?$allocator@UFRIENDINFO@CFriendMgr@@@2@@2@U_tstring_less@@V?$allocator@UFRIENDINFO@CFriendMgr@@@2@@std@@QAE@XZ 004138f0 f i FriendMgr.obj
 0001:00012960       ??0?$pair@$$CBV?$basic_string@DU?$char_traits@D@std@@V?$allocator@D@2@@std@@UFRIENDINFO@CFriendMgr@@@std@@QAE@ABV?$basic_string@DU?$char_traits@D@std@@V?$allocator@D@2@@1@ABUFRIENDINFO@CFriendMgr@@@Z 00413960 f i FriendMgr.obj
 0001:00012aa0       ?insert@?$map@V?$basic_string@DU?$char_traits@D@std@@V?$allocator@D@2@@std@@UPLAYERINFO@CFriendMgr@@U_tstring_less@@V?$allocator@UPLAYERINFO@CFriendMgr@@@2@@std@@QAE?AU?$pair@Viterator@?$_Tree@V?$basic_string@DU?$char_traits@D@std@@V?$allocator@D@2@@std@@U?$pair@$$CBV?$basic_string@DU?$char_traits@D@std@@V?$allocator@D@2@@std@@UPLAYERINFO@CFriendMgr@@@2@U_Kfn@?$map@V?$basic_string@DU?$char_traits@D@std@@V?$allocator@D@2@@std@@UPLAYERINFO@CFriendMgr@@U_tstring_less@@V?$allocator@UPLAYERINFO@CFriendMgr@@@2@@2@U_tstring_less@@V?$allocator@UPLAYERINFO@CFriendMgr@@@2@@std@@_N@2@ABU?$pair@$$CBV?$basic_string@DU?$char_traits@D@std@@V?$allocator@D@2@@std@@UPLAYERINFO@CFriendMgr@@@2@@Z 00413aa0 f i FriendMgr.obj
 0001:00012ad0       ??0?$pair@$$CBV?$basic_string@DU?$char_traits@D@std@@V?$allocator@D@2@@std@@UPLAYERINFO@CFriendMgr@@@std@@QAE@ABV?$basic_string@DU?$char_traits@D@std@@V?$allocator@D@2@@1@ABUPLAYERINFO@CFriendMgr@@@Z 00413ad0 f i FriendMgr.obj
 0001:00012c70       ??1?$list@UMEM_FRIENDRECORD@CFriendMgr@@V?$allocator@UMEM_FRIENDRECORD@CFriendMgr@@@std@@@std@@QAE@XZ 00413c70 f i FriendMgr.obj
 0001:00012cd0       ?begin@?$list@UMEM_FRIENDRECORD@CFriendMgr@@V?$allocator@UMEM_FRIENDRECORD@CFriendMgr@@@std@@@std@@QAE?AViterator@12@XZ 00413cd0 f i FriendMgr.obj
 0001:00012ce0       ??1?$_Tree@KU?$pair@$$CBKV?$list@UtagPlusSrcInfo@@V?$allocator@UtagPlusSrcInfo@@@std@@@std@@@std@@U_Kfn@?$map@KV?$list@UtagPlusSrcInfo@@V?$allocator@UtagPlusSrcInfo@@@std@@@std@@U?$less@K@2@V?$allocator@V?$list@UtagPlusSrcInfo@@V?$allocator@UtagPlusSrcInfo@@@std@@@std@@@2@@2@U?$less@K@2@V?$allocator@V?$list@UtagPlusSrcInfo@@V?$allocator@UtagPlusSrcInfo@@@std@@@std@@@2@@std@@QAE@XZ 00413ce0 f i FriendMgr.obj
 0001:00012d50       ??1?$_Tree@V?$basic_string@DU?$char_traits@D@std@@V?$allocator@D@2@@std@@U?$pair@$$CBV?$basic_string@DU?$char_traits@D@std@@V?$allocator@D@2@@std@@V?$list@U?$pair@EV?$basic_string@DU?$char_traits@D@std@@V?$allocator@D@2@@std@@@std@@V?$allocator@U?$pair@EV?$basic_string@DU?$char_traits@D@std@@V?$allocator@D@2@@std@@@std@@@2@@2@@2@U_Kfn@?$map@V?$basic_string@DU?$char_traits@D@std@@V?$allocator@D@2@@std@@V?$list@U?$pair@EV?$basic_string@DU?$char_traits@D@std@@V?$allocator@D@2@@std@@@std@@V?$allocator@U?$pair@EV?$basic_string@DU?$char_traits@D@std@@V?$allocator@D@2@@std@@@std@@@2@@2@U_tstring_less@@V?$allocator@V?$list@U?$pair@EV?$basic_string@DU?$char_traits@D@std@@V?$allocator@D@2@@std@@@std@@V?$allocator@U?$pair@EV?$basic_string@DU?$char_traits@D@std@@V?$allocator@D@2@@std@@@std@@@2@@std@@@2@@2@U_tstring_less@@V?$allocator@V?$list@U?$pair@EV?$basic_string@DU?$char_traits@D@std@@V?$allocator@D@2@@std@@@std@@V?$allocator@U?$pair@EV?$basic_string@DU?$char_traits@D@std@@V?$allocator@D@2@@std@@@std@@@2@@std@@@2@@std@@QAE@XZ 00413d50 f i FriendMgr.obj
 0001:00012dc0       ??0FRIENDINFO@CFriendMgr@@QAE@ABU01@@Z 00413dc0 f i FriendMgr.obj
 0001:00012ef0       ??0PLAYERINFO@CFriendMgr@@QAE@ABU01@@Z 00413ef0 f i FriendMgr.obj
 0001:00013100       ??1ADDFRIENDVALUE@CFriendMgr@@QAE@XZ 00414100 f i FriendMgr.obj
 0001:00013140       ??1?$pair@$$CBUADDFRIENDKEY@CFriendMgr@@UADDFRIENDVALUE@2@@std@@QAE@XZ 00414140 f i FriendMgr.obj
 0001:000131b0       ??1?$pair@$$CBKV?$list@UtagPlusSrcInfo@@V?$allocator@UtagPlusSrcInfo@@@std@@@std@@@std@@QAE@XZ 004141b0 f i FriendMgr.obj
 0001:00013200       ??1?$pair@$$CBV?$basic_string@DU?$char_traits@D@std@@V?$allocator@D@2@@std@@V?$list@U?$pair@EV?$basic_string@DU?$char_traits@D@std@@V?$allocator@D@2@@std@@@std@@V?$allocator@U?$pair@EV?$basic_string@DU?$char_traits@D@std@@V?$allocator@D@2@@std@@@std@@@2@@2@@std@@QAE@XZ 00414200 f i FriendMgr.obj
 0001:000132a0       ?begin@?$_Tree@V?$basic_string@DU?$char_traits@D@std@@V?$allocator@D@2@@std@@U?$pair@$$CBV?$basic_string@DU?$char_traits@D@std@@V?$allocator@D@2@@std@@UFRIENDINFO@CFriendMgr@@@2@U_Kfn@?$map@V?$basic_string@DU?$char_traits@D@std@@V?$allocator@D@2@@std@@UFRIENDINFO@CFriendMgr@@U_tstring_less@@V?$allocator@UFRIENDINFO@CFriendMgr@@@2@@2@U_tstring_less@@V?$allocator@UFRIENDINFO@CFriendMgr@@@2@@std@@QAE?AViterator@12@XZ 004142a0 f i FriendMgr.obj
 0001:000132b0       ?insert@?$_Tree@V?$basic_string@DU?$char_traits@D@std@@V?$allocator@D@2@@std@@U?$pair@$$CBV?$basic_string@DU?$char_traits@D@std@@V?$allocator@D@2@@std@@UFRIENDINFO@CFriendMgr@@@2@U_Kfn@?$map@V?$basic_string@DU?$char_traits@D@std@@V?$allocator@D@2@@std@@UFRIENDINFO@CFriendMgr@@U_tstring_less@@V?$allocator@UFRIENDINFO@CFriendMgr@@@2@@2@U_tstring_less@@V?$allocator@UFRIENDINFO@CFriendMgr@@@2@@std@@QAE?AU?$pair@Viterator@?$_Tree@V?$basic_string@DU?$char_traits@D@std@@V?$allocator@D@2@@std@@U?$pair@$$CBV?$basic_string@DU?$char_traits@D@std@@V?$allocator@D@2@@std@@UFRIENDINFO@CFriendMgr@@@2@U_Kfn@?$map@V?$basic_string@DU?$char_traits@D@std@@V?$allocator@D@2@@std@@UFRIENDINFO@CFriendMgr@@U_tstring_less@@V?$allocator@UFRIENDINFO@CFriendMgr@@@2@@2@U_tstring_less@@V?$allocator@UFRIENDINFO@CFriendMgr@@@2@@std@@_N@2@ABU?$pair@$$CBV?$basic_string@DU?$char_traits@D@std@@V?$allocator@D@2@@std@@UFRIENDINFO@CFriendMgr@@@2@@Z 004142b0 f i FriendMgr.obj
 0001:00013430       ?erase@?$_Tree@V?$basic_string@DU?$char_traits@D@std@@V?$allocator@D@2@@std@@U?$pair@$$CBV?$basic_string@DU?$char_traits@D@std@@V?$allocator@D@2@@std@@UFRIENDINFO@CFriendMgr@@@2@U_Kfn@?$map@V?$basic_string@DU?$char_traits@D@std@@V?$allocator@D@2@@std@@UFRIENDINFO@CFriendMgr@@U_tstring_less@@V?$allocator@UFRIENDINFO@CFriendMgr@@@2@@2@U_tstring_less@@V?$allocator@UFRIENDINFO@CFriendMgr@@@2@@std@@QAE?AViterator@12@V312@@Z 00414430 f i FriendMgr.obj
 0001:000139a0       ?erase@?$_Tree@V?$basic_string@DU?$char_traits@D@std@@V?$allocator@D@2@@std@@U?$pair@$$CBV?$basic_string@DU?$char_traits@D@std@@V?$allocator@D@2@@std@@UFRIENDINFO@CFriendMgr@@@2@U_Kfn@?$map@V?$basic_string@DU?$char_traits@D@std@@V?$allocator@D@2@@std@@UFRIENDINFO@CFriendMgr@@U_tstring_less@@V?$allocator@UFRIENDINFO@CFriendMgr@@@2@@2@U_tstring_less@@V?$allocator@UFRIENDINFO@CFriendMgr@@@2@@std@@QAE?AViterator@12@V312@0@Z 004149a0 f i FriendMgr.obj
 0001:00013ae0       ?find@?$_Tree@V?$basic_string@DU?$char_traits@D@std@@V?$allocator@D@2@@std@@U?$pair@$$CBV?$basic_string@DU?$char_traits@D@std@@V?$allocator@D@2@@std@@UFRIENDINFO@CFriendMgr@@@2@U_Kfn@?$map@V?$basic_string@DU?$char_traits@D@std@@V?$allocator@D@2@@std@@UFRIENDINFO@CFriendMgr@@U_tstring_less@@V?$allocator@UFRIENDINFO@CFriendMgr@@@2@@2@U_tstring_less@@V?$allocator@UFRIENDINFO@CFriendMgr@@@2@@std@@QAE?AViterator@12@ABV?$basic_string@DU?$char_traits@D@std@@V?$allocator@D@2@@2@@Z 00414ae0 f i FriendMgr.obj
 0001:00013b60       ?begin@?$_Tree@V?$basic_string@DU?$char_traits@D@std@@V?$allocator@D@2@@std@@U?$pair@$$CBV?$basic_string@DU?$char_traits@D@std@@V?$allocator@D@2@@std@@UPLAYERINFO@CFriendMgr@@@2@U_Kfn@?$map@V?$basic_string@DU?$char_traits@D@std@@V?$allocator@D@2@@std@@UPLAYERINFO@CFriendMgr@@U_tstring_less@@V?$allocator@UPLAYERINFO@CFriendMgr@@@2@@2@U_tstring_less@@V?$allocator@UPLAYERINFO@CFriendMgr@@@2@@std@@QAE?AViterator@12@XZ 00414b60 f i FriendMgr.obj
 0001:00013b70       ?insert@?$_Tree@V?$basic_string@DU?$char_traits@D@std@@V?$allocator@D@2@@std@@U?$pair@$$CBV?$basic_string@DU?$char_traits@D@std@@V?$allocator@D@2@@std@@UPLAYERINFO@CFriendMgr@@@2@U_Kfn@?$map@V?$basic_string@DU?$char_traits@D@std@@V?$allocator@D@2@@std@@UPLAYERINFO@CFriendMgr@@U_tstring_less@@V?$allocator@UPLAYERINFO@CFriendMgr@@@2@@2@U_tstring_less@@V?$allocator@UPLAYERINFO@CFriendMgr@@@2@@std@@QAE?AU?$pair@Viterator@?$_Tree@V?$basic_string@DU?$char_traits@D@std@@V?$allocator@D@2@@std@@U?$pair@$$CBV?$basic_string@DU?$char_traits@D@std@@V?$allocator@D@2@@std@@UPLAYERINFO@CFriendMgr@@@2@U_Kfn@?$map@V?$basic_string@DU?$char_traits@D@std@@V?$allocator@D@2@@std@@UPLAYERINFO@CFriendMgr@@U_tstring_less@@V?$allocator@UPLAYERINFO@CFriendMgr@@@2@@2@U_tstring_less@@V?$allocator@UPLAYERINFO@CFriendMgr@@@2@@std@@_N@2@ABU?$pair@$$CBV?$basic_string@DU?$char_traits@D@std@@V?$allocator@D@2@@std@@UPLAYERINFO@CFriendMgr@@@2@@Z 00414b70 f i FriendMgr.obj
 0001:00013cf0       ?erase@?$_Tree@V?$basic_string@DU?$char_traits@D@std@@V?$allocator@D@2@@std@@U?$pair@$$CBV?$basic_string@DU?$char_traits@D@std@@V?$allocator@D@2@@std@@UPLAYERINFO@CFriendMgr@@@2@U_Kfn@?$map@V?$basic_string@DU?$char_traits@D@std@@V?$allocator@D@2@@std@@UPLAYERINFO@CFriendMgr@@U_tstring_less@@V?$allocator@UPLAYERINFO@CFriendMgr@@@2@@2@U_tstring_less@@V?$allocator@UPLAYERINFO@CFriendMgr@@@2@@std@@QAE?AViterator@12@V312@0@Z 00414cf0 f i FriendMgr.obj
 0001:00013e30       ?find@?$_Tree@V?$basic_string@DU?$char_traits@D@std@@V?$allocator@D@2@@std@@U?$pair@$$CBV?$basic_string@DU?$char_traits@D@std@@V?$allocator@D@2@@std@@UPLAYERINFO@CFriendMgr@@@2@U_Kfn@?$map@V?$basic_string@DU?$char_traits@D@std@@V?$allocator@D@2@@std@@UPLAYERINFO@CFriendMgr@@U_tstring_less@@V?$allocator@UPLAYERINFO@CFriendMgr@@@2@@2@U_tstring_less@@V?$allocator@UPLAYERINFO@CFriendMgr@@@2@@std@@QAE?AViterator@12@ABV?$basic_string@DU?$char_traits@D@std@@V?$allocator@D@2@@2@@Z 00414e30 f i FriendMgr.obj
 0001:00013eb0       ?_Dec@const_iterator@?$_Tree@V?$basic_string@DU?$char_traits@D@std@@V?$allocator@D@2@@std@@U?$pair@$$CBV?$basic_string@DU?$char_traits@D@std@@V?$allocator@D@2@@std@@UPLAYERINFO@CFriendMgr@@@2@U_Kfn@?$map@V?$basic_string@DU?$char_traits@D@std@@V?$allocator@D@2@@std@@UPLAYERINFO@CFriendMgr@@U_tstring_less@@V?$allocator@UPLAYERINFO@CFriendMgr@@@2@@2@U_tstring_less@@V?$allocator@UPLAYERINFO@CFriendMgr@@@2@@std@@QAEXXZ 00414eb0 f i FriendMgr.obj
 0001:00013f70       ?_Inc@const_iterator@?$_Tree@V?$basic_string@DU?$char_traits@D@std@@V?$allocator@D@2@@std@@U?$pair@$$CBV?$basic_string@DU?$char_traits@D@std@@V?$allocator@D@2@@std@@UPLAYERINFO@CFriendMgr@@@2@U_Kfn@?$map@V?$basic_string@DU?$char_traits@D@std@@V?$allocator@D@2@@std@@UPLAYERINFO@CFriendMgr@@U_tstring_less@@V?$allocator@UPLAYERINFO@CFriendMgr@@@2@@2@U_tstring_less@@V?$allocator@UPLAYERINFO@CFriendMgr@@@2@@std@@QAEXXZ 00414f70 f i FriendMgr.obj
 0001:00014020       ?insert@?$map@UADDFRIENDKEY@CFriendMgr@@UADDFRIENDVALUE@2@U?$less@UADDFRIENDKEY@CFriendMgr@@@std@@V?$allocator@UADDFRIENDVALUE@CFriendMgr@@@5@@std@@QAE?AU?$pair@Viterator@?$_Tree@UADDFRIENDKEY@CFriendMgr@@U?$pair@$$CBUADDFRIENDKEY@CFriendMgr@@UADDFRIENDVALUE@2@@std@@U_Kfn@?$map@UADDFRIENDKEY@CFriendMgr@@UADDFRIENDVALUE@2@U?$less@UADDFRIENDKEY@CFriendMgr@@@std@@V?$allocator@UADDFRIENDVALUE@CFriendMgr@@@5@@4@U?$less@UADDFRIENDKEY@CFriendMgr@@@4@V?$allocator@UADDFRIENDVALUE@CFriendMgr@@@4@@std@@_N@2@ABU?$pair@$$CBUADDFRIENDKEY@CFriendMgr@@UADDFRIENDVALUE@2@@2@@Z 00415020 f i FriendMgr.obj
 0001:00014050       ?erase@?$_Tree@UADDFRIENDKEY@CFriendMgr@@U?$pair@$$CBUADDFRIENDKEY@CFriendMgr@@UADDFRIENDVALUE@2@@std@@U_Kfn@?$map@UADDFRIENDKEY@CFriendMgr@@UADDFRIENDVALUE@2@U?$less@UADDFRIENDKEY@CFriendMgr@@@std@@V?$allocator@UADDFRIENDVALUE@CFriendMgr@@@5@@4@U?$less@UADDFRIENDKEY@CFriendMgr@@@4@V?$allocator@UADDFRIENDVALUE@CFriendMgr@@@4@@std@@QAE?AViterator@12@V312@@Z 00415050 f i FriendMgr.obj
 0001:000145c0       ?erase@?$_Tree@UADDFRIENDKEY@CFriendMgr@@U?$pair@$$CBUADDFRIENDKEY@CFriendMgr@@UADDFRIENDVALUE@2@@std@@U_Kfn@?$map@UADDFRIENDKEY@CFriendMgr@@UADDFRIENDVALUE@2@U?$less@UADDFRIENDKEY@CFriendMgr@@@std@@V?$allocator@UADDFRIENDVALUE@CFriendMgr@@@5@@4@U?$less@UADDFRIENDKEY@CFriendMgr@@@4@V?$allocator@UADDFRIENDVALUE@CFriendMgr@@@4@@std@@QAE?AViterator@12@V312@0@Z 004155c0 f i FriendMgr.obj
 0001:00014700       ?find@?$_Tree@UADDFRIENDKEY@CFriendMgr@@U?$pair@$$CBUADDFRIENDKEY@CFriendMgr@@UADDFRIENDVALUE@2@@std@@U_Kfn@?$map@UADDFRIENDKEY@CFriendMgr@@UADDFRIENDVALUE@2@U?$less@UADDFRIENDKEY@CFriendMgr@@@std@@V?$allocator@UADDFRIENDVALUE@CFriendMgr@@@5@@4@U?$less@UADDFRIENDKEY@CFriendMgr@@@4@V?$allocator@UADDFRIENDVALUE@CFriendMgr@@@4@@std@@QAE?AViterator@12@ABUADDFRIENDKEY@CFriendMgr@@@Z 00415700 f i FriendMgr.obj
 0001:00014790       ?insert@?$list@UMEM_FRIENDRECORD@CFriendMgr@@V?$allocator@UMEM_FRIENDRECORD@CFriendMgr@@@std@@@std@@QAE?AViterator@12@V312@ABUMEM_FRIENDRECORD@CFriendMgr@@@Z 00415790 f i FriendMgr.obj
[...]
 0001:00041300       ___bam_set_bt_minkey       00442300 f   libdb41s:bt_method.obj
 0001:00041360       ___bam_set_bt_prefix       00442360 f   libdb41s:bt_method.obj
 0001:00041430       ___ram_set_re_delim        00442430 f   libdb41s:bt_method.obj
 0001:00041490       ___ram_set_re_len          00442490 f   libdb41s:bt_method.obj
 0001:000414f0       ___ram_set_re_pad          004424f0 f   libdb41s:bt_method.obj
 0001:00041550       ___ram_set_re_source       00442550 f   libdb41s:bt_method.obj
 0001:00040f30       ___ham_set_h_ffactor       00441f30 f   libdb41s:hash_method.obj
 0001:00040f80       ___ham_set_h_hash          00441f80 f   libdb41s:hash_method.obj
 0001:00040fd0       ___ham_set_h_nelem         00441fd0 f   libdb41s:hash_method.obj
 0001:00040830       ___qam_set_extentsize      00441830 f   libdb41s:qam_method.obj
 0001:00040560       ___xa_open                 00441560 f   libdb41s:xa_db.obj
 0001:000405f0       ___xa_cursor               004415f0 f   libdb41s:xa_db.obj
 0001:00040630       ___xa_del                  00441630 f   libdb41s:xa_db.obj
 0001:00040670       ___xa_close                00441670 f   libdb41s:xa_db.obj
 0001:000406a0       ___xa_get                  004416a0 f   libdb41s:xa_db.obj
 0001:000406e0       ___xa_put                  004416e0 f   libdb41s:xa_db.obj
 0001:0003fcc0       ___db_subdb_remove         00440cc0 f   libdb41s:db_remove.obj
 0001:0003fdf0       ___db_dbtxn_remove         00440df0 f   libdb41s:db_remove.obj
 0001:0003f870       ___db_subdb_rename         00440870 f   libdb41s:db_rename.obj
 0001:0003df40       ___dbenv_iremove           0043ef40 f   libdb41s:env_open.obj
 0001:0003dfa0       ___dbenv_config            0043efa0 f   libdb41s:env_open.obj
 0001:0003e2b0       ___dbenv_refresh           0043f2b0 f   libdb41s:env_open.obj
 0001:0003e790       ___db_parse                0043f790 f   libdb41s:env_open.obj
 0001:0003f350       ___db_tmp_open             00440350 f   libdb41s:env_open.obj
 0001:0003d8d0       ___log_set_lg_bsize        0043e8d0 f   libdb41s:log_method.obj
 0001:0003d930       ___log_set_lg_max          0043e930 f   libdb41s:log_method.obj
 0001:0003d9b0       ___log_set_lg_regionmax    0043e9b0 f   libdb41s:log_method.obj
 0001:0003da00       ___log_set_lg_dir          0043ea00 f   libdb41s:log_method.obj
 0001:0003d640       ___lock_set_lk_conflicts   0043e640 f   libdb41s:lock_method.obj
 0001:0003d6c0       ___lock_set_lk_detect      0043e6c0 f   libdb41s:lock_method.obj
 0001:0003d710       ___lock_set_lk_max         0043e710 f   libdb41s:lock_method.obj
 0001:0003d740       ___lock_set_lk_max_locks   0043e740 f   libdb41s:lock_method.obj
 0001:0003d770       ___lock_set_lk_max_lockers 0043e770 f   libdb41s:lock_method.obj
 0001:0003d7a0       ___lock_set_lk_max_objects 0043e7a0 f   libdb41s:lock_method.obj
 0001:0003d7d0       ___lock_set_env_timeout    0043e7d0 f   libdb41s:lock_method.obj
 0001:0003d480       ___memp_set_cachesize      0043e480 f   libdb41s:mp_method.obj
 0001:0003d550       ___memp_set_mp_mmapsize    0043e550 f   libdb41s:mp_method.obj
 0001:0003bf30       ___rep_start               0043cf30 f   libdb41s:rep_method.obj
 0001:0003c290       ___rep_client_dbinit       0043d290 f   libdb41s:rep_method.obj
 0001:0003c400       ___rep_bt_cmp              0043d400 f   libdb41s:rep_method.obj
 0001:0003c470       ___rep_abort_prepared      0043d470 f   libdb41s:rep_method.obj
 0001:0003c550       ___rep_restore_prepared    0043d550 f   libdb41s:rep_method.obj
 0001:0003c910       ___rep_set_limit           0043d910 f   libdb41s:rep_method.obj
 0001:0003c9c0       ___rep_set_request         0043d9c0 f   libdb41s:rep_method.obj
 0001:0003caa0       ___rep_set_rep_transport   0043daa0 f   libdb41s:rep_method.obj
 0001:0003cb40       ___rep_elect               0043db40 f   libdb41s:rep_method.obj
 0001:0003ce30       ___rep_elect_init          0043de30 f   libdb41s:rep_method.obj
 0001:0003cf80       ___rep_wait                0043df80 f   libdb41s:rep_method.obj
 0001:0003d050       ___rep_flush               0043e050 f   libdb41s:rep_method.obj
 0001:0003d130       ___rep_stat                0043e130 f   libdb41s:rep_method.obj
 0001:0003be50       ___txn_set_tx_max          0043ce50 f   libdb41s:txn_method.obj
 0001:0003be80       ___txn_set_tx_timestamp    0043ce80 f   libdb41s:txn_method.obj
 0001:0003b160       ___db_init                 0043c160 f   libdb41s:db_method.obj
 0001:0003b3e0       ___dbh_err                 0043c3e0 f   libdb41s:db_method.obj
 0001:0003b460       ___dbh_errx                0043c460 f   libdb41s:db_method.obj
 0001:0003b4e0       ___db_get_byteswapped      0043c4e0 f   libdb41s:db_method.obj
 0001:0003b520       ___db_get_type             0043c520 f   libdb41s:db_method.obj
 0001:0003b550       ___db_key_range            0043c550 f   libdb41s:db_method.obj
 0001:0003b590       ___db_set_append_recno     0043c590 f   libdb41s:db_method.obj
 0001:0003b5d0       ___db_set_cachesize        0043c5d0 f   libdb41s:db_method.obj
 0001:0003b630       ___db_set_cache_priority   0043c630 f   libdb41s:db_method.obj
 0001:0003b660       ___db_set_dup_compare      0043c660 f   libdb41s:db_method.obj
 0001:0003b6b0       ___db_set_encrypt          0043c6b0 f   libdb41s:db_method.obj
 0001:0003b730       ___db_set_errcall          0043c730 f   libdb41s:db_method.obj
 0001:0003b750       ___db_set_errfile          0043c750 f   libdb41s:db_method.obj
 0001:0003b770       ___db_set_errpfx           0043c770 f   libdb41s:db_method.obj
 0001:0003b790       ___db_set_feedback         0043c790 f   libdb41s:db_method.obj
 0001:0003b7a0       ___db_set_flags            0043c7a0 f   libdb41s:db_method.obj
 0001:0003b8c0       ___db_set_alloc            0043c8c0 f   libdb41s:db_method.obj
 0001:0003b920       ___db_set_pagesize         0043c920 f   libdb41s:db_method.obj
 0001:0003b9b0       ___db_set_paniccall        0043c9b0 f   libdb41s:db_method.obj
 0001:0003b9d0       ___db_stat_fail            0043c9d0 f   libdb41s:db_method.obj
 0001:0003a900       ___dbenv_init              0043b900 f   libdb41s:env_method.obj
 0001:0003aa20       ___dbenv_err               0043ba20 f   libdb41s:env_method.obj
 0001:0003aa90       ___dbenv_errx              0043ba90 f   libdb41s:env_method.obj
 0001:0003ab00       ___dbenv_set_alloc         0043bb00 f   libdb41s:env_method.obj
 0001:0003ab40       ___dbenv_set_app_dispatch  0043bb40 f   libdb41s:env_method.obj
 0001:0003ab70       ___dbenv_set_encrypt       0043bb70 f   libdb41s:env_method.obj
 0001:0003ab80       ___dbenv_set_flags         0043bb80 f   libdb41s:env_method.obj
 0001:0003adc0       ___dbenv_set_data_dir      0043bdc0 f   libdb41s:env_method.obj
 0001:0003ae50       ___dbenv_set_errcall       0043be50 f   libdb41s:env_method.obj
 0001:0003ae60       ___dbenv_set_errfile       0043be60 f   libdb41s:env_method.obj
 0001:0003ae70       ___dbenv_set_errpfx        0043be70 f   libdb41s:env_method.obj
 0001:0003ae80       ___dbenv_set_feedback      0043be80 f   libdb41s:env_method.obj
 0001:0003ae90       ___dbenv_set_paniccall     0043be90 f   libdb41s:env_method.obj
 0001:0003aea0       ___dbenv_set_shm_key       0043bea0 f   libdb41s:env_method.obj
 0001:0003aed0       ___dbenv_set_tas_spins     0043bed0 f   libdb41s:env_method.obj
 0001:0003aef0       ___dbenv_set_tmp_dir       0043bef0 f   libdb41s:env_method.obj
 0001:0003af30       ___dbenv_set_verbose       0043bf30 f   libdb41s:env_method.obj
 0001:0003b050       ___dbenv_set_rpc_server_noclnt 0043c050 f   libdb41s:env_method.obj
 0001:000a71e0       _$E24                      004a81e0 f   libcpmt:string.obj
 0001:000a720a       _$E20                      004a820a f   libcpmt:string.obj
 0001:000a7216       _$E23                      004a8216 f   libcpmt:string.obj
 0001:000a6e8e       ?_CleanUp@std@@YAXXZ       004a7e8e f   libcpmt:xlock.obj
 0001:000b4247       _TranslateName             004b5247 f   LIBCMT:getqloc.obj
 0001:000b429f       _GetLcidFromLangCountry    004b529f f   LIBCMT:getqloc.obj
 0001:000b4326       _LangCountryEnumProc@4     004b5326 f   LIBCMT:getqloc.obj
 0001:000b452a       _GetLcidFromLanguage       004b552a f   LIBCMT:getqloc.obj
 0001:000b4580       _LanguageEnumProc@4        004b5580 f   LIBCMT:getqloc.obj
 0001:000b463d       _GetLcidFromCountry        004b563d f   LIBCMT:getqloc.obj
 0001:000b4674       _CountryEnumProc@4         004b5674 f   LIBCMT:getqloc.obj
 0001:000b46fa       _GetLcidFromDefault        004b56fa f   LIBCMT:getqloc.obj
 0001:000b4714       _ProcessCodePage           004b5714 f   LIBCMT:getqloc.obj
 0001:000b477a       _TestDefaultCountry        004b577a f   LIBCMT:getqloc.obj
 0001:000b4799       _TestDefaultLanguage       004b5799 f   LIBCMT:getqloc.obj
 0001:000b47fb       _IsThisWindowsNT           004b57fb f   LIBCMT:getqloc.obj
 0001:000b4831       _crtGetLocaleInfoA@16      004b5831 f   LIBCMT:getqloc.obj
 0001:000b4917       _LcidFromHexString         004b5917 f   LIBCMT:getqloc.obj
 0001:000b4950       _GetPrimaryLen             004b5950 f   LIBCMT:getqloc.obj
 0001:000b3c5c       __get_lc_lconv             004b4c5c f   LIBCMT:initmon.obj
 0001:000b3d7e       _fix_grouping              004b4d7e f   LIBCMT:initmon.obj
 0001:000b3db5       __free_lc_lconv            004b4db5 f   LIBCMT:initmon.obj
 0001:000b3b5a       _fix_grouping              004b4b5a f   LIBCMT:initnum.obj
 0001:000b34a7       __get_lc_time              004b44a7 f   LIBCMT:inittime.obj
 0001:000b37f5       __free_lc_time             004b47f5 f   LIBCMT:inittime.obj
 0001:000b2f13       _findenv                   004b3f13 f   LIBCMT:setenv.obj
 0001:000b2f6b       _copy_environ              004b3f6b f   LIBCMT:setenv.obj
 0001:000b2d61       _strncnt                   004b3d61 f   LIBCMT:a_cmp.obj
 0001:000b217e       _x_ismbbtype               004b317e f   LIBCMT:ismbbyte.obj
 0001:000b1785       __abstract_cw              004b2785 f   LIBCMT:ieee87.obj
 0001:000b1817       __hw_cw                    004b2817 f   LIBCMT:ieee87.obj
 0001:000b18a0       __abstract_sw              004b28a0 f   LIBCMT:ieee87.obj
 0001:000b1469       _store_dt                  004b2469 f   LIBCMT:asctime.obj
 0001:000b0f6c       __setlocale_set_cat        004b1f6c f   LIBCMT:setlocal.obj
 0001:000b1087       __setlocale_get_all        004b2087 f   LIBCMT:setlocal.obj
 0001:000b0738       _ctrlevent_capture@4       004b1738 f   LIBCMT:winsig.obj
 0001:000b091c       _siglookup                 004b191c f   LIBCMT:winsig.obj
 0001:000b052a       __hextodec                 004b152a f   LIBCMT:input.obj
 0001:000b0561       __inc                      004b1561 f   LIBCMT:input.obj
 0001:000b057b       __un_inc                   004b157b f   LIBCMT:input.obj
 0001:000b0592       __whiteout                 004b1592 f   LIBCMT:input.obj
 0001:000aed4a       _parse_cmdline             004afd4a f   LIBCMT:stdargv.obj
 0001:000ae440       __tzset_lk                 004af440 f   LIBCMT:tzset.obj
 0001:000ae6e8       __isindst_lk               004af6e8 f   LIBCMT:tzset.obj
 0001:000ae894       _cvtdate                   004af894 f   LIBCMT:tzset.obj
 0001:000ae27b       _xcptlookup                004af27b f   LIBCMT:winxfltr.obj
 0001:000adfaa       _strncnt                   004aefaa f   LIBCMT:a_map.obj
 0001:000aca6d       __cftoe2                   004ada6d f   LIBCMT:cvt.obj
 0001:000acb84       __cftof2                   004adb84 f   LIBCMT:cvt.obj
 0001:000acd0f       __shift                    004add0f f   LIBCMT:cvt.obj
 0001:000ac7cc       _write_char                004ad7cc f   LIBCMT:output.obj
 0001:000ac801       _write_multi_char          004ad801 f   LIBCMT:output.obj
 0001:000ac832       _write_string              004ad832 f   LIBCMT:output.obj
 0001:000ac86a       _get_int_arg               004ad86a f   LIBCMT:output.obj
 0001:000ac877       _get_int64_arg             004ad877 f   LIBCMT:output.obj
 0001:000ac887       _get_short_arg             004ad887 f   LIBCMT:output.obj
 0001:000abea2       _doexit                    004acea2 f   LIBCMT:crt0dat.obj
 0001:000abf59       __initterm                 004acf59 f   LIBCMT:crt0dat.obj
 0001:000aba63       _getSystemCP               004aca63 f   LIBCMT:mbctype.obj
 0001:000abaad       _CPtoLCID                  004acaad f   LIBCMT:mbctype.obj
 0001:000abae0       _setSBCS                   004acae0 f   LIBCMT:mbctype.obj
 0001:000abb09       _setSBUpLow                004acb09 f   LIBCMT:mbctype.obj
 0001:000aad60       ?FindHandler@@YAXPAUEHExceptionRecord@@PAUEHRegistrationNode@@PAU_CONTEXT@@PAXPBU_s_FuncInfo@@EH1@Z 004abd60 f   LIBCMT:frame.obj
 0001:000aaf13       ?FindHandlerForForeignException@@YAXPAUEHExceptionRecord@@PAUEHRegistrationNode@@PAU_CONTEXT@@PAXPBU_s_FuncInfo@@HH1@Z 004abf13 f   LIBCMT:frame.obj
 0001:000aafbd       ?TypeMatch@@YAHPBU_s_HandlerType@@PBU_s_CatchableType@@PBU_s_ThrowInfo@@@Z 004abfbd f   LIBCMT:frame.obj
 0001:000ab0b8       ?FrameUnwindFilter@@YAHPAU_EXCEPTION_POINTERS@@@Z 004ac0b8 f   LIBCMT:frame.obj
 0001:000ab0ce       ?CatchIt@@YAXPAUEHExceptionRecord@@PAUEHRegistrationNode@@PAU_CONTEXT@@PAXPBU_s_FuncInfo@@PBU_s_HandlerType@@PBU_s_CatchableType@@PBU_s_TryBlockMapEntry@@H1E@Z 004ac0ce f   LIBCMT:frame.obj
 0001:000ab149       ?CallCatchBlock@@YAPAXPAUEHExceptionRecord@@PAUEHRegistrationNode@@PAU_CONTEXT@@PBU_s_FuncInfo@@PAXHK@Z 004ac149 f   LIBCMT:frame.obj
 0001:000ab264       ?ExFilterRethrow@@YAHPAU_EXCEPTION_POINTERS@@@Z 004ac264 f   LIBCMT:frame.obj
 0001:000ab28e       ?BuildCatchObject@@YAXPAUEHExceptionRecord@@PAUEHRegistrationNode@@PBU_s_HandlerType@@PBU_s_CatchableType@@@Z 004ac28e f   LIBCMT:frame.obj
 0001:000ab4b9       ?AdjustPointer@@YAPAXPAXABUPMD@@@Z 004ac4b9 f   LIBCMT:frame.obj
 0001:000aaa00       LeadUp1                    004aba00 f   LIBCMT:memcpy.obj
 0001:000aaa2c       LeadUp2                    004aba2c f   LIBCMT:memcpy.obj
 0001:000aaa50       LeadUp3                    004aba50 f   LIBCMT:memcpy.obj
 0001:000aaacf       UnwindUp0                  004abacf f   LIBCMT:memcpy.obj
 0001:000aaabc       UnwindUp1                  004ababc f   LIBCMT:memcpy.obj
 0001:000aaab4       UnwindUp2                  004abab4 f   LIBCMT:memcpy.obj
 0001:000aaaac       UnwindUp3                  004abaac f   LIBCMT:memcpy.obj
 0001:000aaaa4       UnwindUp4                  004abaa4 f   LIBCMT:memcpy.obj
 0001:000aaa9c       UnwindUp5                  004aba9c f   LIBCMT:memcpy.obj
 0001:000aaa94       UnwindUp6                  004aba94 f   LIBCMT:memcpy.obj
 0001:000aaa8c       UnwindUp7                  004aba8c f   LIBCMT:memcpy.obj
 0001:000aaae8       TrailUp0                   004abae8 f   LIBCMT:memcpy.obj
 0001:000aaaf0       TrailUp1                   004abaf0 f   LIBCMT:memcpy.obj
 0001:000aaafc       TrailUp2                   004abafc f   LIBCMT:memcpy.obj
 0001:000aab10       TrailUp3                   004abb10 f   LIBCMT:memcpy.obj
 0001:000aab88       LeadDown1                  004abb88 f   LIBCMT:memcpy.obj
 0001:000aaba8       LeadDown2                  004abba8 f   LIBCMT:memcpy.obj
 0001:000aabd0       LeadDown3                  004abbd0 f   LIBCMT:memcpy.obj
 0001:000aac24       UnwindDown7                004abc24 f   LIBCMT:memcpy.obj
 0001:000aac2c       UnwindDown6                004abc2c f   LIBCMT:memcpy.obj
 0001:000aac34       UnwindDown5                004abc34 f   LIBCMT:memcpy.obj
 0001:000aac3c       UnwindDown4                004abc3c f   LIBCMT:memcpy.obj
 0001:000aac44       UnwindDown3                004abc44 f   LIBCMT:memcpy.obj
 0001:000aac4c       UnwindDown2                004abc4c f   LIBCMT:memcpy.obj
 0001:000aac54       UnwindDown1                004abc54 f   LIBCMT:memcpy.obj
 0001:000aac67       UnwindDown0                004abc67 f   LIBCMT:memcpy.obj
 0001:000aac80       TrailDown0                 004abc80 f   LIBCMT:memcpy.obj
 0001:000aac88       TrailDown1                 004abc88 f   LIBCMT:memcpy.obj
 0001:000aac98       TrailDown2                 004abc98 f   LIBCMT:memcpy.obj
 0001:000aacac       TrailDown3                 004abcac f   LIBCMT:memcpy.obj
 0001:000a9a84       __expandtime               004aaa84 f   LIBCMT:strftime.obj
 0001:000a9e73       __store_str                004aae73 f   LIBCMT:strftime.obj
 0001:000a9e9a       __store_num                004aae9a f   LIBCMT:strftime.obj
 0001:000a9f09       __store_number             004aaf09 f   LIBCMT:strftime.obj
 0001:000a9f52       __store_winword            004aaf52 f   LIBCMT:strftime.obj
 0001:000a93f4       _shortsort                 004aa3f4 f   LIBCMT:qsort.obj
 0001:000a9442       _swap                      004aa442 f   LIBCMT:qsort.obj
 0001:000a8fd5       _flsall                    004a9fd5 f   LIBCMT:fflush.obj
 0001:000a8a66       _fast_error_exit           004a9a66 f   LIBCMT:wincrt0.obj
 0001:000a83d6       __threadstartex@4          004a93d6 f   LIBCMT:threadex.obj
 0001:000a7a70       LeadUp1                    004a8a70 f   LIBCMT:memmove.obj
 0001:000a7a9c       LeadUp2                    004a8a9c f   LIBCMT:memmove.obj
 0001:000a7ac0       LeadUp3                    004a8ac0 f   LIBCMT:memmove.obj
 0001:000a7b3f       UnwindUp0                  004a8b3f f   LIBCMT:memmove.obj
 0001:000a7b2c       UnwindUp1                  004a8b2c f   LIBCMT:memmove.obj
 0001:000a7b24       UnwindUp2                  004a8b24 f   LIBCMT:memmove.obj
 0001:000a7b1c       UnwindUp3                  004a8b1c f   LIBCMT:memmove.obj
 0001:000a7b14       UnwindUp4                  004a8b14 f   LIBCMT:memmove.obj
 0001:000a7b0c       UnwindUp5                  004a8b0c f   LIBCMT:memmove.obj
 0001:000a7b04       UnwindUp6                  004a8b04 f   LIBCMT:memmove.obj
 0001:000a7afc       UnwindUp7                  004a8afc f   LIBCMT:memmove.obj
 0001:000a7b58       TrailUp0                   004a8b58 f   LIBCMT:memmove.obj
 0001:000a7b60       TrailUp1                   004a8b60 f   LIBCMT:memmove.obj
 0001:000a7b6c       TrailUp2                   004a8b6c f   LIBCMT:memmove.obj
 0001:000a7b80       TrailUp3                   004a8b80 f   LIBCMT:memmove.obj
 0001:000a7bf8       LeadDown1                  004a8bf8 f   LIBCMT:memmove.obj
 0001:000a7c18       LeadDown2                  004a8c18 f   LIBCMT:memmove.obj
 0001:000a7c40       LeadDown3                  004a8c40 f   LIBCMT:memmove.obj
 0001:000a7c94       UnwindDown7                004a8c94 f   LIBCMT:memmove.obj
 0001:000a7c9c       UnwindDown6                004a8c9c f   LIBCMT:memmove.obj
 0001:000a7ca4       UnwindDown5                004a8ca4 f   LIBCMT:memmove.obj
 0001:000a7cac       UnwindDown4                004a8cac f   LIBCMT:memmove.obj
 0001:000a7cb4       UnwindDown3                004a8cb4 f   LIBCMT:memmove.obj
 0001:000a7cbc       UnwindDown2                004a8cbc f   LIBCMT:memmove.obj
 0001:000a7cc4       UnwindDown1                004a8cc4 f   LIBCMT:memmove.obj
 0001:000a7cd7       UnwindDown0                004a8cd7 f   LIBCMT:memmove.obj
 0001:000a7cf0       TrailDown0                 004a8cf0 f   LIBCMT:memmove.obj
 0001:000a7cf8       TrailDown1                 004a8cf8 f   LIBCMT:memmove.obj
 0001:000a7d08       TrailDown2                 004a8d08 f   LIBCMT:memmove.obj
 0001:000a7d1c       TrailDown3                 004a8d1c f   LIBCMT:memmove.obj
 0001:000a788c       _xtoa                      004a888c f   LIBCMT:xtoa.obj
 0001:000a795e       _x64toa@20                 004a895e f   LIBCMT:xtoa.obj
 0001:000a7550       _gu_return                 004a8550 f   LIBCMT:exsup.obj
 0001:000a7558       __unwind_handler           004a8558 f   LIBCMT:exsup.obj
 0001:000a736d       ?CatchGuardHandler@@YA?AW4_EXCEPTION_DISPOSITION@@PAUEHExceptionRecord@@PAUCatchGuardRN@@PAX2@Z 004a836d f   LIBCMT:trnsctrl.obj
 0001:000a7448       ?TranslatorGuardHandler@@YA?AW4_EXCEPTION_DISPOSITION@@PAUEHExceptionRecord@@PAUTranslatorGuardRN@@PAX2@Z 004a8448 f   LIBCMT:trnsctrl.obj
